I (178055) j1850: raw  1: low  175186005 us
I (178055) j1850: raw  2: HIGH   189 us
I (178055) j1850: raw  3: low     76 us
I (178055) j1850: raw  4: HIGH    52 us
I (178058) j1850: raw  5: low    141 us
I (178062) j1850: raw  6: HIGH   116 us
I (178065) j1850: raw  7: low    141 us
I (178069) j1850: raw  8: HIGH   116 us
I (178072) j1850: raw  9: low     80 us
I (178076) j1850: raw 10: HIGH   113 us
I (178079) j1850: raw 11: low    141 us
I (178083) j1850: raw 12: HIGH    51 us
I (178087) j1850: raw 13: low    142 us
I (178090) j1850: raw 14: HIGH    51 us
I (178094) j1850: raw 15: low    141 us
I (178097) j1850: raw 16: HIGH    52 us
I (178101) j1850: raw 17: low    141 us
I (178104) j1850: raw 18: HIGH    51 us
I (178108) j1850: raw 19: low     76 us
I (178111) j1850: raw 20: HIGH    52 us
I (178115) j1850: raw 21: low     76 us
I (178119) j1850: raw 22: HIGH   117 us
I (178122) j1850: raw 23: low     76 us
I (178126) j1850: raw 24: HIGH   117 us
I (178129) j1850: raw 25: low     75 us
I (178133) j1850: raw 26: HIGH   117 us
I (178136) j1850: raw 27: low     76 us
I (178140) j1850: raw 28: HIGH   117 us
I (178143) j1850: raw 29: low     76 us
I (178147) j1850: raw 30: HIGH   116 us
I (178151) j1850: raw 31: low     76 us
I (178154) j1850: raw 32: HIGH   117 us
I (178158) j1850: raw 33: low    141 us
I (178161) j1850: raw 34: HIGH   117 us
I (178165) j1850: raw 35: low    141 us
I (178168) j1850: raw 36: HIGH    51 us
I (178172) j1850: raw 37: low     76 us
I (178176) j1850: raw 38: HIGH   117 us
I (178179) j1850: raw 39: low     76 us
I (178183) j1850: raw 40: HIGH    51 us
I (178186) j1850: raw 41: low     76 us
I (178190) j1850: raw 42: HIGH    52 us
I (178193) j1850: raw 43: low  98326 us
I (178197) j1850: 68 FF 40 02 C5 | CRC OK
I (178201) j1850: raw 44: HIGH   190 us
I (178204) j1850: raw 45: low     75 us
I (178208) j1850: raw 46: HIGH    52 us
I (178211) j1850: raw 47: low     76 us
I (178215) j1850: raw 48: HIGH   117 us
I (178218) j1850: raw 49: low    141 us
I (178222) j1850: raw 50: HIGH   116 us
I (178226) j1850: raw 51: low     76 us
I (178229) j1850: raw 52: HIGH   117 us
I (178233) j1850: raw 53: low    141 us
I (178236) j1850: raw 54: HIGH   117 us
I (178240) j1850: raw 55: low     75 us
I (178243) j1850: raw 56: HIGH    52 us
I (178247) j1850: raw 57: low     76 us
I (178250) j1850: raw 58: HIGH   117 us
I (178254) j1850: raw 59: low    141 us
I (178258) j1850: raw 60: HIGH   116 us
I (178261) j1850: raw 61: low     76 us
I (178265) j1850: raw 62: HIGH    52 us
I (178268) j1850: raw 63: low     76 us
I (178272) j1850: raw 64: HIGH   117 us
I (178275) j1850: 48 92 40 AA FF FF 5B | CRC OK
I (178280) j1850: 48 92 40 AA FF FF 5B | CRC OK
I (178284) j1850: 68 FF 40 03 D8 | CRC OK
I (178288) j1850: 68 93 60 AA FF FF 53 | CRC OK
I (178292) j1850: 48 DA 40 39 00 70 | CRC OK
I (178296) j1850: 29 FE 40 01 64 | CRC OK
I (178300) j1850: 48 3B 40 02 29 | CRC OK
I (178305) j1850: 48 3B 40 20 94 | CRC OK
I (178417) j1850: 48 DA 40 39 00 70 | CRC OK
I (178639) j1850: 29 FE 60 01 11 | CRC OK
I (178737) j1850: 29 FE 60 01 11 | CRC OK
I (178743) j1850: 68 FF 60 03 AD | CRC OK
I (179970) j1850: 68 FF 40 03 D8 | CRC OK
I (179980) j1850: 29 FE 40 01 64 | CRC OK
I (180754) j1850: 29 FE 60 01 11 | CRC OK
I (180760) j1850: 68 FF 60 03 AD | CRC OK
I (180853) j1850: 48 DA 40 39 00 70 | CRC OK
I (181981) j1850: 48 92 40 2A 00 00 1E | CRC OK
I (181998) j1850: 68 FF 40 03 D8 | CRC OK
I (182006) j1850: 68 93 60 2A 00 00 16 | CRC OK
I (182012) j1850: 29 FE 40 01 64 | CRC OK
I (182775) j1850: 29 FE 60 01 11 | CRC OK
I (182781) j1850: 68 FF 60 03 AD | CRC OK
I (182903) j1850: stats: 24 frames, 0 bad CRC, 0 overruns, 1112 edges, 0 same-level
I (183290) j1850: 48 DA 40 39 00 70 | CRC OK
I (184030) j1850: 68 FF 40 03 D8 | CRC OK
I (184040) j1850: 29 FE 40 01 64 | CRC OK
I (184790) j1850: 29 FE 60 01 11 | CRC OK
I (184799) j1850: 68 FF 60 03 AD | CRC OK
I (186060) j1850: 68 FF 40 03 D8 | CRC OK
I (186070) j1850: 29 FE 40 01 64 | CRC OK
I (186806) j1850: 29 FE 60 01 11 | CRC OK
I (186812) j1850: 68 FF 60 03 AD | CRC OK
I (188090) j1850: 68 FF 40 03 D8 | CRC OK
I (188100) j1850: 29 FE 40 01 64 | CRC OK
I (188823) j1850: 29 FE 60 01 11 | CRC OK
I (188829) j1850: 68 FF 60 03 AD | CRC OK
I (190120) j1850: 68 FF 40 03 D8 | CRC OK
I (190130) j1850: 29 FE 40 01 64 | CRC OK
I (190842) j1850: 29 FE 60 01 11 | CRC OK
I (190848) j1850: 68 FF 60 03 AD | CRC OK
I (192150) j1850: 68 FF 40 03 D8 | CRC OK
I (192160) j1850: 29 FE 40 01 64 | CRC OK
I (192865) j1850: 29 FE 60 01 11 | CRC OK
I (192871) j1850: 68 FF 60 03 AD | CRC OK
I (192905) j1850: stats: 45 frames, 0 bad CRC, 0 overruns, 890 edges, 0 same-level
I (194180) j1850: 68 FF 40 03 D8 | CRC OK
I (194190) j1850: 29 FE 40 01 64 | CRC OK
I (194876) j1850: 29 FE 60 01 11 | CRC OK
I (194889) j1850: 68 FF 60 03 AD | CRC OK
I (196210) j1850: 68 FF 40 03 D8 | CRC OK
I (196220) j1850: 29 FE 40 01 64 | CRC OK
I (196892) j1850: 29 FE 60 01 11 | CRC OK
I (196898) j1850: 68 FF 60 03 AD | CRC OK
I (198240) j1850: 68 FF 40 03 D8 | CRC OK
I (198250) j1850: 29 FE 40 01 64 | CRC OK
I (198909) j1850: 29 FE 60 01 11 | CRC OK
I (198915) j1850: 68 FF 60 03 AD | CRC OK
I (200270) j1850: 68 FF 40 03 D8 | CRC OK
I (200280) j1850: 29 FE 40 01 64 | CRC OK
I (200926) j1850: 29 FE 60 01 11 | CRC OK
I (200932) j1850: 68 FF 60 03 AD | CRC OK
I (202300) j1850: 68 FF 40 03 D8 | CRC OK
I (202310) j1850: 29 FE 40 01 64 | CRC OK
I (202906) j1850: stats: 63 frames, 0 bad CRC, 0 overruns, 756 edges, 0 same-level
I (202948) j1850: 29 FE 60 01 11 | CRC OK
I (202954) j1850: 68 FF 60 03 AD | CRC OK
I (204330) j1850: 68 FF 40 03 D8 | CRC OK
I (204340) j1850: 29 FE 40 01 64 | CRC OK
I (204962) j1850: 29 FE 60 01 11 | CRC OK
I (204971) j1850: 68 FF 60 03 AD | CRC OK
I (206360) j1850: 68 FF 40 03 D8 | CRC OK
I (206370) j1850: 29 FE 40 01 64 | CRC OK
I (206978) j1850: 29 FE 60 01 11 | CRC OK
I (206984) j1850: 68 FF 60 03 AD | CRC OK
I (208390) j1850: 68 FF 40 03 D8 | CRC OK
I (208400) j1850: 29 FE 40 01 64 | CRC OK
I (208995) j1850: 29 FE 60 01 11 | CRC OK
I (209001) j1850: 68 FF 60 03 AD | CRC OK
I (210420) j1850: 68 FF 40 03 D8 | CRC OK
I (210431) j1850: 29 FE 40 01 64 | CRC OK
I (211013) j1850: 29 FE 60 01 11 | CRC OK
I (211019) j1850: 68 FF 60 03 AD | CRC OK
I (212450) j1850: 68 FF 40 03 D8 | CRC OK
I (212460) j1850: 29 FE 40 01 64 | CRC OK
I (212908) j1850: stats: 83 frames, 0 bad CRC, 0 overruns, 840 edges, 0 same-level
I (213038) j1850: 29 FE 60 01 11 | CRC OK
I (213044) j1850: 68 FF 60 03 AD | CRC OK
I (214480) j1850: 68 FF 40 03 D8 | CRC OK
I (214490) j1850: 29 FE 40 01 64 | CRC OK
I (215048) j1850: 29 FE 60 01 11 | CRC OK
I (215061) j1850: 68 FF 60 03 AD | CRC OK
I (216510) j1850: 68 FF 40 03 D8 | CRC OK
I (216520) j1850: 29 FE 40 01 64 | CRC OK
I (217064) j1850: 29 FE 60 01 11 | CRC OK
I (217070) j1850: 68 FF 60 03 AD | CRC OK
I (218541) j1850: 68 FF 40 03 D8 | CRC OK
I (218551) j1850: 29 FE 40 01 64 | CRC OK
