ESP-ROM:esp32p4-eco2-20240710
Build:Jul 10 2024
rst:0x1 (POWERON),boot:0x20f (SPI_FAST_FLASH_BOOT)
SPI mode:DIO, clock div:1
load:0x4ff33ce0,len:0x1738
load:0x4ff29ed0,len:0xfa8
load:0x4ff2cbd0,len:0x368c
entry 0x4ff29eda
I (25) boot: ESP-IDF v6.0.1 2nd stage bootloader
I (26) boot: compile time Jul 11 2026 00:35:18
I (26) boot: Multicore bootloader
I (28) boot: chip revision: v1.3
I (29) boot: efuse block revision: v0.3
I (32) qio_mode: Enabling default flash chip QIO
I (37) boot.esp32p4: SPI Speed      : 80MHz
I (40) boot.esp32p4: SPI Mode       : QIO
I (44) boot.esp32p4: SPI Flash Size : 16MB
I (48) boot: Enabling RNG early entropy source...
I (53) boot: Partition Table:
I (55) boot: ## Label            Usage          Type ST Offset   Length
I (61) boot:  0 nvs              WiFi data        01 02 00009000 00006000
I (68) boot:  1 phy_init         RF data          01 01 0000f000 00001000
I (74) boot:  2 factory          factory app      00 00 00010000 00800000
I (81) boot:  3 storage          Unknown data     01 82 00810000 00700000
I (87) boot:  4 coredump         Unknown data     01 03 00f10000 00040000
I (95) boot: End of partition table
I (97) esp_image: segment 0: paddr=00010020 vaddr=48160020 size=345d58h (3431768) map
I (608) esp_image: segment 1: paddr=00355d80 vaddr=30100000 size=00068h (   104) load
I (610) esp_image: segment 2: paddr=00355df0 vaddr=4ff00000 size=0a228h ( 41512) load
I (620) esp_image: segment 3: paddr=00360020 vaddr=48000020 size=150260h (1376864) map
I (823) esp_image: segment 4: paddr=004b0288 vaddr=4ff0a228 size=0e804h ( 59396) load
I (835) esp_image: segment 5: paddr=004bea94 vaddr=4ff18a80 size=049b0h ( 18864) load
I (839) esp_image: segment 6: paddr=004c344c vaddr=50108080 size=00024h (    36) load
I (847) boot: Loaded app from partition at offset 0x10000
I (847) boot: Disabling RNG early entropy source...
I (861) hex_psram: vendor id    : 0x0d (AP)
I (862) hex_psram: Latency      : 0x01 (Fixed)
I (862) hex_psram: DriveStr.    : 0x00 (25 Ohm)
I (862) hex_psram: dev id       : 0x03 (generation 4)
I (867) hex_psram: density      : 0x07 (256 Mbit)
I (872) hex_psram: good-die     : 0x06 (Pass)
I (876) hex_psram: SRF          : 0x02 (Slow Refresh)
I (880) hex_psram: BurstType    : 0x00 ( Wrap)
I (885) hex_psram: BurstLen     : 0x03 (2048 Byte)
I (889) hex_psram: BitMode      : 0x01 (X16 Mode)
I (894) hex_psram: Readlatency  : 0x04 (14 cycles@Fixed)
I (899) hex_psram: DriveStrength: 0x00 (1/1)
I (903) MSPI Timing: Enter psram timing tuning
I esp_psram: Found 32MB PSRAM device
I esp_psram: Speed: 200MHz
I (1240) mmu_psram: .rodata xip on psram
I (1308) mmu_psram: .text xip on psram
I (1309) hex_psram: psram CS IO is dedicated
I (1310) cpu_start: Multicore app
I (1716) esp_psram: SPI SRAM memory test OK
I (1726) cpu_start: GPIO 38 and 37 are used as console UART I/O pins
I (1727) cpu_start: Pro cpu start user code
I (1727) cpu_start: cpu freq: 360000000 Hz
I (1729) app_init: Application information:
I (1733) app_init: Project name:     vrod_gauge
I (1737) app_init: App version:      ebdac22-dirty
I (1742) app_init: Compile time:     Jul 24 2026 21:03:09
I (1747) app_init: ELF file SHA256:  d5301fb46...
I (1751) app_init: ESP-IDF:          v6.0.1
I (1755) efuse_init: Min chip rev:     v0.1
I (1759) efuse_init: Max chip rev:     v1.99
I (1763) efuse_init: Chip rev:         v1.3
I (1767) heap_init: Initializing. RAM available for dynamic allocation:
I (1773) heap_init: At 4FF26010 len 00014FB0 (83 KiB): RETENT_RAM
I (1779) heap_init: At 4FF3AFC0 len 00004BF0 (18 KiB): RAM
I (1784) heap_init: At 4FF40000 len 00040000 (256 KiB): RAM
I (1790) heap_init: At 501080A4 len 00007F5C (31 KiB): RTCRAM
I (1795) heap_init: At 30100068 len 00001F98 (7 KiB): SPM
I (1800) esp_psram: Adding pool of 27968K of PSRAM memory to heap allocator
I (1807) esp_psram: Adding pool of 63K of PSRAM memory gap generated due to end address alignment of irom to the heap allocator
I (1818) esp_psram: Adding pool of 40K of PSRAM memory gap generated due to end address alignment of drom to the heap allocator
I (1830) spi_flash: detected chip: generic
W (1833) spi_flash: Detected flash size > 16 MB, but access beyond 16 MB is not supported for this flash model yet.
I (1843) spi_flash: flash io: qio
W (1846) spi_flash: Detected size(32768k) larger than the size in the binary image header(16384k). Using the size in the binary image header.
I (1859) host_init: ESP Hosted : Host chip_ip[18]
I (1863) H_API: ESP-Hosted starting. Hosted_Tasks: prio:23, stack: 5120 RPC_task_stack: 5120
I (1871) H_API: ** add_esp_wifi_remote_channels **
I (1877) sleep_gpio: Configure to isolate all GPIO pins in sleep state
I (1882) sleep_gpio: Enable automatic switching of GPIO sleep configuration
I (1889) esp_core_dump_flash: Init core dump to flash
I (1894) esp_core_dump_flash: Found partition 'coredump' @ f10000 262144 bytes
I (1902) H_SDIO_DRV: sdio_data_to_rx_buf_task started
I (1905) main_task: Started on CPU0
I (1909) esp_psram: Reserving pool of 32K of internal memory for DMA/internal allocations
I (1918) main_task: Calling app_main()
I (1929) esp_lvgl:adapter: LVGL adapter initialized successfully
W (1931) ledc: GPIO 26 is not usable, maybe conflict with others
I (1932) esp32_p4_wifi6_touch_lcd_xc: MIPI DSI PHY Powered on
I (1938) esp32_p4_wifi6_touch_lcd_xc: Install MIPI DSI LCD control panel
I (1943) esp32_p4_wifi6_touch_lcd_xc: Install Waveshare ESP32-P4-WIFI6-Touch-LCD-XC LCD control panel
I (1952) jd9365: version: 2.0.2
I (2116) jd9365: LCD ID: 93 65 04
I (2268) esp32_p4_wifi6_touch_lcd_xc: Display initialized
I (2292) esp_lvgl:bridge_v9: Initializing hardware resources
I (2293) esp_lvgl:bridge_v9: Hardware resources initialized successfully
I (2397) esp32_p4_wifi6_touch_lcd_xc: Touch 0x5d found
I (2398) GT911: I2C address initialization procedure skipped - using default GT9xx setup
E (2419) lcd_panel.io.i2c: panel_io_i2c_rx_buffer(145): i2c transaction failed
E (2420) GT911: touch_gt911_read_cfg(419): GT911 read error!
E (2421) GT911: esp_lcd_touch_new_i2c_gt911(169): GT911 init failed
E (2427) GT911: Error (0x108)! Touch controller GT911 initialization failed!
W (2434) esp32_p4_wifi6_touch_lcd_xc: GT911 init attempt 1 failed (0x108), retrying
I (2491) esp32_p4_wifi6_touch_lcd_xc: Touch 0x14 found
I (2492) GT911: I2C address initialization procedure skipped - using default GT9xx setup
I (2515) GT911: TouchPad_ID:0x39,0x32,0x37
I (2516) GT911: TouchPad_Config_Version:90
W (2516) esp_lvgl:touch: LV_USE_GESTURE_RECOGNITION is disabled; only single-point pointer events are available
I (2522) esp_lvgl:touch: Touch input device registered successfully (IRQ mode: disabled)
I (2530) esp_lvgl:adapter: LVGL task started successfully
I (2531) esp_lvgl:bridge: Initializing hardware resources
I (2540) esp_lvgl:bridge: Hardware resources initialized successfully
I (2846) emoji_font: emoji.ttf embedded: 1982596 bytes
I (2857) emoji_font: emoji fallback attached: 26=0x4ff3f9ec 33=0x4ff68814
I (2859) vrod_gauge: speed divisor (NVS) = 188
I (2867) odo: restored odo=26125m trip1=26125m trip2=26125m
I (2869) j1850: glitch filter off
I (2870) j1850: passive sniffer on GPIO20 (read-only build)
I (2873) gps_uart: NMEA reader on UART1 (RX GPIO21, 9600 baud)
I (2880) j1850tx: TX ready on GPIO24 (high-side, HIGH=dominant); watchdog cutoff 300 us
I (3390) j1850tx: watchdog trigger test: PASS (faulted=1, line=LOW)
W (3476) i2s_common: dma frame num is adjusted to 256 to align the dma buffer with 64, bufsize = 512
W (3484) i2s_common: dma frame num is adjusted to 256 to align the dma buffer with 64, bufsize = 512
W (3550) j1850tx: replay: frame 2 TX FAULT (#1, 1 ok) -> reset OK re-armed
I (3551) ES8311: Work in Slave mode
I (3600) I2S_IF: Paired data: 0x4ff6f484, current mode: playback, paired in_enable: 0, paired out_enable: 0
W (3603) i2s_common: dma frame num is adjusted to 256 to align the dma buffer with 64, bufsize = 512
I (3610) I2S_IF: STD: TX, data_bit: 16, slot_bit: 16, ws_width: 16, slot_mode: MONO, slot_mask: 0x1
I (3650) I2S_IF: STD: TX, sample_rate_hz: 22050, mclk_multiple: 256, clk_src: 0
I (3775) Adev_Codec: Open codec device OK
I (4010) j1850tx: replay tally: 3 ok, 1 faults (of 4)
I (4255) transport: Attempt connection with slave: retry[0]
W (4256) H_SDIO_DRV: Reset slave using GPIO[54]
I (4257) os_wrapper_esp: GPIO [54] configured
I (5826) sdio_wrapper: SDIO master: Slot 1, Data-Lines: 4-bit Freq(KHz)[40000 KHz]
I (5829) sdio_wrapper: GPIOs: CLK[18] CMD[19] D0[14] D1[15] D2[16] D3[17] Slave_Reset[54]
I (5833) sdio_wrapper: Queues: Tx[6] Rx[6] SDIO-Rx-Mode[1]
I (5952) sdio_wrapper: Function 0 Blocksize: 512
I (5955) sdio_wrapper: Function 1 Blocksize: 512
I (6067) H_SDIO_DRV: Card init success, TRANSPORT_RX_ACTIVE
I (6068) transport: set_transport_state: 1
I (6069) transport: Waiting for esp_hosted slave to be ready
I (6102) H_SDIO_DRV: SDIO Host operating in STREAMING MODE
I (6102) H_SDIO_DRV: Open data path at slave
I (6102) H_SDIO_DRV: Starting SDIO process rx task
I (6106) H_SDIO_DRV: Received ESP_PRIV_IF type message
I (6109) transport: Received INIT event from ESP32 peripheral
I (6115) transport: EVENT: 12
I (6117) transport: Identified slave [esp32c6]
I (6121) transport: EVENT: 11
I (6124) transport: capabilities: 0xd
I (6127) transport: Features supported are:
I (6131) transport: 	 * WLAN
I (6134) transport: 	   - HCI over SDIO
I (6138) transport: 	   - BLE only
I (6141) transport: EVENT: 13
W (6143) transport: Version mismatch: Host [2.12.0] > Co-proc [0.0.0] ==> Upgrade co-proc to avoid RPC timeouts
I (6153) transport: ESP board type is : 13

I (6157) transport: Base transport is set-up, TRANSPORT_TX_ACTIVE
I (6163) H_API: Transport active
I (6166) transport: Slave chip Id[12]
I (6169) transport: raw_tp_dir[-], flow_ctrl: low[60] high[80]
I (6175) transport: transport_delayed_init
I (6179) esp_cli: Registering command: crash
I (6183) esp_cli: Registering command: reboot
I (6187) esp_cli: Registering command: mem-dump
I (6191) esp_cli: Registering command: task-dump
I (6195) esp_cli: Registering command: cpu-dump
I (6200) esp_cli: Registering command: heap-trace
I (6204) esp_cli: Registering command: sock-dump
I (6209) esp_cli: Registering command: host-power-save
I (6213) vhci_drv: Host BT Support: Enabled
I (6217) vhci_drv: 	BT Transport Type: VHCI
I (6221) H_SDIO_DRV: Received INIT event
I (6225) H_SDIO_DRV: Event type: 0x22
I (6228) H_SDIO_DRV: Write thread started
I (6284) vrod_gauge: boot complete
I (6297) NimBLE: GAP procedure initiated: stop advertising.

I (6297) main_task: Returned from app_main()
I (6299) NimBLE: GAP procedure initiated: stop advertising.

I (6308) NimBLE: GAP procedure initiated: advertise;
I (6308) NimBLE: disc_mode=2
I (6311) NimBLE:  adv_channel_map=0 own_addr_type=0 adv_filter_policy=0 adv_itvl_min=0 adv_itvl_max=0
I (6320) NimBLE:

I (6324) ble_peripheral: advertising as 'Zeppl' (undirected, override-on)
I (6697) j1850tx: replay tally: 7 ok, 1 faults (of 8)
I (6902) RPC_WRAP: Coprocessor Boot-up
I (9316) j1850tx: replay tally: 11 ok, 1 faults (of 12)
I (11932) j1850tx: replay tally: 15 ok, 1 faults (of 16)
I (12872) j1850: stats: 0 frames, 0 bad CRC, 0 overruns, 0 edges, 0 same-level
