I (789422) j1850: 28 1B 10 02 00 00 D5 | CRC OK
I (789438) j1850: A8 3B 10 03 00 00 | CRC OK
I (789438) j1850: load: raw=0x00 (A8 3B 10 param; not gear)
I (789488) j1850: 28 1B 10 02 00 00 D5 | CRC OK
I (789495) j1850: 68 88 10 83 62 | CRC OK
I (789503) j1850: C8 88 10 0E BA | CRC OK
I (789509) j1850: C8 89 60 83 B9 | CRC OK
I (789515) j1850: E8 89 60 0E 54 | CRC OK
I (789553) j1850: 28 1B 10 02 00 00 D5 | CRC OK
I (789619) j1850: 28 1B 10 02 00 00 D5 | CRC OK
I (789671) j1850: 68 FF 40 03 D8 | CRC OK
I (789684) j1850: 28 1B 10 02 00 00 D5 | CRC OK
I (789750) j1850: 28 1B 10 02 00 00 D5 | CRC OK
I (789780) j1850: 68 FF 60 03 AD | CRC OK
I (789815) j1850: 28 1B 10 02 00 00 D5 | CRC OK
I (789881) j1850: 28 1B 10 02 00 00 D5 | CRC OK
I (789929) j1850: A8 3B 10 03 00 00 | CRC OK
I (789929) j1850: load: raw=0x00 (A8 3B 10 param; not gear)
I (789946) j1850: 28 1B 10 02 00 00 D5 | CRC OK
I (790012) j1850: 28 1B 10 02 00 00 D5 | CRC OK
I (790077) j1850: 28 1B 10 02 00 00 D5 | CRC OK
I (790143) j1850: 28 1B 10 02 00 00 D5 | CRC OK
I (790209) j1850: 28 1B 10 02 00 00 D5 | CRC OK
I (790274) j1850: 28 1B 10 02 00 00 D5 | CRC OK
I (790340) j1850: 28 1B 10 02 00 80 D5 | CRC BAD
I (790405) j1850: 28 1B 10 02 00 00 D5 | CRC OK
I (790421) j1850: A8 3B 10 03 00 00 | CRC OK
I (790421) j1850: load: raw=0x00 (A8 3B 10 param; not gear)
I (790444) j1850: 48 DA 40 39 00 70 | CRC OK
I (790471) j1850: 28 1B 10 02 00 00 D5 | CRC OK
I (790486) j1850: 68 FF 10 03 86 | CRC OK
I (790494) j1850: 68 88 10 83 62 | CRC OK
I (790501) j1850: C8 88 10 0E BA | CRC OK
I (790507) j1850: C8 89 60 83 B9 | CRC OK
I (790527) j1850: E8 89 60 0E 54 | CRC OK
I (790536) j1850: 28 1B 10 02 00 00 D5 | CRC OK
I (790602) j1850: 28 1B 10 02 00 00 D5 | CRC OK
I (790667) j1850: 28 1B 10 02 00 00 D5 | CRC OK
I (790733) j1850: 28 1B 10 02 00 00 D5 | CRC OK
I (790798) j1850: 28 1B 10 02 00 00 D5 | CRC OK
I (790864) j1850: 28 1B 10 02 00 00 D5 | CRC OK
I (790913) j1850: A8 3B 10 03 00 00 | CRC OK
I (790913) j1850: load: raw=0x00 (A8 3B 10 param; not gear)
I (790929) j1850: 28 1B 10 02 00 00 D5 | CRC OK
I (790995) j1850: 28 1B 10 02 00 00 D5 | CRC OK
I (791061) j1850: 28 1B 10 02 00 00 D5 | CRC OK
I (791125) j1850tx: replay: frame 1213 SEND FAILED [TX FAULT]
I (791126) j1850: 28 1B 10 02 00 00 D5 | CRC OK
I (791192) j1850: 28 1B 10 02 00 00 D5 | CRC OK
I (791257) j1850: 28 1B 10 02 00 00 D5 | CRC OK
I (791275) j1850tx: replay: frame 1214 SEND FAILED [TX FAULT]
I (791323) j1850: 28 1B 10 02 00 00 D5 | CRC OK
I (791388) j1850: 28 1B 10 02 00 00 D5 | CRC OK
I (791404) j1850: A8 3B 10 03 00 00 | CRC OK
I (791404) j1850: load: raw=0x00 (A8 3B 10 param; not gear)
I (791425) j1850tx: replay: frame 1215 SEND FAILED [TX FAULT]
I (791454) j1850: 28 1B 10 02 00 00 D5 | CRC OK
I (791460) j1850: 68 88 10 03 44 | CRC OK
I (791474) j1850: C8 89 60 03 9F | CRC OK
I (791485) j1850: 68 88 10 03 44 | CRC OK
I (791492) j1850: C8 88 10 0E BA | CRC OK
I (791498) j1850: C8 89 60 03 9F | CRC OK
I (791519) j1850: 28 1B 10 02 00 00 D5 | CRC OK
I (791531) j1850: E8 89 60 0E 54 | CRC OK
I (791575) j1850tx: replay: frame 1216 SEND FAILED [TX FAULT]
I (791585) j1850: 28 1B 10 02 00 00 D5 | CRC OK
I (791650) j1850: 28 1B 10 02 00 00 D5 | CRC OK
I (791702) j1850: 68 FF 40 03 D8 | CRC OK
I (791716) j1850: 28 1B 10 02 00 00 D5 | CRC OK
I (791781) j1850: 28 1B 10 02 00 00 D5 | CRC OK
I (791797) j1850: 68 FF 60 03 AD | CRC OK
I (791847) j1850: 28 1B 10 02 00 00 D5 | CRC OK
I (791896) j1850: A8 3B 10 03 00 00 | CRC OK
I (791896) j1850: load: raw=0x00 (A8 3B 10 param; not gear)
I (791913) j1850: 28 1B 10 02 00 00 D5 | CRC OK
I (791978) j1850: 28 1B 10 02 00 00 D5 | CRC OK
I (792044) j1850: 28 1B 10 02 00 00 D5 | CRC OK
I (792109) j1850: 28 1B 10 02 00 00 D5 | CRC OK
I (792175) j1850: 28 1B 10 02 00 00 D5 | CRC OK
I (792240) j1850: 28 1B 10 02 00 00 D5 | CRC OK
I (792306) j1850: 28 1B 10 02 00 00 D5 | CRC OK
I (792371) j1850: 28 1B 10 02 00 00 D5 | CRC OK
I (792387) j1850: A8 3B 10 03 00 00 | CRC OK
I (792387) j1850: load: raw=0x00 (A8 3B 10 param; not gear)
I (792437) j1850: 28 1B 10 02 00 00 D5 | CRC OK
I (792485) j1850: 68 FF 10 03 86 | CRC OK
I (792493) j1850: 68 88 10 03 44 | CRC OK
I (792502) j1850: 28 1B 10 02 00 00 D5 | CRC OK
I (792509) j1850: C8 88 10 0E BA | CRC OK
I (792520) j1850: C8 89 60 03 9F | CRC OK
I (792526) j1850: E8 89 60 0E 54 | CRC OK
I (792568) j1850: 28 1B 10 02 00 00 D5 | CRC OK
I (792633) j1850: 28 1B 10 02 00 00 D5 | CRC OK
I (792699) j1850: 28 1B 10 02 00 00 D5 | CRC OK
I (792765) j1850: 28 1B 10 02 00 00 D5 | CRC OK
I (792830) j1850: 28 1B 10 02 00 00 D5 | CRC OK
I (792877) j1850: A8 3B 10 03 00 00 | CRC OK
I (792877) j1850: load: raw=0x00 (A8 3B 10 param; not gear)
I (792884) j1850: 48 DA 40 39 00 70 | CRC OK
I (792896) j1850: 28 1B 10 02 00 00 D5 | CRC OK
I (792900) j1850: stats: 1885 frames, 2 bad CRC, 0 overruns, 8673 edges, 1 same-level
I (792961) j1850: 28 1B 10 02 00 00 D5 | CRC OK
I (793092) j1850: 28 1B 10 02 00 00 D5 | CRC OK
I (793158) j1850: 28 1B 10 02 05 74 99 | CRC OK
I (793224) j1850: 28 1B 10 02 04 E0 4A | CRC OK
I (793289) j1850: 28 1B 10 02 0D CC 47 | CRC OK
I (793355) j1850: 28 1B 10 02 14 68 30 | CRC OK
I (793370) j1850: A8 3B 10 03 00 00 | CRC OK
I (793370) j1850: load: raw=0x00 (A8 3B 10 param; not gear)
I (793420) j1850: 28 1B 10 02 1A B8 27 | CRC OK
I (793437) j1850: A8 83 10 0A 00 14 7A | CRC OK
I (793476) j1850: 29 92 10 01 60 | CRC OK
I (793484) j1850: 28 1B 10 02 19 F4 7C | CRC OK
I (793490) j1850: 28 93 40 01 FF FF 39 | CRC OK
I (793496) j1850: 68 88 10 03 44 | CRC OK
I (793509) j1850: C8 88 10 0E BA | CRC OK
I (793520) j1850: C8 89 60 03 9F | CRC OK
I (793526) j1850: E8 89 60 0E 54 | CRC OK
I (793551) j1850: 28 1B 10 02 17 DC FC | CRC OK
I (793608) j1850: 28 93 10 02 01 91 | CRC OK
I (793617) j1850: 28 1B 10 02 1A 40 B0 | CRC OK
I (793682) j1850: 28 1B 10 02 1A E0 11 | CRC OK
I (793725) j1850tx: replay: frame 1217 SEND FAILED [TX FAULT]
I (793732) j1850: 68 FF 40 03 D8 | CRC OK
I (793748) j1850: 28 1B 10 02 1A 84 F1 | CRC OK
I (793812) j1850: 28 1B 10 02 1A 0C 3F | CRC OK
I (793818) j1850: 68 FF 60 03 AD | CRC OK
I (793862) j1850: A8 3B 10 03 00 00 | CRC OK
I (793862) j1850: load: raw=0x00 (A8 3B 10 param; not gear)
I (793875) j1850tx: replay: frame 1218 SEND FAILED [TX FAULT]
I (793879) j1850: 28 1B 10 02 19 F8 E0 | CRC OK
I (793945) j1850: 28 1B 10 02 1A A0 02 | CRC OK
I (794025) j1850tx: replay: frame 1219 SEND FAILED [TX FAULT]
I (794076) j1850: 28 1B 10 02 1A C4 E2 | CRC OK
I (794141) j1850: 28 1B 10 02 1A 4C 2C | CRC OK
I (794175) j1850tx: replay: frame 1220 SEND FAILED [TX FAULT]
I (794207) j1850: 28 1B 10 02 1A 40 B0 | CRC OK
I (794272) j1850: 28 1B 10 02 19 78 C6 | CRC OK
I (794338) j1850: 28 1B 10 02 19 4C F8 | CRC OK
I (794353) j1850: A8 3B 10 03 00 00 | CRC OK
I (794353) j1850: load: raw=0x00 (A8 3B 10 param; not gear)
I (794403) j1850: 28 1B 10 02 19 70 2E | CRC OK
I (794469) j1850: 28 1B 10 02 19 60 E3 | CRC OK
I (794483) j1850: 68 FF 10 03 86 | CRC OK
I (794492) j1850: 68 88 10 03 44 | CRC OK
I (794500) j1850: C8 88 10 0E BA | CRC OK
I (794512) j1850: C8 89 60 03 9F | CRC OK
I (794518) j1850: E8 89 60 0E 54 | CRC OK
I (794534) j1850: 28 1B 10 02 18 D0 C3 | CRC OK
I (794600) j1850: 28 1B 10 02 18 F4 30 | CRC OK
I (794608) j1850: A8 83 10 0A 00 28 AC | CRC OK
I (794665) j1850: 28 1B 10 02 18 B4 23 | CRC OK
I (794731) j1850: 28 1B 10 02 18 A8 72 | CRC OK
I (794796) j1850: 28 1B 10 02 18 D0 C3 | CRC OK
I (794862) j1850: 28 1B 10 02 19 70 2E | CRC OK
I (794928) j1850: 28 1B 10 02 18 84 69 | CRC OK
I (794993) j1850: 28 1B 10 02 18 5C 79 | CRC OK
I (795059) j1850: 28 1B 10 02 17 E8 C2 | CRC OK
I (795124) j1850: 28 1B 10 02 18 44 5C | CRC OK
I (795190) j1850: 28 1B 10 02 18 38 99 | CRC OK
I (795255) j1850: 28 1B 10 02 17 E0 2A | CRC OK
I (795321) j1850: 28 1B 10 02 18 04 4F | CRC OK
I (795336) j1850: A8 3B 10 03 00 00 | CRC OK
I (795336) j1850: load: raw=0x00 (A8 3B 10 param; not gear)
I (795386) j1850: 28 1B 10 02 18 20 BC | CRC OK
I (795452) j1850: 28 1B 10 02 18 38 99 | CRC OK
I (795483) j1850: 68 88 10 03 44 | CRC OK
I (795491) j1850: C8 88 10 0E BA | CRC OK
I (795512) j1850: C8 89 60 03 9F | CRC OK
I (795518) j1850: 28 1B 10 02 18 00 3B | CRC OK
I (795524) j1850: E8 89 60 0E 54 | CRC OK
I (795583) j1850: 28 1B 10 02 18 1C 6A | CRC OK
I (795648) j1850: 28 1B 10 02 18 00 3B | CRC OK
I (795714) j1850: 28 1B 10 02 18 A8 72 | CRC OK
I (795762) j1850: 68 FF 40 03 D8 | CRC OK
I (795780) j1850: 28 1B 10 02 18 C8 E6 | CRC OK
I (795828) j1850: A8 3B 10 03 00 00 | CRC OK
I (795828) j1850: load: raw=0x00 (A8 3B 10 param; not gear)
I (795838) j1850: 68 FF 60 03 AD | CRC OK
I (795846) j1850: 28 1B 10 02 18 D0 C3 | CRC OK
I (795902) j1850: A8 83 10 0A 00 3C 15 | CRC OK
I (795910) j1850: 28 1B 10 02 18 5C 79 | CRC OK
I (795976) j1850: 28 1B 10 02 17 74 B5 | CRC OK
I (796042) j1850: 28 1B 10 02 17 F0 E7 | CRC OK
I (796107) j1850: 28 1B 10 02 17 48 63 | CRC OK
I (796173) j1850: 28 1B 10 02 17 E8 C2 | CRC OK
I (796238) j1850: 28 1B 10 02 18 34 05 | CRC OK
I (796304) j1850: 28 1B 10 02 17 B8 1C | CRC OK
I (796319) j1850: A8 3B 10 03 00 00 | CRC OK
I (796319) j1850: load: raw=0x00 (A8 3B 10 param; not gear)
I (796325) j1850tx: replay: frame 1221 SEND FAILED [TX FAULT]
I (796369) j1850: 28 1B 10 02 17 EC B6 | CRC OK
I (796435) j1850: 28 1B 10 02 17 70 C1 | CRC OK
I (796475) j1850tx: replay: frame 1222 SEND FAILED [TX FAULT]
I (796482) j1850: 68 FF 10 03 86 | CRC OK
I (796490) j1850: 68 88 10 03 44 | CRC OK
I (796499) j1850: 28 1B 10 02 17 BC 68 | CRC OK
I (796503) j1850: C8 89 60 03 9F | CRC OK
I (796510) j1850: C8 88 10 0E BA | CRC OK
I (796530) j1850: E8 89 60 0E 54 | CRC OK
I (796566) j1850: 28 1B 10 02 17 F8 0F | CRC OK
I (796625) j1850tx: replay: frame 1223 SEND FAILED [TX FAULT]
I (796631) j1850: 28 1B 10 02 18 30 71 | CRC OK
I (796697) j1850: 28 1B 10 02 18 4C B4 | CRC OK
I (796762) j1850: 28 1B 10 02 17 FC 7B | CRC OK
I (796775) j1850tx: replay: frame 1224 SEND FAILED [TX FAULT]
I (796811) j1850: A8 3B 10 03 00 00 | CRC OK
I (796811) j1850: load: raw=0x00 (A8 3B 10 param; not gear)
I (796828) j1850: 28 1B 10 02 17 94 07 | CRC OK
I (796894) j1850: 28 1B 10 02 17 E8 C2 | CRC OK
I (796959) j1850: 28 1B 10 02 17 D8 88 | CRC OK
I (797025) j1850: 28 1B 10 02 18 1C 6A | CRC OK
I (797090) j1850: 28 1B 10 02 18 68 47 | CRC OK
I (797156) j1850: 28 1B 10 02 18 18 1E | CRC OK
I (797221) j1850: 28 1B 10 02 17 E8 C2 | CRC OK
I (797238) j1850: A8 83 10 0A 00 50 1D | CRC OK
I (797287) j1850: 28 1B 10 02 17 B8 1C | CRC OK
I (797303) j1850: A8 3B 10 03 00 00 | CRC OK
I (797303) j1850: load: raw=0x00 (A8 3B 10 param; not gear)
I (797352) j1850: 28 1B 10 02 18 18 1E | CRC OK
I (797418) j1850: 28 1B 10 02 17 F8 0F | CRC OK
I (797483) j1850: 28 1B 10 02 17 F0 E7 | CRC OK
I (797490) j1850: 68 88 10 03 44 | CRC OK
I (797497) j1850: C8 88 10 0E BA | CRC OK
I (797503) j1850: C8 89 60 03 9F | CRC OK
I (797525) j1850: E8 89 60 0E 54 | CRC OK
I (797549) j1850: 28 1B 10 02 17 F8 0F | CRC OK
I (797614) j1850: 28 1B 10 02 17 A4 4D | CRC OK
I (797680) j1850: 28 1B 10 02 16 FC 37 | CRC OK
I (797745) j1850: 28 1B 10 02 17 E4 5E | CRC OK
I (797790) j1850: 68 FF 40 03 D8 | CRC OK
I (797797) j1850: A8 3B 10 03 00 00 | CRC OK
I (797797) j1850: load: raw=0x00 (A8 3B 10 param; not gear)
I (797811) j1850: 28 1B 10 02 17 F8 0F | CRC OK
I (797848) j1850: 68 FF 60 03 AD | CRC OK
I (797876) j1850: 28 1B 10 02 17 C8 45 | CRC OK
I (797942) j1850: 28 1B 10 02 18 7C FE | CRC OK
I (798008) j1850: 28 1B 10 02 18 1C 6A | CRC OK
I (798073) j1850: 28 1B 10 02 18 08 D3 | CRC OK
I (798139) j1850: 28 1B 10 02 18 C0 0E | CRC OK
I (798204) j1850: 28 1B 10 02 18 50 E5 | CRC OK
I (798270) j1850: 28 1B 10 02 18 68 47 | CRC OK
I (798286) j1850: A8 3B 10 03 00 00 | CRC OK
I (798286) j1850: load: raw=0x00 (A8 3B 10 param; not gear)
I (798336) j1850: 28 1B 10 02 18 1C 6A | CRC OK
I (798401) j1850: 28 1B 10 02 17 90 73 | CRC OK
I (798466) j1850: 28 1B 10 02 17 F4 93 | CRC OK
I (798481) j1850: 68 FF 10 03 86 | CRC OK
I (798489) j1850: 68 88 10 03 44 | CRC OK
I (798496) j1850: C8 88 10 0E BA | CRC OK
I (798502) j1850: C8 89 60 03 9F | CRC OK
I (798521) j1850: E8 89 60 0E 54 | CRC OK
I (798532) j1850: 28 1B 10 02 17 C4 D9 | CRC OK
I (798597) j1850: 28 1B 10 02 17 70 C1 | CRC OK
I (798655) j1850: A8 83 10 0A 00 64 23 | CRC OK
I (798729) j1850: 28 1B 10 02 17 48 63 | CRC OK
I (798777) j1850: A8 3B 10 03 00 00 | CRC OK
I (798777) j1850: load: raw=0x00 (A8 3B 10 param; not gear)
I (798794) j1850: 28 1B 10 02 17 B4 80 | CRC OK
I (798860) j1850: 28 1B 10 02 17 6C 90 | CRC OK
I (798925) j1850tx: replay: frame 1225 SEND FAILED [TX FAULT]
I (798926) j1850: 28 1B 10 02 16 E8 8E | CRC OK
I (798991) j1850: 28 1B 10 02 17 3C 4E | CRC OK
I (799056) j1850: 28 1B 10 02 17 64 78 | CRC OK
I (799075) j1850tx: replay: frame 1226 SEND FAILED [TX FAULT]
I (799122) j1850: 28 1B 10 02 17 8C 22 | CRC OK
I (799187) j1850: 28 1B 10 02 17 74 B5 | CRC OK
I (799225) j1850tx: replay: frame 1227 SEND FAILED [TX FAULT]
I (799253) j1850: 28 1B 10 02 17 04 EC | CRC OK
I (799269) j1850: A8 3B 10 03 00 00 | CRC OK
I (799269) j1850: load: raw=0x00 (A8 3B 10 param; not gear)
I (799318) j1850: 28 1B 10 02 17 1C C9 | CRC OK
I (799375) j1850tx: replay: frame 1228 SEND FAILED [TX FAULT]
I (799384) j1850: 28 1B 10 02 17 B8 1C | CRC OK
I (799449) j1850: 28 1B 10 02 17 5C DA | CRC OK
I (799481) j1850: 68 88 10 03 44 | CRC OK
I (799489) j1850: C8 88 10 0E BA | CRC OK
I (799496) j1850: C8 89 60 03 9F | CRC OK
I (799502) j1850: E8 89 60 0E 54 | CRC OK
I (799515) j1850: 28 1B 10 02 17 5C DA | CRC OK
I (799581) j1850: 28 1B 10 02 17 8C 22 | CRC OK
I (799646) j1850: 28 1B 10 02 17 58 AE | CRC OK
I (799712) j1850: 28 1B 10 02 17 3C 4E | CRC OK
I (799760) j1850: A8 3B 10 03 00 00 | CRC OK
I (799760) j1850: load: raw=0x00 (A8 3B 10 param; not gear)
I (799777) j1850: 28 1B 10 02 16 D8 C4 | CRC OK
I (799822) j1850: 68 FF 40 03 D8 | CRC OK
I (799843) j1850: 28 1B 10 02 17 40 8B | CRC OK
I (799866) j1850: 68 FF 60 03 AD | CRC OK
I (799908) j1850: 28 1B 10 02 17 6C 90 | CRC OK
I (799974) j1850: 28 1B 10 02 17 5C DA | CRC OK
I (800039) j1850: 28 1B 10 02 17 20 1F | CRC OK
I (800097) j1850: A8 83 10 0A 00 78 72 | CRC OK
I (800105) j1850: 28 1B 10 02 17 60 0C | CRC OK
I (800170) j1850: 28 1B 10 02 17 78 29 | CRC OK
I (800236) j1850: 28 1B 10 02 17 4C 17 | CRC OK
I (800252) j1850: A8 3B 10 03 00 00 | CRC OK
I (800252) j1850: load: raw=0x00 (A8 3B 10 param; not gear)
I (800301) j1850: 28 1B 10 02 17 88 56 | CRC OK
I (800367) j1850: 28 1B 10 02 17 A0 39 | CRC OK
I (800433) j1850: 28 1B 10 02 17 B0 F4 | CRC OK
I (800480) j1850: 68 FF 10 03 86 | CRC OK
I (800488) j1850: 68 88 10 03 44 | CRC OK
I (800498) j1850: 28 1B 10 02 17 A4 4D | CRC OK
I (800505) j1850: C8 88 10 0E BA | CRC OK
I (800514) j1850: C8 89 60 03 9F | CRC OK
I (800520) j1850: E8 89 60 0E 54 | CRC OK
I (800564) j1850: 28 1B 10 02 17 2C 83 | CRC OK
I (800629) j1850: 28 1B 10 02 17 30 D2 | CRC OK
I (800695) j1850: 28 1B 10 02 17 98 9B | CRC OK
I (800743) j1850: A8 3B 10 03 00 00 | CRC OK
I (800743) j1850: load: raw=0x00 (A8 3B 10 param; not gear)
I (800760) j1850: 28 1B 10 02 17 90 73 | CRC OK
I (800826) j1850: 28 1B 10 02 17 2C 83 | CRC OK
I (800891) j1850: 28 1B 10 02 17 7C 5D | CRC OK
I (800957) j1850: 28 1B 10 02 17 24 6B | CRC OK
I (801022) j1850: 28 1B 10 02 17 30 D2 | CRC OK
I (801088) j1850: 28 1B 10 02 17 90 73 | CRC OK
I (801154) j1850: 28 1B 10 02 17 A8 D1 | CRC OK
I (801219) j1850: 28 1B 10 02 17 58 AE | CRC OK
I (801235) j1850: A8 3B 10 03 00 00 | CRC OK
I (801235) j1850: load: raw=0x00 (A8 3B 10 param; not gear)
I (801284) j1850: 28 1B 10 02 17 90 73 | CRC OK
I (801350) j1850: 28 1B 10 02 17 D0 60 | CRC OK
I (801416) j1850: 28 1B 10 02 17 F4 93 | CRC OK
I (801481) j1850: 28 1B 10 02 17 AC A5 | CRC OK
I (801488) j1850: 68 88 10 03 44 | CRC OK
I (801496) j1850: C8 88 10 0E BA | CRC OK
I (801511) j1850: C8 89 60 03 9F | CRC OK
I (801521) j1850: E8 89 60 0E 54 | CRC OK
I (801525) j1850tx: replay: frame 1229 SEND FAILED [TX FAULT]
I (801547) j1850: 28 1B 10 02 17 6C 90 | CRC OK
I (801588) j1850: A8 83 10 0A 00 8C 79 | CRC OK
I (801612) j1850: 28 1B 10 02 17 50 46 | CRC OK
I (801675) j1850tx: replay: frame 1230 SEND FAILED [TX FAULT]
I (801678) j1850: 28 1B 10 02 17 54 32 | CRC OK
I (801726) j1850: A8 3B 10 03 00 00 | CRC OK
I (801726) j1850: load: raw=0x00 (A8 3B 10 param; not gear)
I (801743) j1850: 28 1B 10 02 16 E4 12 | CRC OK
I (801809) j1850: 28 1B 10 02 17 54 32 | CRC OK
I (801825) j1850tx: replay: frame 1231 SEND FAILED [TX FAULT]
I (801852) j1850: 68 FF 40 03 D8 | CRC OK
I (801874) j1850: 28 1B 10 02 17 4C 17 | CRC OK
I (801883) j1850: 68 FF 60 03 AD | CRC OK
I (801940) j1850: 28 1B 10 02 16 68 A8 | CRC OK
I (801975) j1850tx: replay: frame 1232 SEND FAILED [TX FAULT]
I (802005) j1850: 28 1B 10 02 17 18 BD | CRC OK
I (802071) j1850: 28 1B 10 02 17 00 98 | CRC OK
I (802137) j1850: 28 1B 10 02 16 BC 24 | CRC OK
I (802202) j1850: 28 1B 10 02 16 D0 2C | CRC OK
I (802218) j1850: A8 3B 10 03 00 00 | CRC OK
I (802218) j1850: load: raw=0x00 (A8 3B 10 param; not gear)
I (802268) j1850: 28 1B 10 02 16 5C 96 | CRC OK
I (802333) j1850: 28 1B 10 02 16 90 3F | CRC OK
I (802399) j1850: 28 1B 10 02 16 EC FA | CRC OK
I (802464) j1850: 28 1B 10 02 17 4C 17 | CRC OK
I (802479) j1850: 68 FF 10 03 86 | CRC OK
I (802487) j1850: 68 88 10 03 44 | CRC OK
I (802496) j1850: C8 88 10 0E BA | CRC OK
I (802506) j1850: C8 89 60 03 9F | CRC OK
I (802512) j1850: E8 89 60 0E 54 | CRC OK
I (802530) j1850: 28 1B 10 02 17 84 CA | CRC OK
I (802595) j1850: 28 1B 10 02 17 60 0C | CRC OK
I (802661) j1850: 28 1B 10 02 17 94 07 | CRC OK
I (802710) j1850: A8 3B 10 03 00 00 | CRC OK
I (802710) j1850: load: raw=0x00 (A8 3B 10 param; not gear)
I (802726) j1850: 28 1B 10 02 17 90 73 | CRC OK
I (802792) j1850: 28 1B 10 02 17 78 29 | CRC OK
I (802857) j1850: 28 1B 10 02 17 94 07 | CRC OK
I (802901) j1850: stats: 2118 frames, 2 bad CRC, 0 overruns, 12627 edges, 3 same-level
I (802923) j1850: 28 1B 10 02 17 60 0C | CRC OK
I (802989) j1850: 28 1B 10 02 16 BC 24 | CRC OK
I (803054) j1850: 28 1B 10 02 16 C0 E1 | CRC OK
I (803120) j1850: 28 1B 10 02 17 64 78 | CRC OK
I (803161) j1850: A8 83 10 0A 00 A0 62 | CRC OK
I (803185) j1850: 28 1B 10 02 17 3C 4E | CRC OK
I (803201) j1850: A8 3B 10 03 00 00 | CRC OK
I (803201) j1850: load: raw=0x00 (A8 3B 10 param; not gear)
I (803251) j1850: 28 1B 10 02 17 2C 83 | CRC OK
I (803316) j1850: 28 1B 10 02 17 24 6B | CRC OK
I (803382) j1850: 28 1B 10 02 17 64 78 | CRC OK
I (803447) j1850: 28 1B 10 02 17 98 9B | CRC OK
I (803478) j1850: 68 88 10 03 44 | CRC OK
I (803487) j1850: C8 88 10 0E BA | CRC OK
I (803505) j1850: C8 89 60 03 9F | CRC OK
I (803512) j1850: 28 1B 10 02 17 80 BE | CRC OK
I (803518) j1850: E8 89 60 0E 54 | CRC OK
I (803578) j1850: 28 1B 10 02 17 6C 90 | CRC OK
I (803644) j1850: 28 1B 10 02 16 D0 2C | CRC OK
I (803692) j1850: A8 3B 10 03 00 00 | CRC OK
I (803692) j1850: load: raw=0x00 (A8 3B 10 param; not gear)
I (803710) j1850: 28 1B 10 02 17 28 F7 | CRC OK
I (803775) j1850: 28 1B 10 02 17 44 FF | CRC OK
I (803841) j1850: 28 1B 10 02 17 0C 04 | CRC OK
I (803882) j1850: 68 FF 40 03 D8 | CRC OK
I (803898) j1850: 68 FF 60 03 AD | CRC OK
I (803906) j1850: 28 1B 10 02 17 58 AE | CRC OK
I (803972) j1850: 28 1B 10 02 17 D8 88 | CRC OK
I (804037) j1850: 28 1B 10 02 19 70 2E | CRC OK
I (804103) j1850: 28 1B 10 02 1A 58 95 | CRC OK
I (804125) j1850tx: replay: frame 1233 SEND FAILED [TX FAULT]
I (804184) j1850: A8 3B 10 03 00 00 | CRC OK
I (804184) j1850: load: raw=0x00 (A8 3B 10 param; not gear)
I (804234) j1850: 28 1B 10 02 1C 98 15 | CRC OK
I (804275) j1850tx: replay: frame 1234 SEND FAILED [TX FAULT]
I (804300) j1850: 28 1B 10 02 1D BC AA | CRC OK
I (804365) j1850: 28 1B 10 02 1E B4 96 | CRC OK
I (804425) j1850tx: replay: frame 1235 SEND FAILED [TX FAULT]
I (804430) j1850: 28 1B 10 02 1F 58 F4 | CRC OK
I (804478) j1850: 68 FF 10 03 86 | CRC OK
I (804486) j1850: 68 88 10 03 44 | CRC OK
I (804494) j1850: 28 1B 10 02 1F D0 3A | CRC OK
I (804499) j1850: C8 89 60 03 9F | CRC OK
I (804505) j1850: C8 88 10 0E BA | CRC OK
I (804519) j1850: A8 83 10 0A 00 B4 DB | CRC OK
I (804525) j1850: E8 89 60 0E 54 | CRC OK
I (804562) j1850: 28 1B 10 02 20 18 85 | CRC OK
I (804575) j1850tx: replay: frame 1236 SEND FAILED [TX FAULT]
I (804627) j1850: 28 1B 10 02 20 54 0A | CRC OK
I (804676) j1850: A8 3B 10 03 00 00 | CRC OK
I (804676) j1850: load: raw=0x00 (A8 3B 10 param; not gear)
I (804693) j1850: 28 1B 10 02 1F C4 83 | CRC OK
I (804758) j1850: 28 1B 10 02 1F 18 E7 | CRC OK
I (804824) j1850: 28 1B 10 02 1D C8 87 | CRC OK
I (804889) j1850: 28 1B 10 02 1C C4 57 | CRC OK
I (804955) j1850: 28 1B 10 02 1B D4 63 | CRC OK
I (805020) j1850: 28 1B 10 02 1A 78 12 | CRC OK
I (805086) j1850: 28 1B 10 02 19 3C A1 | CRC OK
I (805151) j1850: 28 1B 10 02 19 14 CE | CRC OK
I (805167) j1850: A8 3B 10 03 00 00 | CRC OK
I (805167) j1850: load: raw=0x00 (A8 3B 10 param; not gear)
I (805217) j1850: 28 1B 10 02 18 A0 9A | CRC OK
I (805283) j1850: 28 1B 10 02 18 20 BC | CRC OK
I (805348) j1850: 28 1B 10 02 17 44 FF | CRC OK
I (805413) j1850: 28 1B 10 02 17 30 D2 | CRC OK
I (805479) j1850: 28 1B 10 02 17 E4 5E | CRC OK
I (805486) j1850: 68 88 10 03 44 | CRC OK
I (805494) j1850: C8 88 10 0E BA | CRC OK
I (805505) j1850: C8 89 60 03 9F | CRC OK
I (805511) j1850: E8 89 60 0E 54 | CRC OK
I (805545) j1850: 28 1B 10 02 17 E8 C2 | CRC OK
I (805610) j1850: 28 1B 10 02 18 24 C8 | CRC OK
I (805659) j1850: A8 3B 10 03 00 00 | CRC OK
I (805659) j1850: load: raw=0x00 (A8 3B 10 param; not gear)
I (805676) j1850: 28 1B 10 02 1A 50 7D | CRC OK
I (805741) j1850: 28 1B 10 02 1C 08 FE | CRC OK
I (805807) j1850: 28 1B 10 02 1D FC B9 | CRC OK
I (805856) j1850: A8 83 10 0A 00 C8 1E | CRC OK
I (805873) j1850: 28 1B 10 02 1E EC A0 | CRC OK
I (805912) j1850: 68 FF 40 03 D8 | CRC OK
I (805921) j1850: 68 FF 60 03 AD | CRC OK
I (805938) j1850: 28 1B 10 02 20 B8 24 | CRC OK
I (806003) j1850: 28 1B 10 02 21 D8 FC | CRC OK
I (806069) j1850: 28 1B 10 02 21 FC 0F | CRC OK
I (806134) j1850: 28 1B 10 02 21 D4 60 | CRC OK
I (806150) j1850: A8 3B 10 03 00 00 | CRC OK
I (806150) j1850: load: raw=0x00 (A8 3B 10 param; not gear)
I (806200) j1850: 28 1B 10 02 22 88 F6 | CRC OK
I (806266) j1850: 28 1B 10 02 22 64 D8 | CRC OK
I (806331) j1850: 28 1B 10 02 22 A8 71 | CRC OK
I (806397) j1850: 28 1B 10 02 22 70 61 | CRC OK
I (806462) j1850: 28 1B 10 02 22 AC 05 | CRC OK
I (806477) j1850: 68 FF 10 03 86 | CRC OK
I (806485) j1850: 68 88 10 03 44 | CRC OK
I (806490) j1850: C8 89 60 03 9F | CRC OK
I (806496) j1850: C8 88 10 0E BA | CRC OK
I (806515) j1850: EE 47 5D 60 0E 54 | CRC BAD
I (806528) j1850: 28 1B 10 02 22 70 61 | CRC OK
I (806593) j1850: 28 1B 10 02 20 DC C4 | CRC OK
I (806642) j1850: A8 3B 10 03 00 00 | CRC OK
I (806642) j1850: load: raw=0x00 (A8 3B 10 param; not gear)
I (806659) j1850: 28 1B 10 02 1E 28 E1 | CRC OK
I (806724) j1850: 28 1B 10 02 1C 5C 54 | CRC OK
I (806725) j1850tx: replay: frame 1237 SEND FAILED [TX FAULT]
I (806790) j1850: 28 1B 10 02 1A F8 34 | CRC OK
I (806856) j1850: 28 1B 10 02 1A D8 B3 | CRC OK
I (806875) j1850tx: replay: frame 1238 SEND FAILED [TX FAULT]
I (806921) j1850: 28 1B 10 02 19 D8 67 | CRC OK
I (806986) j1850: 28 1B 10 02 19 1C 26 | CRC OK
I (807025) j1850tx: replay: frame 1239 SEND FAILED [TX FAULT]
I (807036) j1850: A8 83 10 0A 00 DC A7 | CRC OK
I (807052) j1850: 28 1B 10 02 17 E0 2A | CRC OK
I (807117) j1850: 28 1B 10 02 17 F4 93 | CRC OK
I (807133) j1850: A8 3B 10 03 00 00 | CRC OK
I (807133) j1850: load: raw=0x00 (A8 3B 10 param; not gear)
I (807175) j1850tx: replay: frame 1240 SEND FAILED [TX FAULT]
I (807183) j1850: 28 1B 10 02 17 BC 68 | CRC OK
I (807248) j1850: 28 1B 10 02 17 C4 D9 | CRC OK
I (807314) j1850: 28 1B 10 02 17 34 A6 | CRC OK
I (807380) j1850: 28 1B 10 02 17 2C 83 | CRC OK
I (807428) j1850: A8 49 10 10 46 E1 | CRC OK
I (807428) j1850: temp: raw=0x46 (70) -> 30 C (raw-40, ride-1 confirmed)
I (807445) j1850: 28 1B 10 02 17 90 73 | CRC OK
I (807476) j1850: 68 88 10 03 44 | CRC OK
I (807483) j1850: C8 88 10 0E BA | CRC OK
I (807489) j1850: C8 89 60 03 9F | CRC OK
I (807509) j1850: 28 1B 10 02 16 C4 95 | CRC OK
I (807515) j1850: E8 89 60 0E 54 | CRC OK
I (807576) j1850: 28 1B 10 02 16 54 7E | CRC OK
I (807625) j1850: A8 3B 10 03 00 00 | CRC OK
I (807625) j1850: load: raw=0x00 (A8 3B 10 param; not gear)
I (807642) j1850: 28 1B 10 02 16 98 D7 | CRC OK
I (807707) j1850: 28 1B 10 02 17 24 6B | CRC OK
I (807773) j1850: 28 1B 10 02 16 FC 37 | CRC OK
I (807838) j1850: 28 1B 10 02 17 58 AE | CRC OK
I (807904) j1850: 28 1B 10 02 17 94 07 | CRC OK
I (807934) j1850: 68 FF 60 03 AD | CRC OK
I (807943) j1850: 68 FF 40 03 D8 | CRC OK
I (807969) j1850: 28 1B 10 02 17 50 46 | CRC OK
I (808035) j1850: 28 1B 10 02 16 D8 C4 | CRC OK
I (808101) j1850: 28 1B 10 02 17 58 AE | CRC OK
I (808116) j1850: A8 3B 10 03 00 00 | CRC OK
I (808116) j1850: load: raw=0x00 (A8 3B 10 param; not gear)
I (808166) j1850: 28 1B 10 02 17 1C C9 | CRC OK
I (808231) j1850: 28 1B 10 02 17 44 FF | CRC OK
I (808297) j1850: 28 1B 10 02 17 24 6B | CRC OK
I (808363) j1850: 28 1B 10 02 16 A4 01 | CRC OK
I (808428) j1850: 28 1B 10 02 16 A0 75 | CRC OK
I (808476) j1850: 68 FF 10 03 86 | CRC OK
I (808484) j1850: 68 88 10 03 44 | CRC OK
I (808494) j1850: 28 1B 10 02 16 9C A3 | CRC OK
I (808501) j1850: C8 88 10 0E BA | CRC OK
I (808507) j1850: A8 49 10 10 45 C6 | CRC OK
I (808508) j1850: temp: raw=0x45 (69) -> 29 C (raw-40, ride-1 confirmed)
I (808513) j1850: C8 89 60 03 9F | CRC OK
I (808519) j1850: E8 89 60 0E 54 | CRC OK
I (808559) j1850: 28 1B 10 02 16 F0 AB | CRC OK
I (808608) j1850: A8 3B 10 03 00 00 | CRC OK
I (808608) j1850: load: raw=0x00 (A8 3B 10 param; not gear)
I (808625) j1850: 28 1B 10 02 17 28 F7 | CRC OK
I (808690) j1850: 28 1B 10 02 17 28 F7 | CRC OK
I (808740) j1850: A8 83 10 0A 00 F0 BC | CRC OK
I (808756) j1850: 28 1B 10 02 16 BC 24 | CRC OK
I (808822) j1850: 28 1B 10 02 16 C8 09 | CRC OK
I (808953) j1850: 28 1B 10 02 16 B8 50 | CRC OK
I (809018) j1850: 28 1B 10 02 16 84 86 | CRC OK
I (809099) j1850: A8 3B 10 03 00 00 | CRC OK
I (809099) j1850: load: raw=0x00 (A8 3B 10 param; not gear)
I (809149) j1850: 28 1B 10 02 16 A4 01 | CRC OK
I (809215) j1850: 28 1B 10 02 16 A0 75 | CRC OK
I (809280) j1850: 28 1B 10 02 16 58 E2 | CRC OK
I (809325) j1850tx: replay: frame 1241 SEND FAILED [TX FAULT]
I (809346) j1850: 28 1B 10 02 16 68 A8 | CRC OK
I (809411) j1850: 28 1B 10 02 16 94 4B | CRC OK
I (809475) j1850tx: replay: frame 1242 SEND FAILED [TX FAULT]
I (809477) j1850: 28 1B 10 02 16 5C 96 | CRC OK
I (809483) j1850: 68 88 10 03 44 | CRC OK
I (809492) j1850: C8 88 10 0E BA | CRC OK
I (809504) j1850: C8 89 60 03 9F | CRC OK
I (809511) j1850: E8 89 60 0E 54 | CRC OK
I (809543) j1850: 28 1B 10 02 16 88 1A | CRC OK
I (809591) j1850: A8 3B 10 03 00 00 | CRC OK
I (809591) j1850: load: raw=0x00 (A8 3B 10 param; not gear)
I (809608) j1850: 28 1B 10 02 16 E8 8E | CRC OK
I (809625) j1850tx: replay: frame 1243 SEND FAILED [TX FAULT]
I (809673) j1850: 28 1B 10 02 16 E4 12 | CRC OK
I (809739) j1850: 28 1B 10 02 16 FC 37 | CRC OK
I (809775) j1850tx: replay: frame 1244 SEND FAILED [TX FAULT]
I (809804) j1850: 28 1B 10 02 17 64 78 | CRC OK
I (809870) j1850: 28 1B 10 02 17 E0 2A | CRC OK
I (809918) j1850: A8 49 10 10 46 E1 | CRC OK
I (809918) j1850: temp: raw=0x46 (70) -> 30 C (raw-40, ride-1 confirmed)
I (809936) j1850: 28 1B 10 02 18 F8 AC | CRC OK
I (809952) j1850: 68 FF 60 03 AD | CRC OK
I (809972) j1850: 68 FF 40 03 D8 | CRC OK
I (810001) j1850: 28 1B 10 02 1D 5C 18 | CRC OK
I (810067) j1850: 28 1B 10 02 1F F8 55 | CRC OK
I (810082) j1850: A8 3B 10 03 00 00 | CRC OK
I (810082) j1850: load: raw=0x00 (A8 3B 10 param; not gear)
I (810132) j1850: 28 1B 10 02 21 24 1F | CRC OK
I (810157) j1850: A8 83 10 0A 01 04 FB | CRC OK
I (810198) j1850: 28 1B 10 02 22 58 0E | CRC OK
I (810263) j1850: 28 1B 10 02 22 B0 54 | CRC OK
I (810329) j1850: 28 1B 10 02 22 E8 62 | CRC OK
I (810395) j1850: 28 1B 10 02 22 5C 7A | CRC OK
I (810460) j1850: 28 1B 10 02 22 48 C3 | CRC OK
I (810475) j1850: 68 FF 10 03 86 | CRC OK
I (810483) j1850: 68 88 10 03 44 | CRC OK
I (810491) j1850: C8 88 10 0E BA | CRC OK
I (810500) j1850: C8 89 60 03 9F | CRC OK
I (810525) j1850: 28 1B 10 02 1F F0 BD | CRC OK
I (810574) j1850: A8 3B 10 03 00 00 | CRC OK
I (810574) j1850: load: raw=0x00 (A8 3B 10 param; not gear)
I (810591) j1850: 28 1B 10 02 1D D4 D6 | CRC OK
I (810657) j1850: 28 1B 10 02 1C 88 D8 | CRC OK
I (810722) j1850: 28 1B 10 02 1B 38 4D | CRC OK
I (810788) j1850: 28 1B 10 02 1A 98 A0 | CRC OK
I (810853) j1850: 28 1B 10 02 19 A8 3E | CRC OK
I (810919) j1850: 28 1B 10 02 18 60 AF | CRC OK
I (810984) j1850: 28 1B 10 02 17 E8 C2 | CRC OK
I (811050) j1850: 28 1B 10 02 17 A0 39 | CRC OK
I (811065) j1850: A8 3B 10 03 00 00 | CRC OK
I (811065) j1850: load: raw=0x00 (A8 3B 10 param; not gear)
I (811115) j1850: 28 1B 10 02 16 DC B0 | CRC OK
I (811181) j1850: 28 1B 10 02 17 20 1F | CRC OK
I (811246) j1850: 28 1B 10 02 16 F4 DF | CRC OK
I (811312) j1850: 28 1B 10 02 16 BC 24 | CRC OK
I (811377) j1850: 28 1B 10 02 16 70 8D | CRC OK
I (811443) j1850: 28 1B 10 02 16 8C 6E | CRC OK
I (811474) j1850: 68 88 10 03 44 | CRC OK
I (811483) j1850: C8 88 10 0E BA | CRC OK
I (811497) j1850: C8 89 60 03 9F | CRC OK
I (811507) j1850: 28 1B 10 02 16 F0 AB | CRC OK
I (811513) j1850: E8 89 60 0E 54 | CRC OK
I (811557) j1850: A8 3B 10 03 00 00 | CRC OK
I (811557) j1850: load: raw=0x00 (A8 3B 10 param; not gear)
I (811574) j1850: 28 1B 10 02 17 08 70 | CRC OK
I (811640) j1850: 28 1B 10 02 16 C8 09 | CRC OK
I (811705) j1850: 28 1B 10 02 16 E4 12 | CRC OK
I (811714) j1850: A8 83 10 0A 01 18 AA | CRC OK
I (811771) j1850: 28 1B 10 02 16 E4 12 | CRC OK
I (811836) j1850: 28 1B 10 02 16 A8 9D | CRC OK
I (811902) j1850: 28 1B 10 02 16 D0 2C | CRC OK
I (811925) j1850tx: replay: frame 1245 SEND FAILED [TX FAULT]
I (811966) j1850: 28 1B 10 02 16 D4 58 | CRC OK
I (811972) j1850: 68 FF 60 03 AD | CRC OK
I (812002) j1850: 68 FF 40 03 D8 | CRC OK
I (812033) j1850: 28 1B 10 02 17 1C C9 | CRC OK
I (812049) j1850: A8 3B 10 03 00 00 | CRC OK
I (812049) j1850: load: raw=0x00 (A8 3B 10 param; not gear)
I (812075) j1850tx: replay: frame 1246 SEND FAILED [TX FAULT]
I (812098) j1850: 28 1B 10 02 17 4C 17 | CRC OK
I (812164) j1850: 28 1B 10 02 16 48 2F | CRC OK
I (812225) j1850tx: replay: frame 1247 SEND FAILED [TX FAULT]
I (812229) j1850: 28 1B 10 02 16 2C CF | CRC OK
I (812295) j1850: 28 1B 10 02 16 E8 8E | CRC OK
I (812360) j1850: 28 1B 10 02 16 6C DC | CRC OK
I (812375) j1850tx: replay: frame 1248 SEND FAILED [TX FAULT]
I (812426) j1850: 28 1B 10 02 16 3C 02 | CRC OK
I (812474) j1850: 68 FF 10 03 86 | CRC OK
I (812482) j1850: 68 88 10 03 44 | CRC OK
I (812490) j1850: 28 1B 10 02 16 10 19 | CRC OK
I (812494) j1850: C8 89 60 03 9F | CRC OK
I (812501) j1850: C8 88 10 0E BA | CRC OK
I (812517) j1850: E8 89 60 0E 54 | CRC OK
I (812540) j1850: A8 3B 10 03 00 00 | CRC OK
I (812540) j1850: load: raw=0x00 (A8 3B 10 param; not gear)
I (812557) j1850: 28 1B 10 02 16 00 D4 | CRC OK
I (812623) j1850: 28 1B 10 02 16 68 A8 | CRC OK
I (812688) j1850: 28 1B 10 02 16 B8 50 | CRC OK
I (812754) j1850: 28 1B 10 02 16 E0 66 | CRC OK
I (812819) j1850: 28 1B 10 02 16 D8 C4 | CRC OK
I (812885) j1850: 28 1B 10 02 16 64 34 | CRC OK
I (812901) j1850: stats: 2352 frames, 3 bad CRC, 0 overruns, 12752 edges, 8 same-level
I (812950) j1850: 28 1B 10 02 16 14 6D | CRC OK
I (813016) j1850: 28 1B 10 02 16 28 BB | CRC OK
I (813032) j1850: A8 3B 10 03 00 00 | CRC OK
I (813032) j1850: load: raw=0x00 (A8 3B 10 param; not gear)
I (813081) j1850: 28 1B 10 02 16 4C 5B | CRC OK
I (813147) j1850: 28 1B 10 02 16 3C 02 | CRC OK
I (813212) j1850: 28 1B 10 02 16 18 F1 | CRC OK
I (813278) j1850: 28 1B 10 02 16 54 7E | CRC OK
I (813343) j1850: 28 1B 10 02 15 C0 35 | CRC OK
I (813409) j1850: 28 1B 10 02 16 30 9E | CRC OK
I (813475) j1850: 28 1B 10 02 16 68 A8 | CRC OK
I (813481) j1850: 68 88 10 03 44 | CRC OK
I (813487) j1850: C8 89 60 03 9F | CRC OK
I (813494) j1850: C8 88 10 0E BA | CRC OK
I (813513) j1850: E8 89 60 0E 54 | CRC OK
I (813523) j1850: A8 3B 10 03 00 00 | CRC OK
I (813523) j1850: load: raw=0x00 (A8 3B 10 param; not gear)
I (813540) j1850: 28 1B 10 02 16 BC 24 | CRC OK
I (813598) j1850: A8 83 10 0A 01 2C 94 | CRC OK
I (813606) j1850: 28 1B 10 02 16 58 E2 | CRC OK
I (813671) j1850: 28 1B 10 02 16 A0 75 | CRC OK
I (813737) j1850: 28 1B 10 02 16 8C 6E | CRC OK
I (813802) j1850: 28 1B 10 02 16 5C 96 | CRC OK
I (813868) j1850: 28 1B 10 02 16 88 1A | CRC OK
I (813933) j1850: 28 1B 10 02 16 50 0A | CRC OK
I (813989) j1850: 68 FF 60 03 AD | CRC OK
I (813999) j1850: 28 1B 10 02 15 44 67 | CRC OK
I (814015) j1850: A8 3B 10 03 00 00 | CRC OK
I (814015) j1850: load: raw=0x00 (A8 3B 10 param; not gear)
I (814032) j1850: 68 FF 40 03 D8 | CRC OK
I (814064) j1850: 28 1B 10 02 15 68 7C | CRC OK
I (814130) j1850: 28 1B 10 02 15 A8 49 | CRC OK
I (814195) j1850: 28 1B 10 02 15 18 25 | CRC OK
I (814261) j1850: 28 1B 10 02 16 48 2F | CRC OK
I (814327) j1850: 28 1B 10 02 16 84 86 | CRC OK
I (814392) j1850: 28 1B 10 02 16 30 9E | CRC OK
I (814458) j1850: 28 1B 10 02 16 98 D7 | CRC OK
I (814472) j1850: 68 FF 10 03 86 | CRC OK
I (814481) j1850: 68 88 10 03 44 | CRC OK
I (814489) j1850: C8 88 10 0E BA | CRC OK
I (814506) j1850: A8 3B 10 03 00 00 | CRC OK
I (814506) j1850: load: raw=0x00 (A8 3B 10 param; not gear)
I (814511) j1850: C8 89 60 03 9F | CRC OK
I (814516) j1850: E8 89 60 0E 54 | CRC OK
I (814523) j1850: 28 1B 10 02 15 DC 64 | CRC OK
I (814525) j1850tx: replay: frame 1249 SEND FAILED [TX FAULT]
I (814589) j1850: 28 1B 10 02 15 94 9F | CRC OK
I (814654) j1850: 28 1B 10 02 15 68 7C | CRC OK
I (814675) j1850tx: replay: frame 1250 SEND FAILED [TX FAULT]
I (814720) j1850: 28 1B 10 02 15 E0 B2 | CRC OK
I (814785) j1850: 28 1B 10 02 15 A4 D5 | CRC OK
I (814825) j1850tx: replay: frame 1251 SEND FAILED [TX FAULT]
I (814851) j1850: 28 1B 10 02 15 D0 F8 | CRC OK
I (814916) j1850: 28 1B 10 02 15 4C 8F | CRC OK
I (814975) j1850tx: replay: frame 1252 SEND FAILED [TX FAULT]
I (814982) j1850: 28 1B 10 02 15 64 E0 | CRC OK
I (814998) j1850: A8 3B 10 03 00 00 | CRC OK
I (814998) j1850: load: raw=0x00 (A8 3B 10 param; not gear)
I (815047) j1850: 28 1B 10 02 16 60 40 | CRC OK
I (815113) j1850: 28 1B 10 02 16 80 F2 | CRC OK
I (815179) j1850: 28 1B 10 02 16 70 8D | CRC OK
I (815244) j1850: 28 1B 10 02 16 24 27 | CRC OK
I (815310) j1850: 28 1B 10 02 16 3C 02 | CRC OK
I (815375) j1850: 28 1B 10 02 16 34 EA | CRC OK
I (815441) j1850: 28 1B 10 02 16 44 B3 | CRC OK
I (815472) j1850: 68 88 10 03 44 | CRC OK
I (815479) j1850: C8 88 10 0E BA | CRC OK
I (815483) j1850: C8 89 60 03 9F | CRC OK
I (815490) j1850: A8 3B 10 03 00 00 | CRC OK
I (815490) j1850: load: raw=0x00 (A8 3B 10 param; not gear)
I (815505) j1850: 28 1B 10 02 16 00 D4 | CRC OK
I (815511) j1850: E8 89 60 0E 54 | CRC OK
I (815564) j1850: A8 83 10 0A 01 40 9C | CRC OK
I (815572) j1850: 28 1B 10 02 15 B4 18 | CRC OK
I (815637) j1850: 28 1B 10 02 15 F0 7F | CRC OK
I (815703) j1850: 28 1B 10 02 16 34 EA | CRC OK
I (815768) j1850: 28 1B 10 02 16 90 3F | CRC OK
I (815834) j1850: 28 1B 10 02 16 B4 CC | CRC OK
I (815900) j1850: 28 1B 10 02 16 AC E9 | CRC OK
I (815981) j1850: A8 3B 10 03 00 00 | CRC OK
I (815981) j1850: load: raw=0x00 (A8 3B 10 param; not gear)
I (816012) j1850: 68 FF 60 03 AD | CRC OK
I (816031) j1850: 28 1B 10 02 15 08 E8 | CRC OK
I (816062) j1850: 68 FF 40 03 D8 | CRC OK
I (816096) j1850: 28 1B 10 02 15 64 E0 | CRC OK
I (816162) j1850: 28 1B 10 02 16 70 8D | CRC OK
I (816227) j1850: 28 1B 10 02 16 44 B3 | CRC OK
I (816293) j1850: 28 1B 10 02 16 1C 85 | CRC OK
I (816358) j1850: 28 1B 10 02 16 94 4B | CRC OK
I (816424) j1850: 28 1B 10 02 16 7C 11 | CRC OK
I (816471) j1850: 68 FF 10 03 86 | CRC OK
I (816480) j1850: 68 88 10 03 44 | CRC OK
I (816489) j1850: 28 1B 10 02 16 60 40 | CRC OK
I (816496) j1850: C8 88 10 0E BA | CRC OK
I (816502) j1850: C8 89 60 03 9F | CRC OK
I (816507) j1850: A8 3B 10 03 00 00 | CRC OK
I (816507) j1850: load: raw=0x00 (A8 3B 10 param; not gear)
I (816513) j1850: E8 89 60 0E 54 | CRC OK
I (816555) j1850: 28 1B 10 02 16 CC 7D | CRC OK
I (816620) j1850: 28 1B 10 02 16 B8 50 | CRC OK
I (816686) j1850: 28 1B 10 02 16 B8 50 | CRC OK
I (816734) j1850: A8 49 10 10 47 FC | CRC OK
I (816734) j1850: temp: raw=0x47 (71) -> 31 C (raw-40, ride-1 confirmed)
I (816752) j1850: 28 1B 10 02 16 AC E9 | CRC OK
I (816817) j1850: 28 1B 10 02 16 70 8D | CRC OK
I (816883) j1850: 28 1B 10 02 16 B4 CC | CRC OK
I (816948) j1850: 28 1B 10 02 16 D0 2C | CRC OK
I (816964) j1850: A8 3B 10 03 00 00 | CRC OK
I (816964) j1850: load: raw=0x00 (A8 3B 10 param; not gear)
I (817014) j1850: 28 1B 10 02 16 C8 09 | CRC OK
I (817079) j1850: 28 1B 10 02 16 44 B3 | CRC OK
I (817125) j1850tx: replay: frame 1253 SEND FAILED [TX FAULT]
I (817145) j1850: 28 1B 10 02 16 3C 02 | CRC OK
I (817210) j1850: 28 1B 10 02 16 78 65 | CRC OK
I (817275) j1850tx: replay: frame 1254 SEND FAILED [TX FAULT]
I (817276) j1850: 28 1B 10 02 16 80 F2 | CRC OK
I (817341) j1850: 28 1B 10 02 16 58 E2 | CRC OK
I (817407) j1850: 28 1B 10 02 16 88 1A | CRC OK
I (817425) j1850tx: replay: frame 1255 SEND FAILED [TX FAULT]
I (817440) j1850: A8 83 10 0A 01 54 25 | CRC OK
I (817455) j1850: A8 3B 10 03 00 00 | CRC OK
I (817455) j1850: load: raw=0x00 (A8 3B 10 param; not gear)
I (817472) j1850: 28 1B 10 02 15 CC A9 | CRC OK
I (817479) j1850: 68 88 10 03 44 | CRC OK
I (817488) j1850: C8 88 10 0E BA | CRC OK
I (817499) j1850: C8 89 60 03 9F | CRC OK
I (817512) j1850: E8 89 60 0E 54 | CRC OK
I (817538) j1850: 28 1B 10 02 16 48 2F | CRC OK
I (817575) j1850tx: replay: frame 1256 SEND FAILED [TX FAULT]
I (817603) j1850: 28 1B 10 02 17 10 55 | CRC OK
I (817669) j1850: 28 1B 10 02 16 D0 2C | CRC OK
I (817735) j1850: 28 1B 10 02 16 48 2F | CRC OK
I (817800) j1850: 28 1B 10 02 16 6C DC | CRC OK
I (817866) j1850: 28 1B 10 02 16 20 53 | CRC OK
I (817931) j1850: 28 1B 10 02 15 B8 84 | CRC OK
I (817947) j1850: A8 3B 10 03 00 00 | CRC OK
I (817947) j1850: load: raw=0x00 (A8 3B 10 param; not gear)
I (817997) j1850: 28 1B 10 02 16 2C CF | CRC OK
I (818020) j1850: 68 FF 60 03 AD | CRC OK
I (818062) j1850: 28 1B 10 02 15 84 52 | CRC OK
I (818092) j1850: 68 FF 40 03 D8 | CRC OK
I (818128) j1850: 28 1B 10 02 15 14 B9 | CRC OK
I (818193) j1850: 28 1B 10 02 15 64 E0 | CRC OK
I (818259) j1850: 28 1B 10 02 15 44 67 | CRC OK
I (818324) j1850: 28 1B 10 02 15 EC 2E | CRC OK
I (818390) j1850: 28 1B 10 02 15 DC 64 | CRC OK
I (818438) j1850: A8 3B 10 03 00 00 | CRC OK
I (818438) j1850: load: raw=0x00 (A8 3B 10 param; not gear)
I (818455) j1850: 28 1B 10 02 16 54 7E | CRC OK
I (818470) j1850: 68 FF 10 03 86 | CRC OK
I (818478) j1850: 68 88 10 03 44 | CRC OK
I (818487) j1850: C8 88 10 0E BA | CRC OK
I (818494) j1850: C8 89 60 03 9F | CRC OK
I (818500) j1850: E8 89 60 0E 54 | CRC OK
I (818521) j1850: 28 1B 10 02 15 F4 0B | CRC OK
I (818587) j1850: 28 1B 10 02 16 4C 5B | CRC OK
I (818652) j1850: 28 1B 10 02 16 50 0A | CRC OK
I (818717) j1850: 28 1B 10 02 16 7C 11 | CRC OK
I (818783) j1850: 28 1B 10 02 17 34 A6 | CRC OK
I (818849) j1850: 28 1B 10 02 16 F4 DF | CRC OK
I (818914) j1850: 28 1B 10 02 16 74 F9 | CRC OK
I (818930) j1850: A8 3B 10 03 00 00 | CRC OK
I (818930) j1850: load: raw=0x00 (A8 3B 10 param; not gear)
I (818980) j1850: 28 1B 10 02 16 7C 11 | CRC OK
I (819045) j1850: 28 1B 10 02 16 04 A0 | CRC OK
I (819111) j1850: 28 1B 10 02 15 D8 10 | CRC OK
I (819176) j1850: 28 1B 10 02 15 70 59 | CRC OK
I (819242) j1850: 28 1B 10 02 15 8C BA | CRC OK
I (819307) j1850: 28 1B 10 02 15 C8 DD | CRC OK
I (819373) j1850: 28 1B 10 02 15 88 CE | CRC OK
I (819422) j1850: A8 3B 10 03 00 00 | CRC OK
I (819422) j1850: load: raw=0x00 (A8 3B 10 param; not gear)
I (819439) j1850: 28 1B 10 02 16 44 B3 | CRC OK
I (819447) j1850: A8 83 10 0A 01 68 F3 | CRC OK
I (819470) j1850: 68 88 10 03 44 | CRC OK
I (819478) j1850: C8 88 10 0E BA | CRC OK
I (819490) j1850: C8 89 60 03 9F | CRC OK
I (819497) j1850: E8 89 60 0E 54 | CRC OK
I (819505) j1850: 28 1B 10 02 15 A8 49 | CRC OK
I (819569) j1850: 28 1B 10 02 15 7C C5 | CRC OK
I (819635) j1850: 28 1B 10 02 15 8C BA | CRC OK
I (819701) j1850: 28 1B 10 02 15 78 B1 | CRC OK
I (819725) j1850tx: replay: frame 1257 SEND FAILED [TX FAULT]
I (819766) j1850: 28 1B 10 02 16 74 F9 | CRC OK
I (819832) j1850: 28 1B 10 02 16 98 D7 | CRC OK
I (819875) j1850tx: replay: frame 1258 SEND FAILED [TX FAULT]
I (819897) j1850: 28 1B 10 02 16 6C DC | CRC OK
I (819913) j1850: A8 3B 10 03 00 00 | CRC OK
I (819913) j1850: load: raw=0x00 (A8 3B 10 param; not gear)
I (819963) j1850: 28 1B 10 02 16 7C 11 | CRC OK
I (820025) j1850tx: replay: frame 1259 SEND FAILED [TX FAULT]
I (820028) j1850: 28 1B 10 02 15 DC 64 | CRC OK
I (820037) j1850: 68 FF 60 03 AD | CRC OK
I (820094) j1850: 28 1B 10 02 15 80 26 | CRC OK
I (820122) j1850: 68 FF 40 03 D8 | CRC OK
I (820160) j1850: 28 1B 10 02 15 B8 84 | CRC OK
I (820175) j1850tx: replay: frame 1260 SEND FAILED [TX FAULT]
I (820225) j1850: 28 1B 10 02 15 C0 35 | CRC OK
I (820291) j1850: 28 1B 10 02 15 80 26 | CRC OK
I (820356) j1850: 28 1B 10 02 15 7C C5 | CRC OK
I (820405) j1850: A8 3B 10 03 00 00 | CRC OK
I (820405) j1850: load: raw=0x00 (A8 3B 10 param; not gear)
I (820422) j1850: 28 1B 10 02 16 68 A8 | CRC OK
I (820469) j1850: 68 FF 10 03 86 | CRC OK
I (820477) j1850: 68 88 10 03 44 | CRC OK
I (820486) j1850: 28 1B 10 02 16 90 3F | CRC OK
I (820490) j1850: C8 89 60 03 9F | CRC OK
I (820496) j1850: C8 88 10 0E BA | CRC OK
I (820518) j1850: E8 89 60 0E 54 | CRC OK
I (820553) j1850: 28 1B 10 02 16 80 F2 | CRC OK
I (820618) j1850: 28 1B 10 02 15 14 B9 | CRC OK
I (820684) j1850: 28 1B 10 02 15 20 87 | CRC OK
I (820749) j1850: 28 1B 10 02 15 34 3E | CRC OK
I (820815) j1850: 28 1B 10 02 15 40 13 | CRC OK
I (820880) j1850: 28 1B 10 02 15 68 7C | CRC OK
I (820896) j1850: A8 3B 10 03 00 00 | CRC OK
I (820896) j1850: load: raw=0x00 (A8 3B 10 param; not gear)
I (820946) j1850: 28 1B 10 02 15 98 03 | CRC OK
I (821012) j1850: 28 1B 10 02 16 80 F2 | CRC OK
I (821077) j1850: 28 1B 10 02 16 7C 11 | CRC OK
I (821143) j1850: 28 1B 10 02 16 50 0A | CRC OK
I (821208) j1850: 28 1B 10 02 16 38 76 | CRC OK
I (821273) j1850: 28 1B 10 02 15 C4 41 | CRC OK
I (821339) j1850: 28 1B 10 02 16 10 19 | CRC OK
I (821388) j1850: A8 3B 10 03 00 00 | CRC OK
I (821388) j1850: load: raw=0x00 (A8 3B 10 param; not gear)
I (821405) j1850: 28 1B 10 02 16 7C 11 | CRC OK
I (821446) j1850: A8 83 10 0A 01 7C 4A | CRC OK
I (821470) j1850: 28 1B 10 02 16 80 F2 | CRC OK
