I (42767) j1850: stats: 0 frames, 0 bad CRC, 0 overruns, 0 edges, 0 same-level
I (47112) j1850: raw  1: low  44353945 us
I (47112) j1850: raw  2: HIGH   190 us
I (47112) j1850: raw  3: low     76 us
I (47112) j1850: raw  4: HIGH    52 us
I (47115) j1850: raw  5: low    140 us
I (47118) j1850: raw  6: HIGH   117 us
I (47122) j1850: raw  7: low    141 us
I (47125) j1850: raw  8: HIGH   116 us
I (47129) j1850: raw  9: low     76 us
I (47132) j1850: raw 10: HIGH   117 us
I (47136) j1850: raw 11: low    141 us
I (47139) j1850: raw 12: HIGH    51 us
I (47143) j1850: raw 13: low    142 us
I (47146) j1850: raw 14: HIGH    51 us
I (47150) j1850: raw 15: low    141 us
I (47153) j1850: raw 16: HIGH    52 us
I (47157) j1850: raw 17: low    141 us
I (47160) j1850: raw 18: HIGH    51 us
I (47164) j1850: raw 19: low     76 us
I (47167) j1850: raw 20: HIGH    52 us
I (47171) j1850: raw 21: low     76 us
I (47174) j1850: raw 22: HIGH   117 us
I (47178) j1850: raw 23: low     76 us
I (47181) j1850: raw 24: HIGH   122 us
I (47184) j1850: raw 25: low     71 us
I (47188) j1850: raw 26: HIGH   116 us
I (47191) j1850: raw 27: low     76 us
I (47195) j1850: raw 28: HIGH   117 us
I (47198) j1850: raw 29: low     76 us
I (47202) j1850: raw 30: HIGH   117 us
I (47205) j1850: raw 31: low     75 us
I (47209) j1850: raw 32: HIGH   119 us
I (47212) j1850: raw 33: low    139 us
I (47216) j1850: raw 34: HIGH   117 us
I (47219) j1850: raw 35: low    141 us
I (47223) j1850: raw 36: HIGH    57 us
I (47226) j1850: raw 37: low     70 us
I (47230) j1850: raw 38: HIGH   117 us
I (47233) j1850: raw 39: low     76 us
I (47237) j1850: raw 40: HIGH    52 us
I (47240) j1850: raw 41: low     76 us
I (47243) j1850: raw 42: HIGH    51 us
I (47247) j1850: raw 43: low  97896 us
I (47250) j1850: 68 FF 40 02 C5 | CRC OK
I (47254) j1850: raw 44: HIGH   190 us
I (47258) j1850: raw 45: low     75 us
I (47261) j1850: raw 46: HIGH    52 us
I (47264) j1850: raw 47: low     76 us
I (47268) j1850: raw 48: HIGH   117 us
I (47271) j1850: raw 49: low    141 us
I (47275) j1850: raw 50: HIGH   116 us
I (47278) j1850: raw 51: low     76 us
I (47282) j1850: raw 52: HIGH   117 us
I (47285) j1850: raw 53: low    141 us
I (47289) j1850: raw 54: HIGH   116 us
I (47292) j1850: raw 55: low     76 us
I (47296) j1850: raw 56: HIGH    52 us
I (47299) j1850: raw 57: low     76 us
I (47303) j1850: raw 58: HIGH   117 us
I (47306) j1850: raw 59: low    141 us
I (47310) j1850: raw 60: HIGH   116 us
I (47313) j1850: raw 61: low     76 us
I (47317) j1850: raw 62: HIGH    52 us
I (47320) j1850: raw 63: low     76 us
I (47324) j1850: raw 64: HIGH   117 us
I (47327) j1850: 48 92 40 AA FF FF 5B | CRC OK
I (47331) j1850: 48 92 40 AA FF FF 5B | CRC OK
I (47335) j1850: 68 FF 40 03 D8 | CRC OK
I (47339) j1850: 48 DA 40 39 00 70 | CRC OK
I (47343) j1850: 29 FE 40 01 64 | CRC OK
I (47347) j1850: 48 3B 40 02 29 | CRC OK
I (47350) j1850: 48 3B 40 A0 B2 | CRC OK
I (47354) j1850: 29 FE 60 01 11 | CRC OK
I (47360) j1850: 68 93 60 AA FF FF 53 | CRC OK
I (47464) j1850: 48 DA 40 39 00 70 | CRC OK
I (47873) j1850: 29 FE 60 01 11 | CRC OK
I (47878) j1850: 69 93 60 2A 18 | CRC OK
I (47884) j1850: 68 FF 60 03 AD | CRC OK
I (47893) j1850: 48 92 40 AA FF FF 5B | CRC OK
I (47925) j1850: 68 93 60 AA FF FF 53 | CRC OK
I (49027) j1850: 68 FF 40 03 D8 | CRC OK
I (49037) j1850: 29 FE 40 01 64 | CRC OK
I (49218) j1850: 29 FE 60 01 11 | CRC OK
I (49224) j1850: 68 FF 60 03 AD | CRC OK
I (49900) j1850: 48 DA 40 39 00 70 | CRC OK
I (51039) j1850: 48 92 40 2A 00 00 1E | CRC OK
I (51056) j1850: 68 FF 40 03 D8 | CRC OK
I (51063) j1850: 68 93 60 2A 00 00 16 | CRC OK
I (51069) j1850: 29 FE 40 01 64 | CRC OK
I (51234) j1850: 29 FE 60 01 11 | CRC OK
I (51240) j1850: 68 FF 60 03 AD | CRC OK
I (51278) j1850: 8C FE 10 60 1F | CRC OK
I (51344) j1850: 28 FF 10 01 07 07 | CRC OK
I (51410) j1850: 28 FF 10 01 07 07 | CRC OK
I (51540) j1850: 68 FF 10 03 86 | CRC OK
I (51549) j1850: A8 69 10 86 00 00 D7 | CRC OK
I (51554) j1850: 08 62 40 20 01 96 | CRC OK
I (51560) j1850: 28 1B 10 02 00 00 D5 | CRC OK
I (51567) j1850: 48 92 40 2A 00 00 1E | CRC OK
I (51573) j1850: 28 1B 10 02 00 00 D5 | CRC OK
I (51577) j1850: 68 FF 40 03 D8 | CRC OK
I (51583) j1850: 48 29 10 02 00 00 56 | CRC OK
I (51583) j1850: speed: raw=0 -> 0 mph (counts/188, km/h-native; DIV provisional, GPS to lock)
I (51588) j1850: 48 DA 40 39 00 70 | CRC OK
I (51594) j1850: 68 93 60 2A 00 00 16 | CRC OK
I (51599) j1850: 48 3B 40 02 29 | CRC OK
I (51604) j1850: 68 88 10 83 62 | CRC OK
I (51608) j1850: 48 3B 40 A0 B2 | CRC OK
I (51615) j1850: C8 88 10 0E BA | CRC OK
I (51623) j1850: A8 3B 10 03 00 00 | CRC OK
I (51623) j1850: load: raw=0x00 (A8 3B 10 param; not gear)
I (51631) j1850: A8 49 10 10 3B 39 | CRC OK
I (51631) j1850: temp: raw=0x3B (59) -> 19 C (raw-40, ride-1 confirmed)
I (51635) j1850: C8 89 60 83 B9 | CRC OK
I (51641) j1850: 28 1B 10 02 00 00 D5 | CRC OK
I (51647) j1850: E8 89 60 0E 54 | CRC OK
I (51657) j1850: A8 83 10 8A 00 00 03 | CRC OK
I (51664) j1850: 28 93 10 02 00 8C | CRC OK
I (51672) j1850: 08 63 10 20 01 73 | CRC OK
I (51680) j1850: 68 88 10 0B AC | CRC OK
I (51688) j1850: 68 63 10 26 00 85 | CRC OK
I (51696) j1850: 68 62 10 01 E1 | CRC OK
I (51706) j1850: 28 1B 10 02 00 00 D5 | CRC OK
I (51712) j1850: 68 62 10 21 66 | CRC OK
I (51737) j1850: 09 63 10 20 B7 | CRC OK
I (51747) j1850: 08 62 40 20 01 96 | CRC OK
I (51754) j1850: A8 3B 10 03 00 00 | CRC OK
I (51754) j1850: load: raw=0x00 (A8 3B 10 param; not gear)
I (51762) j1850: 08 63 10 20 01 73 | CRC OK
I (51771) j1850: 28 1B 10 02 00 00 D5 | CRC OK
I (51798) j1850: 48 DA 40 39 00 70 | CRC OK
I (51837) j1850: 28 1B 10 02 00 00 D5 | CRC OK
I (51902) j1850: 28 1B 10 02 00 00 D5 | CRC OK
I (51968) j1850: 28 1B 10 02 00 00 D5 | CRC OK
I (52033) j1850: 28 1B 10 02 00 00 D5 | CRC OK
I (52099) j1850: 28 1B 10 02 00 00 D5 | CRC OK
I (52108) j1850: 68 FF 60 03 AD | CRC OK
I (52164) j1850: 28 1B 10 02 00 00 D5 | CRC OK
I (52230) j1850: 28 1B 10 02 00 00 D5 | CRC OK
I (52246) j1850: A8 3B 10 03 00 00 | CRC OK
I (52246) j1850: load: raw=0x00 (A8 3B 10 param; not gear)
I (52278) j1850: 68 FF 10 03 86 | CRC OK
I (52286) j1850: 68 88 10 83 62 | CRC OK
I (52295) j1850: 28 1B 10 02 00 00 D5 | CRC OK
I (52302) j1850: C8 88 10 0E BA | CRC OK
I (52308) j1850: C8 89 60 83 B9 | CRC OK
I (52314) j1850: E8 89 60 0E 54 | CRC OK
I (52361) j1850: 28 1B 10 02 00 00 D5 | CRC OK
I (52426) j1850: 28 1B 10 02 00 00 D5 | CRC OK
I (52492) j1850: 28 1B 10 02 00 00 D5 | CRC OK
I (52558) j1850: 28 1B 10 02 00 00 D5 | CRC OK
I (52623) j1850: 28 1B 10 02 00 00 D5 | CRC OK
I (52689) j1850: 28 1B 10 02 00 00 D5 | CRC OK
I (52737) j1850: A8 3B 10 03 00 00 | CRC OK
I (52737) j1850: load: raw=0x00 (A8 3B 10 param; not gear)
I (52754) j1850: 28 1B 10 02 00 00 D5 | CRC OK
I (52768) j1850: stats: 86 frames, 0 bad CRC, 0 overruns, 4268 edges, 0 same-level
I (52820) j1850: 28 1B 10 02 00 00 D5 | CRC OK
I (52885) j1850: 28 1B 10 02 00 00 D5 | CRC OK
I (52951) j1850: 28 1B 10 02 00 00 D5 | CRC OK
I (53016) j1850: 28 1B 10 02 00 00 D5 | CRC OK
I (53082) j1850: 28 1B 10 02 00 00 D5 | CRC OK
I (53147) j1850: 28 1B 10 02 00 00 D5 | CRC OK
I (53213) j1850: 28 1B 10 02 00 00 D5 | CRC OK
I (53229) j1850: A8 3B 10 03 00 00 | CRC OK
I (53229) j1850: load: raw=0x00 (A8 3B 10 param; not gear)
I (53278) j1850: 28 1B 10 02 00 00 D5 | CRC OK
I (53285) j1850: 68 88 10 83 62 | CRC OK
I (53294) j1850: C8 88 10 0E BA | CRC OK
I (53310) j1850: C8 89 60 83 B9 | CRC OK
I (53316) j1850: E8 89 60 0E 54 | CRC OK
I (53344) j1850: 28 1B 10 02 00 00 D5 | CRC OK
I (53410) j1850: 28 1B 10 02 00 00 D5 | CRC OK
I (53462) j1850: 68 FF 40 03 D8 | CRC OK
I (53475) j1850: 28 1B 10 02 00 00 D5 | CRC OK
I (53541) j1850: 28 1B 10 02 00 00 D5 | CRC OK
I (53599) j1850: 68 FF 60 03 AD | CRC OK
I (53607) j1850: 28 1B 10 02 00 00 D5 | CRC OK
I (53672) j1850: 28 1B 10 02 00 00 D5 | CRC OK
I (53720) j1850: A8 3B 10 03 00 00 | CRC OK
I (53720) j1850: load: raw=0x00 (A8 3B 10 param; not gear)
I (53737) j1850: 28 1B 10 02 00 00 D5 | CRC OK
I (53803) j1850: 28 1B 10 02 00 00 D5 | CRC OK
I (53868) j1850: 28 1B 10 02 00 00 D5 | CRC OK
I (53934) j1850: 28 1B 10 02 00 00 D5 | CRC OK
I (53999) j1850: 28 1B 10 02 00 00 D5 | CRC OK
I (54065) j1850: 28 1B 10 02 00 00 D5 | CRC OK
I (54130) j1850: 28 1B 10 02 00 00 D5 | CRC OK
I (54196) j1850: 28 1B 10 02 00 00 D5 | CRC OK
I (54212) j1850: A8 3B 10 03 00 00 | CRC OK
I (54212) j1850: load: raw=0x00 (A8 3B 10 param; not gear)
I (54235) j1850: 48 DA 40 39 00 70 | CRC OK
I (54261) j1850: 28 1B 10 02 00 00 D5 | CRC OK
I (54276) j1850: 68 FF 10 03 86 | CRC OK
I (54285) j1850: 68 88 10 83 62 | CRC OK
I (54293) j1850: C8 88 10 0E BA | CRC OK
I (54300) j1850: C8 89 60 83 B9 | CRC OK
I (54306) j1850: E8 89 60 0E 54 | CRC OK
I (54327) j1850: 28 1B 10 02 00 00 D5 | CRC OK
I (54393) j1850: 28 1B 10 02 00 00 D5 | CRC OK
I (54458) j1850: 28 1B 10 02 00 00 D5 | CRC OK
I (54524) j1850: 28 1B 10 02 00 00 D5 | CRC OK
I (54589) j1850: 28 1B 10 02 00 00 D5 | CRC OK
I (54655) j1850: 28 1B 10 02 00 00 D5 | CRC OK
I (54703) j1850: A8 3B 10 03 00 00 | CRC OK
I (54703) j1850: load: raw=0x00 (A8 3B 10 param; not gear)
I (54720) j1850: 28 1B 10 02 00 00 D5 | CRC OK
I (54786) j1850: 28 1B 10 02 00 00 D5 | CRC OK
I (54851) j1850: 28 1B 10 02 00 00 D5 | CRC OK
I (54917) j1850: 28 1B 10 02 00 00 D5 | CRC OK
I (54982) j1850: 28 1B 10 02 00 00 D5 | CRC OK
I (55048) j1850: 28 1B 10 02 00 00 D5 | CRC OK
I (55113) j1850: 28 1B 10 02 00 00 D5 | CRC OK
I (55179) j1850: 28 1B 10 02 00 00 D5 | CRC OK
I (55195) j1850: A8 3B 10 03 00 00 | CRC OK
I (55195) j1850: load: raw=0x00 (A8 3B 10 param; not gear)
I (55245) j1850: 28 1B 10 02 00 00 D5 | CRC OK
I (55251) j1850: 68 88 10 03 44 | CRC OK
I (55270) j1850: C8 89 60 03 9F | CRC OK
I (55276) j1850: 68 88 10 03 44 | CRC OK
I (55284) j1850: C8 88 10 0E BA | CRC OK
I (55297) j1850: C8 89 60 03 9F | CRC OK
I (55302) j1850: E8 89 60 0E 54 | CRC OK
I (55310) j1850: 28 1B 10 02 00 00 D5 | CRC OK
I (55376) j1850: 28 1B 10 02 00 00 D5 | CRC OK
I (55441) j1850: 28 1B 10 02 00 00 D5 | CRC OK
I (55492) j1850: 68 FF 40 03 D8 | CRC OK
I (55507) j1850: 28 1B 10 02 00 00 D5 | CRC OK
I (55572) j1850: 28 1B 10 02 00 00 D5 | CRC OK
I (55621) j1850: 68 FF 60 03 AD | CRC OK
I (55638) j1850: 28 1B 10 02 00 00 D5 | CRC OK
I (55686) j1850: A8 3B 10 03 00 00 | CRC OK
I (55686) j1850: load: raw=0x00 (A8 3B 10 param; not gear)
I (55703) j1850: 28 1B 10 02 00 00 D5 | CRC OK
I (55769) j1850: 28 1B 10 02 00 00 D5 | CRC OK
I (55834) j1850: 28 1B 10 02 00 00 D5 | CRC OK
I (55900) j1850: 28 1B 10 02 00 00 D5 | CRC OK
I (55965) j1850: 28 1B 10 02 00 00 D5 | CRC OK
I (56031) j1850: 28 1B 10 02 00 00 D5 | CRC OK
I (56097) j1850: 28 1B 10 02 00 00 D5 | CRC OK
I (56162) j1850: 28 1B 10 02 00 00 D5 | CRC OK
I (56178) j1850: A8 3B 10 03 00 00 | CRC OK
I (56178) j1850: load: raw=0x00 (A8 3B 10 param; not gear)
I (56228) j1850: 28 1B 10 02 00 00 D5 | CRC OK
I (56275) j1850: 68 FF 10 03 86 | CRC OK
I (56283) j1850: 68 88 10 03 44 | CRC OK
I (56292) j1850: 28 1B 10 02 00 00 D5 | CRC OK
I (56296) j1850: C8 89 60 03 9F | CRC OK
I (56302) j1850: C8 88 10 0E BA | CRC OK
I (56317) j1850: E8 89 60 0E 54 | CRC OK
I (56359) j1850: 28 1B 10 02 00 00 D5 | CRC OK
I (56424) j1850: 28 1B 10 02 00 00 D5 | CRC OK
I (56490) j1850: 28 1B 10 02 00 00 D5 | CRC OK
I (56555) j1850: 28 1B 10 02 00 00 D5 | CRC OK
I (56621) j1850: 28 1B 10 02 00 00 D5 | CRC OK
I (56674) j1850: 48 DA 40 39 00 70 | CRC OK
I (56686) j1850: 28 1B 10 02 00 00 D5 | CRC OK
I (56752) j1850: 28 1B 10 02 00 00 D5 | CRC OK
I (56817) j1850: 28 1B 10 02 00 00 D5 | CRC OK
I (56883) j1850: 28 1B 10 02 04 84 AA | CRC OK
I (56949) j1850: 28 1B 10 02 08 5C CD | CRC OK
I (57014) j1850: 28 1B 10 02 05 64 54 | CRC OK
I (57079) j1850: 28 1B 10 02 04 D4 74 | CRC OK
I (57145) j1850: 28 1B 10 02 08 F0 F0 | CRC OK
I (57161) j1850: A8 3B 10 03 00 00 | CRC OK
I (57161) j1850: load: raw=0x00 (A8 3B 10 param; not gear)
I (57203) j1850: A8 83 10 0A 00 15 67 | CRC OK
I (57211) j1850: 28 1B 10 02 04 EC D6 | CRC OK
I (57276) j1850: 28 1B 10 02 15 D0 F8 | CRC OK
I (57283) j1850: 68 88 10 03 44 | CRC OK
I (57290) j1850: C8 88 10 0E BA | CRC OK
I (57296) j1850: C8 89 60 03 9F | CRC OK
I (57312) j1850: E8 89 60 0E 54 | CRC OK
I (57342) j1850: 28 1B 10 02 16 E0 66 | CRC OK
I (57398) j1850: 29 92 10 01 60 | CRC OK
I (57406) j1850: 28 1B 10 02 17 B0 F4 | CRC OK
I (57414) j1850: 28 93 40 01 FF FF 39 | CRC OK
I (57473) j1850: 28 1B 10 02 18 30 71 | CRC OK
I (57523) j1850: 68 FF 40 03 D8 | CRC OK
I (57529) j1850: 28 93 10 02 01 91 | CRC OK
I (57538) j1850: 28 1B 10 02 1C 24 E5 | CRC OK
I (57604) j1850: 28 1B 10 02 1E 14 37 | CRC OK
I (57636) j1850: 68 FF 60 03 AD | CRC OK
I (57653) j1850: A8 3B 10 03 00 00 | CRC OK
I (57653) j1850: load: raw=0x00 (A8 3B 10 param; not gear)
I (57670) j1850: 28 1B 10 02 1E AC B3 | CRC OK
I (57735) j1850: 28 1B 10 02 1E 50 50 | CRC OK
I (57801) j1850: 28 1B 10 02 1D F8 CD | CRC OK
I (57866) j1850: 28 1B 10 02 1D 64 BA | CRC OK
I (57932) j1850: 28 1B 10 02 1D AC 67 | CRC OK
I (57948) j1850: A8 83 10 0A 00 29 B1 | CRC OK
I (57997) j1850: 28 1B 10 02 1D 38 F8 | CRC OK
I (58063) j1850: 28 1B 10 02 1C C8 CB | CRC OK
I (58128) j1850: 28 1B 10 02 1C 58 20 | CRC OK
I (58144) j1850: A8 3B 10 03 00 00 | CRC OK
I (58144) j1850: load: raw=0x00 (A8 3B 10 param; not gear)
I (58194) j1850: 28 1B 10 02 1C 14 AF | CRC OK
I (58259) j1850: 28 1B 10 02 1C 18 33 | CRC OK
I (58274) j1850: 68 FF 10 03 86 | CRC OK
I (58282) j1850: 68 88 10 03 44 | CRC OK
I (58291) j1850: C8 88 10 0E BA | CRC OK
I (58308) j1850: C8 89 60 03 9F | CRC OK
I (58314) j1850: E8 89 60 0E 54 | CRC OK
I (58325) j1850: 28 1B 10 02 1B 90 04 | CRC OK
I (58391) j1850: 28 1B 10 02 1B A4 3A | CRC OK
I (58456) j1850: 28 1B 10 02 1A C8 7E | CRC OK
I (58522) j1850: 28 1B 10 02 1A 60 37 | CRC OK
I (58587) j1850: 28 1B 10 02 1B 08 07 | CRC OK
I (58636) j1850: A8 3B 10 03 00 00 | CRC OK
I (58636) j1850: load: raw=0x00 (A8 3B 10 param; not gear)
I (58653) j1850: 28 1B 10 02 1A FC 40 | CRC OK
I (58718) j1850: 28 1B 10 02 1A D4 2F | CRC OK
I (58784) j1850: 28 1B 10 02 1A C8 7E | CRC OK
I (58849) j1850: 28 1B 10 02 1A A4 76 | CRC OK
I (58915) j1850: 28 1B 10 02 19 B0 1B | CRC OK
I (58981) j1850: 28 1B 10 02 19 C8 AA | CRC OK
I (59022) j1850: A8 83 10 0A 00 3D 08 | CRC OK
I (59046) j1850: 28 1B 10 02 1A 1C F2 | CRC OK
I (59111) j1850: 28 1B 10 02 19 8C CD | CRC OK
I (59127) j1850: A8 3B 10 03 00 00 | CRC OK
I (59127) j1850: load: raw=0x00 (A8 3B 10 param; not gear)
I (59177) j1850: 28 1B 10 02 19 A0 D6 | CRC OK
I (59243) j1850: 28 1B 10 02 19 0C EB | CRC OK
I (59274) j1850: 68 88 10 03 44 | CRC OK
I (59279) j1850: C8 89 60 03 9F | CRC OK
I (59285) j1850: C8 88 10 0E BA | CRC OK
I (59303) j1850: E8 89 60 0E 54 | CRC OK
I (59311) j1850: 28 1B 10 02 19 10 BA | CRC OK
I (59374) j1850: 28 1B 10 02 18 B8 BF | CRC OK
I (59439) j1850: 28 1B 10 02 18 9C 4C | CRC OK
I (59505) j1850: 28 1B 10 02 18 74 16 | CRC OK
I (59553) j1850: 68 FF 40 03 D8 | CRC OK
I (59570) j1850: 28 1B 10 02 18 E0 89 | CRC OK
I (59619) j1850: A8 3B 10 03 00 00 | CRC OK
I (59619) j1850: load: raw=0x00 (A8 3B 10 param; not gear)
I (59636) j1850: 28 1B 10 02 18 D0 C3 | CRC OK
I (59653) j1850: 68 FF 60 03 AD | CRC OK
I (59702) j1850: 28 1B 10 02 19 20 F0 | CRC OK
I (59767) j1850: 28 1B 10 02 19 B4 6F | CRC OK
I (59832) j1850: 28 1B 10 02 19 A0 D6 | CRC OK
I (59898) j1850: 28 1B 10 02 19 AC 4A | CRC OK
I (59963) j1850: 28 1B 10 02 19 98 74 | CRC OK
I (60029) j1850: 28 1B 10 02 19 08 9F | CRC OK
I (60095) j1850: 28 1B 10 02 19 48 8C | CRC OK
I (60110) j1850: A8 3B 10 03 00 00 | CRC OK
I (60110) j1850: load: raw=0x00 (A8 3B 10 param; not gear)
I (60160) j1850: 28 1B 10 02 19 70 2E | CRC OK
I (60168) j1850: A8 83 10 0A 00 51 00 | CRC OK
I (60225) j1850: 28 1B 10 02 19 44 10 | CRC OK
I (60273) j1850: 68 FF 10 03 86 | CRC OK
I (60281) j1850: 68 88 10 03 44 | CRC OK
I (60291) j1850: 28 1B 10 02 19 AC 4A | CRC OK
I (60296) j1850: C8 88 10 0E BA | CRC OK
I (60302) j1850: C8 89 60 03 9F | CRC OK
I (60326) j1850: E8 89 60 0E 54 | CRC OK
I (60357) j1850: 28 1B 10 02 1A 00 A3 | CRC OK
I (60422) j1850: 28 1B 10 02 19 E0 C5 | CRC OK
I (60487) j1850: 28 1B 10 02 19 5C 35 | CRC OK
I (60553) j1850: 28 1B 10 02 18 F0 44 | CRC OK
I (60602) j1850: A8 3B 10 03 00 00 | CRC OK
I (60602) j1850: load: raw=0x00 (A8 3B 10 param; not gear)
I (60619) j1850: 28 1B 10 02 19 4C F8 | CRC OK
I (60684) j1850: 28 1B 10 02 18 C0 0E | CRC OK
I (60750) j1850: 28 1B 10 02 18 A0 9A | CRC OK
I (60815) j1850: 28 1B 10 02 18 94 A4 | CRC OK
I (60881) j1850: 28 1B 10 02 18 CC 92 | CRC OK
I (60947) j1850: 28 1B 10 02 19 08 9F | CRC OK
I (61012) j1850: 28 1B 10 02 19 7C B2 | CRC OK
I (61078) j1850: 28 1B 10 02 19 7C B2 | CRC OK
I (61093) j1850: A8 3B 10 03 00 00 | CRC OK
I (61093) j1850: load: raw=0x00 (A8 3B 10 param; not gear)
I (61143) j1850: 28 1B 10 02 19 4C F8 | CRC OK
I (61209) j1850: 28 1B 10 02 18 EC 15 | CRC OK
I (61274) j1850: 28 1B 10 02 18 10 F6 | CRC OK
I (61281) j1850: 68 88 10 03 44 | CRC OK
I (61289) j1850: C8 88 10 0E BA | CRC OK
I (61303) j1850: C8 89 60 03 9F | CRC OK
I (61308) j1850: E8 89 60 0E 54 | CRC OK
I (61340) j1850: 28 1B 10 02 18 08 D3 | CRC OK
I (61405) j1850: 28 1B 10 02 18 08 D3 | CRC OK
I (61414) j1850: A8 83 10 0A 00 65 3E | CRC OK
I (61471) j1850: 28 1B 10 02 18 64 DB | CRC OK
I (61536) j1850: 28 1B 10 02 18 90 D0 | CRC OK
I (61581) j1850: 68 FF 40 03 D8 | CRC OK
I (61588) j1850: A8 3B 10 03 00 00 | CRC OK
I (61588) j1850: load: raw=0x00 (A8 3B 10 param; not gear)
I (61602) j1850: 28 1B 10 02 18 64 DB | CRC OK
I (61666) j1850: 28 1B 10 02 18 EC 15 | CRC OK
I (61672) j1850: 68 FF 60 03 AD | CRC OK
I (61733) j1850: 28 1B 10 02 18 F4 30 | CRC OK
I (61799) j1850: 28 1B 10 02 18 C0 0E | CRC OK
I (61864) j1850: 28 1B 10 02 18 98 38 | CRC OK
I (61930) j1850: 28 1B 10 02 18 08 D3 | CRC OK
I (61995) j1850: 28 1B 10 02 18 34 05 | CRC OK
I (62061) j1850: 28 1B 10 02 18 28 54 | CRC OK
I (62076) j1850: A8 3B 10 03 00 00 | CRC OK
I (62076) j1850: load: raw=0x00 (A8 3B 10 param; not gear)
I (62126) j1850: 28 1B 10 02 18 84 69 | CRC OK
I (62192) j1850: 28 1B 10 02 18 20 BC | CRC OK
I (62257) j1850: 28 1B 10 02 17 EC B6 | CRC OK
I (62272) j1850: 68 FF 10 03 86 | CRC OK
I (62280) j1850: 68 88 10 03 44 | CRC OK
I (62288) j1850: C8 88 10 0E BA | CRC OK
I (62294) j1850: C8 89 60 03 9F | CRC OK
I (62316) j1850: E8 89 60 0E 54 | CRC OK
I (62324) j1850: 28 1B 10 02 18 34 05 | CRC OK
I (62388) j1850: 28 1B 10 02 17 D4 14 | CRC OK
I (62454) j1850: 28 1B 10 02 17 38 3A | CRC OK
I (62519) j1850: 28 1B 10 02 17 F0 E7 | CRC OK
I (62568) j1850: A8 3B 10 03 00 00 | CRC OK
I (62568) j1850: load: raw=0x00 (A8 3B 10 param; not gear)
I (62585) j1850: 28 1B 10 02 17 8C 22 | CRC OK
I (62650) j1850: 28 1B 10 02 18 5C 79 | CRC OK
I (62716) j1850: 28 1B 10 02 17 C4 D9 | CRC OK
I (62733) j1850: A8 83 10 0A 00 79 6F | CRC OK
I (62769) j1850: stats: 325 frames, 0 bad CRC, 0 overruns, 13037 edges, 231 same-level
I (62782) j1850: 28 1B 10 02 17 88 56 | CRC OK
I (62847) j1850: 28 1B 10 02 17 A8 D1 | CRC OK
I (62913) j1850: 28 1B 10 02 18 14 82 | CRC OK
I (62978) j1850: 28 1B 10 02 17 F8 0F | CRC OK
I (63044) j1850: 28 1B 10 02 18 14 82 | CRC OK
I (63059) j1850: A8 3B 10 03 00 00 | CRC OK
I (63059) j1850: load: raw=0x00 (A8 3B 10 param; not gear)
I (63109) j1850: 28 1B 10 02 17 64 78 | CRC OK
I (63175) j1850: 28 1B 10 02 17 88 56 | CRC OK
I (63240) j1850: 28 1B 10 02 17 BC 68 | CRC OK
I (63271) j1850: 68 88 10 03 44 | CRC OK
I (63280) j1850: C8 88 10 0E BA | CRC OK
I (63297) j1850: C8 89 60 03 9F | CRC OK
I (63301) j1850: E8 89 60 0E 54 | CRC OK
I (63309) j1850: 28 1B 10 02 16 CC 7D | CRC OK
I (63371) j1850: 28 1B 10 02 17 18 BD | CRC OK
I (63437) j1850: 28 1B 10 02 17 48 63 | CRC OK
I (63502) j1850: 28 1B 10 02 17 DC FC | CRC OK
I (63551) j1850: A8 3B 10 03 00 00 | CRC OK
I (63551) j1850: load: raw=0x00 (A8 3B 10 param; not gear)
I (63568) j1850: 28 1B 10 02 17 D8 88 | CRC OK
I (63613) j1850: 68 FF 40 03 D8 | CRC OK
I (63634) j1850: 28 1B 10 02 17 24 6B | CRC OK
I (63687) j1850: 68 FF 60 03 AD | CRC OK
I (63699) j1850: 28 1B 10 02 17 84 CA | CRC OK
I (63765) j1850: 28 1B 10 02 17 98 9B | CRC OK
I (63830) j1850: 28 1B 10 02 17 A0 39 | CRC OK
I (63896) j1850: 28 1B 10 02 17 D8 88 | CRC OK
I (63961) j1850: 28 1B 10 02 17 D4 14 | CRC OK
I (64027) j1850: 28 1B 10 02 18 0C A7 | CRC OK
I (64042) j1850: A8 3B 10 03 00 00 | CRC OK
I (64042) j1850: load: raw=0x00 (A8 3B 10 param; not gear)
I (64076) j1850: A8 83 10 0A 00 8D 64 | CRC OK
I (64092) j1850: 28 1B 10 02 18 10 F6 | CRC OK
I (64158) j1850: 28 1B 10 02 18 18 1E | CRC OK
I (64223) j1850: 28 1B 10 02 17 F4 93 | CRC OK
I (64271) j1850: 68 FF 10 03 86 | CRC OK
I (64279) j1850: 68 88 10 03 44 | CRC OK
I (64289) j1850: 28 1B 10 02 17 F4 93 | CRC OK
I (64296) j1850: C8 88 10 0E BA | CRC OK
I (64312) j1850: C8 89 60 03 9F | CRC OK
I (64318) j1850: E8 89 60 0E 54 | CRC OK
I (64355) j1850: 28 1B 10 02 18 00 3B | CRC OK
I (64420) j1850: 28 1B 10 02 17 8C 22 | CRC OK
I (64486) j1850: 28 1B 10 02 17 A0 39 | CRC OK
I (64534) j1850: A8 3B 10 03 00 00 | CRC OK
I (64534) j1850: load: raw=0x00 (A8 3B 10 param; not gear)
I (64551) j1850: 28 1B 10 02 17 68 E4 | CRC OK
I (64617) j1850: 28 1B 10 02 17 40 8B | CRC OK
I (64682) j1850: 28 1B 10 02 16 F0 AB | CRC OK
I (64748) j1850: 28 1B 10 02 16 E4 12 | CRC OK
I (64813) j1850: 28 1B 10 02 17 3C 4E | CRC OK
I (64879) j1850: 28 1B 10 02 17 94 07 | CRC OK
I (64945) j1850: 28 1B 10 02 17 04 EC | CRC OK
I (65010) j1850: 28 1B 10 02 17 2C 83 | CRC OK
I (65026) j1850: A8 3B 10 03 00 00 | CRC OK
I (65026) j1850: load: raw=0x00 (A8 3B 10 param; not gear)
I (65075) j1850: 28 1B 10 02 17 AC A5 | CRC OK
I (65141) j1850: 28 1B 10 02 18 1C 6A | CRC OK
I (65206) j1850: 28 1B 10 02 18 64 DB | CRC OK
I (65272) j1850: 28 1B 10 02 17 A8 D1 | CRC OK
I (65279) j1850: 68 88 10 03 44 | CRC OK
I (65284) j1850: C8 89 60 03 9F | CRC OK
I (65290) j1850: C8 88 10 0E BA | CRC OK
I (65306) j1850: E8 89 60 0E 54 | CRC OK
I (65338) j1850: 28 1B 10 02 17 98 9B | CRC OK
I (65403) j1850: 28 1B 10 02 17 B8 1C | CRC OK
I (65461) j1850: A8 83 10 0A 00 A1 7F | CRC OK
I (65469) j1850: 28 1B 10 02 18 24 C8 | CRC OK
I (65517) j1850: A8 3B 10 03 00 00 | CRC OK
I (65517) j1850: load: raw=0x00 (A8 3B 10 param; not gear)
I (65534) j1850: 28 1B 10 02 17 B8 1C | CRC OK
I (65600) j1850: 28 1B 10 02 17 64 78 | CRC OK
I (65643) j1850: 68 FF 40 03 D8 | CRC OK
I (65665) j1850: 28 1B 10 02 17 0C 04 | CRC OK
I (65711) j1850: 68 FF 60 03 AD | CRC OK
I (65731) j1850: 28 1B 10 02 17 24 6B | CRC OK
I (65796) j1850: 28 1B 10 02 17 2C 83 | CRC OK
I (65862) j1850: 28 1B 10 02 00 00 D5 | CRC OK
I (65927) j1850: 28 1B 10 02 00 00 D5 | CRC OK
I (65959) j1850: 28 FF 10 01 06 1A | CRC OK
I (66025) j1850: 28 FF 10 01 06 1A | CRC OK
I (66172) j1850: 48 92 40 2A 00 00 1E | CRC OK
I (66181) j1850: 68 FF 40 03 D8 | CRC OK
I (66192) j1850: 48 DA 40 39 00 70 | CRC OK
I (66200) j1850: 29 FE 40 01 64 | CRC OK
I (66206) j1850: 68 93 60 2A 00 00 16 | CRC OK
I (66212) j1850: 28 FF 10 01 06 1A | CRC OK
I (66218) j1850: 48 3B 40 02 29 | CRC OK
I (66224) j1850: 48 3B 40 A0 B2 | CRC OK
I (66405) j1850: 48 DA 40 39 00 70 | CRC OK
I (67721) j1850: 29 FE 60 01 11 | CRC OK
I (67732) j1850: 68 FF 60 03 AD | CRC OK
I (67739) j1850: 28 FF 10 01 06 1A | CRC OK
I (68079) j1850: 68 FF 40 03 D8 | CRC OK
I (68841) j1850: 48 DA 40 39 00 70 | CRC OK
I (69737) j1850: 29 FE 60 01 11 | CRC OK
I (69741) j1850: 68 FF 60 03 AD | CRC OK
I (69748) j1850: 28 FF 10 01 06 1A | CRC OK
I (70109) j1850: 68 FF 40 03 D8 | CRC OK
I (71277) j1850: 48 DA 40 39 00 70 | CRC OK
I (71754) j1850: 29 FE 60 01 11 | CRC OK
I (71760) j1850: 68 FF 60 03 AD | CRC OK
I (71804) j1850: 29 FE 40 01 64 | CRC OK
I (72139) j1850: 68 FF 40 03 D8 | CRC OK
I (72771) j1850: stats: 424 frames, 0 bad CRC, 0 overruns, 5126 edges, 0 same-level
I (73109) j1850: 8C FE 10 60 1F | CRC OK
I (73175) j1850: 28 FF 10 01 07 07 | CRC OK
I (73241) j1850: 28 FF 10 01 07 07 | CRC OK
I (73371) j1850: 68 FF 10 03 86 | CRC OK
I (73381) j1850: A8 69 10 86 00 00 D7 | CRC OK
I (73387) j1850: 28 1B 10 02 00 00 D5 | CRC OK
I (73393) j1850: 08 62 40 20 01 96 | CRC OK
I (73399) j1850: 48 29 10 02 00 00 56 | CRC OK
I (73399) j1850: speed: raw=0 -> 0 mph (counts/188, km/h-native; DIV provisional, GPS to lock)
I (73406) j1850: 48 92 40 2A 00 00 1E | CRC OK
I (73412) j1850: 28 1B 10 02 00 00 D5 | CRC OK
I (73417) j1850: 68 FF 40 03 D8 | CRC OK
I (73422) j1850: 68 88 10 83 62 | CRC OK
I (73428) j1850: 68 93 60 2A 00 00 16 | CRC OK
I (73433) j1850: 48 DA 40 39 00 70 | CRC OK
I (73438) j1850: C8 88 10 0E BA | CRC OK
I (73442) j1850: 48 3B 40 02 29 | CRC OK
I (73448) j1850: A8 3B 10 03 00 00 | CRC OK
I (73448) j1850: load: raw=0x00 (A8 3B 10 param; not gear)
I (73452) j1850: 48 3B 40 A0 B2 | CRC OK
I (73457) j1850: C8 89 60 83 B9 | CRC OK
I (73462) j1850: A8 49 10 10 3B 39 | CRC OK
I (73462) j1850: temp: raw=0x3B (59) -> 19 C (raw-40, ride-1 confirmed)
I (73466) j1850: E8 89 60 0E 54 | CRC OK
I (73474) j1850: 28 1B 10 02 00 00 D5 | CRC OK
I (73488) j1850: A8 83 10 8A 00 00 03 | CRC OK
I (73495) j1850: 28 93 10 02 00 8C | CRC OK
I (73503) j1850: 08 63 10 20 01 73 | CRC OK
I (73511) j1850: 68 88 10 0B AC | CRC OK
I (73519) j1850: 68 63 10 26 00 85 | CRC OK
I (73527) j1850: 68 62 10 01 E1 | CRC OK
I (73536) j1850: 28 1B 10 02 00 00 D5 | CRC OK
I (73543) j1850: 68 62 10 21 66 | CRC OK
I (73568) j1850: 09 63 10 20 B7 | CRC OK
I (73579) j1850: 08 62 40 20 01 96 | CRC OK
I (73586) j1850: A8 3B 10 03 00 00 | CRC OK
I (73586) j1850: load: raw=0x00 (A8 3B 10 param; not gear)
I (73593) j1850: 08 63 10 20 01 73 | CRC OK
I (73602) j1850: 28 1B 10 02 00 00 D5 | CRC OK
I (73652) j1850: 48 DA 40 39 00 70 | CRC OK
I (73668) j1850: 28 1B 10 02 00 00 D5 | CRC OK
I (73733) j1850: 28 1B 10 02 00 00 D5 | CRC OK
I (73799) j1850: 28 1B 10 02 00 00 D5 | CRC OK
I (73864) j1850: 28 1B 10 02 00 00 D5 | CRC OK
I (73930) j1850: 28 1B 10 02 00 00 D5 | CRC OK
I (73948) j1850: 68 FF 60 03 AD | CRC OK
I (73995) j1850: 28 1B 10 02 00 00 D5 | CRC OK
I (74061) j1850: 28 1B 10 02 00 00 D5 | CRC OK
I (74077) j1850: A8 3B 10 03 00 00 | CRC OK
I (74077) j1850: load: raw=0x00 (A8 3B 10 param; not gear)
I (74108) j1850: 68 FF 10 03 86 | CRC OK
I (74117) j1850: 68 88 10 83 62 | CRC OK
I (74126) j1850: 28 1B 10 02 00 00 D5 | CRC OK
I (74133) j1850: C8 88 10 0E BA | CRC OK
I (74148) j1850: C8 89 60 83 B9 | CRC OK
I (74154) j1850: E8 89 60 0E 54 | CRC OK
I (74192) j1850: 28 1B 10 02 00 00 D5 | CRC OK
I (74257) j1850: 28 1B 10 02 00 00 D5 | CRC OK
I (74323) j1850: 28 1B 10 02 00 00 D5 | CRC OK
I (74388) j1850: 28 1B 10 02 00 00 D5 | CRC OK
I (74454) j1850: 28 1B 10 02 00 00 D5 | CRC OK
I (74520) j1850: 28 1B 10 02 00 00 D5 | CRC OK
I (74568) j1850: A8 3B 10 03 00 00 | CRC OK
I (74568) j1850: load: raw=0x00 (A8 3B 10 param; not gear)
I (74585) j1850: 28 1B 10 02 00 00 D5 | CRC OK
I (74651) j1850: 28 1B 10 02 00 00 D5 | CRC OK
I (74716) j1850: 28 1B 10 02 00 00 D5 | CRC OK
I (74782) j1850: 28 1B 10 02 00 00 D5 | CRC OK
I (74847) j1850: 28 1B 10 02 00 00 D5 | CRC OK
I (74913) j1850: 28 1B 10 02 00 00 D5 | CRC OK
I (74978) j1850: 28 1B 10 02 00 00 D5 | CRC OK
I (75044) j1850: 28 1B 10 02 00 00 D5 | CRC OK
I (75060) j1850: A8 3B 10 03 00 00 | CRC OK
I (75060) j1850: load: raw=0x00 (A8 3B 10 param; not gear)
I (75109) j1850: 28 1B 10 02 00 00 D5 | CRC OK
I (75116) j1850: 68 88 10 83 62 | CRC OK
I (75125) j1850: C8 88 10 0E BA | CRC OK
I (75143) j1850: C8 89 60 83 B9 | CRC OK
I (75149) j1850: E8 89 60 0E 54 | CRC OK
I (75175) j1850: 28 1B 10 02 00 00 D5 | CRC OK
I (75240) j1850: 28 1B 10 02 00 00 D5 | CRC OK
I (75295) j1850: 68 FF 40 03 D8 | CRC OK
I (75306) j1850: 28 1B 10 02 00 00 D5 | CRC OK
I (75372) j1850: 28 1B 10 02 00 00 D5 | CRC OK
I (75435) j1850: 28 1B 10 02 00 00 D5 | CRC OK
I (75441) j1850: 68 FF 60 03 AD | CRC OK
I (75503) j1850: 28 1B 10 02 00 00 D5 | CRC OK
I (75551) j1850: A8 3B 10 03 00 00 | CRC OK
I (75551) j1850: load: raw=0x00 (A8 3B 10 param; not gear)
I (75568) j1850: 28 1B 10 02 00 00 D5 | CRC OK
I (75634) j1850: 28 1B 10 02 00 00 D5 | CRC OK
I (75699) j1850: 28 1B 10 02 00 00 D5 | CRC OK
I (75765) j1850: 28 1B 10 02 00 00 D5 | CRC OK
I (75830) j1850: 28 1B 10 02 00 00 D5 | CRC OK
I (75896) j1850: 28 1B 10 02 00 00 D5 | CRC OK
I (75961) j1850: 28 1B 10 02 00 00 D5 | CRC OK
I (76027) j1850: 28 1B 10 02 00 00 D5 | CRC OK
I (76043) j1850: A8 3B 10 03 00 00 | CRC OK
I (76043) j1850: load: raw=0x00 (A8 3B 10 param; not gear)
I (76086) j1850: 48 DA 40 39 00 70 | CRC OK
I (76094) j1850: 28 1B 10 02 00 00 D5 | CRC OK
I (76107) j1850: 68 FF 10 03 86 | CRC OK
I (76116) j1850: 68 88 10 83 62 | CRC OK
I (76124) j1850: C8 88 10 0E BA | CRC OK
I (76139) j1850: C8 89 60 83 B9 | CRC OK
I (76145) j1850: E8 89 60 0E 54 | CRC OK
I (76158) j1850: 28 1B 10 02 00 00 D5 | CRC OK
I (76224) j1850: 28 1B 10 02 00 00 D5 | CRC OK
I (76289) j1850: 28 1B 10 02 00 00 D5 | CRC OK
I (76355) j1850: 28 1B 10 02 00 00 D5 | CRC OK
I (76420) j1850: 28 1B 10 02 00 00 D5 | CRC OK
I (76486) j1850: 28 1B 10 02 00 00 D5 | CRC OK
I (76534) j1850: A8 3B 10 03 00 00 | CRC OK
I (76534) j1850: load: raw=0x00 (A8 3B 10 param; not gear)
I (76551) j1850: 28 1B 10 02 00 00 D5 | CRC OK
I (76617) j1850: 28 1B 10 02 00 00 D5 | CRC OK
I (76682) j1850: 28 1B 10 02 00 00 D5 | CRC OK
I (76748) j1850: 28 1B 10 02 00 00 D5 | CRC OK
I (76813) j1850: 28 1B 10 02 00 00 D5 | CRC OK
I (76879) j1850: 28 1B 10 02 00 00 D5 | CRC OK
I (76944) j1850: 28 1B 10 02 00 00 D5 | CRC OK
I (77010) j1850: 28 1B 10 02 00 00 D5 | CRC OK
I (77026) j1850: A8 3B 10 03 00 00 | CRC OK
I (77026) j1850: load: raw=0x00 (A8 3B 10 param; not gear)
I (77075) j1850: 28 1B 10 02 00 00 D5 | CRC OK
I (77082) j1850: 68 88 10 03 44 | CRC OK
I (77105) j1850: 68 88 10 03 44 | CRC OK
I (77109) j1850: C8 89 60 03 9F | CRC OK
I (77116) j1850: C8 88 10 0E BA | CRC OK
I (77136) j1850: C8 89 60 03 9F | CRC OK
I (77142) j1850: 28 1B 10 02 00 00 D5 | CRC OK
I (77148) j1850: E8 89 60 0E 54 | CRC OK
I (77207) j1850: 28 1B 10 02 00 00 D5 | CRC OK
I (77272) j1850: 28 1B 10 02 00 00 D5 | CRC OK
I (77325) j1850: 68 FF 40 03 D8 | CRC OK
I (77338) j1850: 28 1B 10 02 00 00 D5 | CRC OK
I (77403) j1850: 28 1B 10 02 00 00 D5 | CRC OK
I (77461) j1850: 68 FF 60 03 AD | CRC OK
I (77469) j1850: 28 1B 10 02 00 00 D5 | CRC OK
I (77517) j1850: A8 3B 10 03 00 00 | CRC OK
I (77517) j1850: load: raw=0x00 (A8 3B 10 param; not gear)
I (77534) j1850: 28 1B 10 02 00 00 D5 | CRC OK
I (77600) j1850: 28 1B 10 02 00 00 D5 | CRC OK
I (77665) j1850: 28 1B 10 02 00 00 D5 | CRC OK
I (77731) j1850: 28 1B 10 02 00 00 D5 | CRC OK
I (77796) j1850: 28 1B 10 02 00 00 D5 | CRC OK
I (77862) j1850: 28 1B 10 02 00 00 D5 | CRC OK
I (77927) j1850: 28 1B 10 02 00 00 D5 | CRC OK
I (77993) j1850: 28 1B 10 02 00 00 D5 | CRC OK
I (78009) j1850: A8 3B 10 03 00 00 | CRC OK
I (78009) j1850: load: raw=0x00 (A8 3B 10 param; not gear)
I (78059) j1850: 28 1B 10 02 00 00 D5 | CRC OK
I (78106) j1850: 68 FF 10 03 86 | CRC OK
I (78114) j1850: 68 88 10 03 44 | CRC OK
I (78124) j1850: 28 1B 10 02 00 00 D5 | CRC OK
I (78130) j1850: C8 88 10 0E BA | CRC OK
I (78136) j1850: C8 89 60 03 9F | CRC OK
I (78156) j1850: E8 89 60 0E 54 | CRC OK
I (78190) j1850: 28 1B 10 02 00 00 D5 | CRC OK
I (78255) j1850: 28 1B 10 02 00 00 D5 | CRC OK
I (78321) j1850: 28 1B 10 02 00 00 D5 | CRC OK
I (78386) j1850: 28 1B 10 02 00 00 D5 | CRC OK
I (78452) j1850: 28 1B 10 02 00 00 D5 | CRC OK
I (78517) j1850: 28 1B 10 02 00 00 D5 | CRC OK
I (78525) j1850: 48 DA 40 39 00 70 | CRC OK
I (78648) j1850: 28 1B 10 02 00 00 D5 | CRC OK
I (78714) j1850: 28 1B 10 02 05 08 5C | CRC OK
I (78780) j1850: 28 1B 10 02 04 AC C5 | CRC OK
I (78845) j1850: 28 1B 10 02 13 C4 F4 | CRC OK
I (78895) j1850: A8 83 10 0A 00 14 7A | CRC OK
I (78911) j1850: 28 1B 10 02 12 24 0A | CRC OK
I (78966) j1850: 29 92 10 01 60 | CRC OK
I (78975) j1850: 28 1B 10 02 0E 34 04 | CRC OK
I (78983) j1850: 28 93 40 01 FF FF 39 | CRC OK
I (78992) j1850: A8 3B 10 03 00 00 | CRC OK
I (78992) j1850: load: raw=0x00 (A8 3B 10 param; not gear)
I (79042) j1850: 28 1B 10 02 0F B8 F2 | CRC OK
I (79098) j1850: 28 93 10 02 01 91 | CRC OK
I (79107) j1850: 28 1B 10 02 11 C4 6C | CRC OK
I (79114) j1850: 68 88 10 03 44 | CRC OK
I (79122) j1850: C8 88 10 0E BA | CRC OK
I (79129) j1850: C8 89 60 03 9F | CRC OK
I (79135) j1850: E8 89 60 0E 54 | CRC OK
I (79173) j1850: 28 1B 10 02 1A C8 7E | CRC OK
I (79238) j1850: 28 1B 10 02 1A 3C 75 | CRC OK
I (79304) j1850: 28 1B 10 02 1B 88 21 | CRC OK
I (79356) j1850: 68 FF 40 03 D8 | CRC OK
I (79370) j1850: 28 1B 10 02 1B E8 B5 | CRC OK
I (79435) j1850: 28 1B 10 02 1C 48 ED | CRC OK
I (79475) j1850: 68 FF 60 03 AD | CRC OK
I (79483) j1850: A8 3B 10 03 00 00 | CRC OK
I (79483) j1850: load: raw=0x00 (A8 3B 10 param; not gear)
I (79501) j1850: 28 1B 10 02 1C 6C 1E | CRC OK
I (79566) j1850: 28 1B 10 02 1C 14 AF | CRC OK
I (79632) j1850: 28 1B 10 02 1B E4 29 | CRC OK
I (79697) j1850: 28 1B 10 02 1B 30 A5 | CRC OK
I (79763) j1850: 28 1B 10 02 1B 40 FC | CRC OK
I (79828) j1850: 28 1B 10 02 1B 48 14 | CRC OK
I (79886) j1850: A8 83 10 0A 00 28 AC | CRC OK
I (79894) j1850: 28 1B 10 02 1A D0 5B | CRC OK
I (79959) j1850: 28 1B 10 02 1A 84 F1 | CRC OK
I (79975) j1850: A8 3B 10 03 00 00 | CRC OK
I (79975) j1850: load: raw=0x00 (A8 3B 10 param; not gear)
I (80025) j1850: 28 1B 10 02 1B 50 31 | CRC OK
I (80090) j1850: 28 1B 10 02 1B 90 04 | CRC OK
I (80105) j1850: 68 FF 10 03 86 | CRC OK
I (80113) j1850: 68 88 10 03 44 | CRC OK
I (80120) j1850: C8 88 10 0E BA | CRC OK
I (80126) j1850: C8 89 60 03 9F | CRC OK
I (80148) j1850: E8 89 60 0E 54 | CRC OK
I (80156) j1850: 28 1B 10 02 1B 80 C9 | CRC OK
I (80221) j1850: 28 1B 10 02 1B 94 70 | CRC OK
