I (26573) j1850: 28 1B 10 02 00 00 D5 | CRC OK
I (26621) j1850: A8 3B 10 03 00 00 | CRC OK
I (26621) j1850: load: raw=0x00 (A8 3B 10 param; not gear)
I (26638) j1850: 28 1B 10 02 00 00 D5 | CRC OK
I (26704) j1850: 28 1B 10 02 00 00 D5 | CRC OK
I (26768) j1850: 28 1B 10 02 00 00 D5 | CRC OK
I (26775) j1850: 48 92 40 2A 00 00 1E | CRC OK
I (26795) j1850: 68 93 60 2A 00 00 16 | CRC OK
I (26835) j1850: 28 1B 10 02 00 00 D5 | CRC OK
I (26867) j1850: 68 FF 40 03 D8 | CRC OK
I (26900) j1850: 28 1B 10 02 00 00 D5 | CRC OK
I (26966) j1850: 28 1B 10 02 00 00 D5 | CRC OK
I (27021) j1850: 68 FF 60 03 AD | CRC OK
I (27031) j1850: 28 1B 10 02 00 00 D5 | CRC OK
I (27097) j1850: 28 1B 10 02 00 00 D5 | CRC OK
I (27113) j1850: A8 3B 10 03 00 00 | CRC OK
I (27113) j1850: load: raw=0x00 (A8 3B 10 param; not gear)
I (27163) j1850: 28 1B 10 02 00 00 D5 | CRC OK
I (27169) j1850: 68 88 10 83 62 | CRC OK
I (27173) j1850: 29 FE 40 01 64 | CRC OK
I (27179) j1850: C8 88 10 0E BA | CRC OK
I (27186) j1850: 28 FF 10 01 07 07 | CRC OK
I (27193) j1850: C8 89 60 83 B9 | CRC OK
I (27199) j1850: E8 89 60 0E 54 | CRC OK
I (27228) j1850: 28 1B 10 02 00 00 D5 | CRC OK
I (27294) j1850: 28 1B 10 02 00 00 D5 | CRC OK
I (27329) j1850: 29 FE 60 01 11 | CRC OK
I (27342) j1850: 28 FF 10 01 07 07 | CRC OK
I (27350) j1850: 68 FF 40 03 D8 | CRC OK
I (27359) j1850: 28 1B 10 02 00 00 D5 | CRC OK
I (27425) j1850: 28 1B 10 02 00 00 D5 | CRC OK
I (27490) j1850: 28 1B 10 02 00 00 D5 | CRC OK
I (27514) j1850: 68 FF 60 03 AD | CRC OK
I (27556) j1850: 28 1B 10 02 00 00 D5 | CRC OK
I (27604) j1850: A8 3B 10 03 00 00 | CRC OK
I (27604) j1850: load: raw=0x00 (A8 3B 10 param; not gear)
I (27621) j1850: 28 1B 10 02 00 00 D5 | CRC OK
I (27687) j1850: 28 1B 10 02 00 00 D5 | CRC OK
I (27752) j1850: 28 1B 10 02 00 00 D5 | CRC OK
I (27818) j1850: 28 1B 10 02 00 00 D5 | CRC OK
I (27883) j1850: 28 1B 10 02 00 00 D5 | CRC OK
I (27949) j1850: 28 1B 10 02 00 00 D5 | CRC OK
I (28015) j1850: 28 1B 10 02 00 00 D5 | CRC OK
I (28080) j1850: 28 1B 10 02 00 00 D5 | CRC OK
I (28096) j1850: A8 3B 10 03 00 00 | CRC OK
I (28096) j1850: load: raw=0x00 (A8 3B 10 param; not gear)
I (28139) j1850: 48 DA 40 39 00 70 | CRC OK
I (28147) j1850: 28 1B 10 02 00 00 D5 | CRC OK
I (28161) j1850: 68 FF 10 03 86 | CRC OK
I (28169) j1850: 68 88 10 83 62 | CRC OK
I (28177) j1850: C8 88 10 0E BA | CRC OK
I (28188) j1850: C8 89 60 83 B9 | CRC OK
I (28194) j1850: E8 89 60 0E 54 | CRC OK
I (28211) j1850: 28 1B 10 02 00 00 D5 | CRC OK
I (28277) j1850: 28 1B 10 02 00 00 D5 | CRC OK
I (28342) j1850: 28 1B 10 02 00 00 D5 | CRC OK
I (28408) j1850: 28 1B 10 02 00 00 D5 | CRC OK
I (28473) j1850: 28 1B 10 02 00 00 D5 | CRC OK
I (28539) j1850: 28 1B 10 02 00 00 D5 | CRC OK
I (28587) j1850: A8 3B 10 03 00 00 | CRC OK
I (28587) j1850: load: raw=0x00 (A8 3B 10 param; not gear)
I (28604) j1850: 28 1B 10 02 00 00 D5 | CRC OK
I (28670) j1850: 28 1B 10 02 00 00 D5 | CRC OK
I (28735) j1850: 28 1B 10 02 00 00 D5 | CRC OK
I (28801) j1850: 28 1B 10 02 00 00 D5 | CRC OK
I (28867) j1850: 28 1B 10 02 00 00 D5 | CRC OK
I (28932) j1850: 28 1B 10 02 00 00 D5 | CRC OK
I (28998) j1850: 28 1B 10 02 00 00 D5 | CRC OK
I (29063) j1850: 28 1B 10 02 00 00 D5 | CRC OK
I (29079) j1850: A8 3B 10 03 00 00 | CRC OK
I (29079) j1850: load: raw=0x00 (A8 3B 10 param; not gear)
I (29129) j1850: 28 1B 10 02 00 00 D5 | CRC OK
I (29135) j1850: 68 88 10 03 44 | CRC OK
I (29156) j1850: C8 89 60 03 9F | CRC OK
I (29162) j1850: 68 88 10 03 44 | CRC OK
I (29168) j1850: C8 88 10 0E BA | CRC OK
I (29183) j1850: C8 89 60 03 9F | CRC OK
I (29187) j1850: E8 89 60 0E 54 | CRC OK
I (29195) j1850: 28 1B 10 02 00 00 D5 | CRC OK
I (29260) j1850: 28 1B 10 02 00 00 D5 | CRC OK
I (29325) j1850: 28 1B 10 02 00 00 D5 | CRC OK
I (29378) j1850: 68 FF 40 03 D8 | CRC OK
I (29391) j1850: 28 1B 10 02 00 00 D5 | CRC OK
I (29456) j1850: 28 1B 10 02 00 00 D5 | CRC OK
I (29483) j1850: 68 FF 40 03 D8 | CRC OK
I (29522) j1850: 28 1B 10 02 00 00 D5 | CRC OK
I (29531) j1850: 68 FF 60 03 AD | CRC OK
I (29571) j1850: A8 3B 10 03 00 00 | CRC OK
I (29571) j1850: load: raw=0x00 (A8 3B 10 param; not gear)
I (29587) j1850: 28 1B 10 02 00 00 D5 | CRC OK
I (29637) j1850: 68 FF 60 03 AD | CRC OK
I (29653) j1850: 28 1B 10 02 00 00 D5 | CRC OK
I (29719) j1850: 28 1B 10 02 00 00 D5 | CRC OK
I (29784) j1850: 28 1B 10 02 00 00 D5 | CRC OK
I (29791) j1850: 29 FE 40 01 64 | CRC OK
I (29808) j1850: 28 FF 10 01 07 07 | CRC OK
I (29945) j1850: 29 FE 60 01 11 | CRC OK
I (29981) j1850: 28 1B 10 02 00 00 D5 | CRC OK
I (30046) j1850: 28 1B 10 02 00 00 D5 | CRC OK
I (30062) j1850: A8 3B 10 03 00 00 | CRC OK
I (30062) j1850: load: raw=0x00 (A8 3B 10 param; not gear)
I (30112) j1850: 28 1B 10 02 05 18 91 | CRC OK
I (30159) j1850: 68 FF 10 03 86 | CRC OK
I (30168) j1850: 68 88 10 03 44 | CRC OK
I (30181) j1850: C8 89 60 03 9F | CRC OK
I (30187) j1850: C8 88 10 0E BA | CRC OK
I (30204) j1850: E8 89 60 0E 54 | CRC OK
I (30233) j1850: 29 92 10 01 60 | CRC OK
I (30241) j1850: 28 1B 10 02 16 5C 96 | CRC OK
I (30249) j1850: 28 93 40 01 FF FF 39 | CRC OK
I (30309) j1850: 28 1B 10 02 14 F8 DB | CRC OK
I (30365) j1850: 28 93 10 02 01 91 | CRC OK
I (30374) j1850: 28 1B 10 02 17 4C 17 | CRC OK
I (30440) j1850: 28 1B 10 02 18 4C B4 | CRC OK
I (30505) j1850: 28 1B 10 02 16 8C 6E | CRC OK
I (30554) j1850: A8 3B 10 03 00 00 | CRC OK
I (30554) j1850: load: raw=0x00 (A8 3B 10 param; not gear)
I (30571) j1850: 28 1B 10 02 18 14 82 | CRC OK
I (30579) j1850: 48 DA 40 39 00 70 | CRC OK
I (30636) j1850: 28 1B 10 02 17 70 C1 | CRC OK
I (30702) j1850: 28 1B 10 02 16 90 3F | CRC OK
I (30767) j1850: 28 1B 10 02 17 1C C9 | CRC OK
I (30792) j1850: A8 83 10 0A 00 14 7A | CRC OK
I (30833) j1850: 28 1B 10 02 17 C8 45 | CRC OK
I (30898) j1850: 28 1B 10 02 17 C0 AD | CRC OK
I (30964) j1850: 28 1B 10 02 17 D8 88 | CRC OK
I (31029) j1850: 28 1B 10 02 17 84 CA | CRC OK
I (31045) j1850: A8 3B 10 03 00 00 | CRC OK
I (31045) j1850: load: raw=0x00 (A8 3B 10 param; not gear)
I (31095) j1850: 28 1B 10 02 16 EC FA | CRC OK
I (31161) j1850: 28 1B 10 02 17 00 98 | CRC OK
I (31167) j1850: 68 88 10 03 44 | CRC OK
I (31174) j1850: C8 88 10 0E BA | CRC OK
I (31180) j1850: C8 89 60 03 9F | CRC OK
I (31200) j1850: E8 89 60 0E 54 | CRC OK
I (31226) j1850: 28 1B 10 02 17 00 98 | CRC OK
I (31292) j1850: 28 1B 10 02 16 E8 8E | CRC OK
I (31357) j1850: 28 1B 10 02 16 90 3F | CRC OK
I (31409) j1850: 68 FF 40 03 D8 | CRC OK
I (31423) j1850: 28 1B 10 02 17 38 3A | CRC OK
I (31488) j1850: 28 1B 10 02 17 60 0C | CRC OK
I (31537) j1850: A8 3B 10 03 00 00 | CRC OK
I (31537) j1850: load: raw=0x00 (A8 3B 10 param; not gear)
I (31552) j1850: 28 1B 10 02 17 30 D2 | CRC OK
I (31558) j1850: 68 FF 60 03 AD | CRC OK
I (31619) j1850: 28 1B 10 02 17 2C 83 | CRC OK
I (31685) j1850: 28 1B 10 02 16 D0 2C | CRC OK
I (31750) j1850: 28 1B 10 02 17 3C 4E | CRC OK
I (31816) j1850: 28 1B 10 02 17 7C 5D | CRC OK
I (31881) j1850: 28 1B 10 02 17 08 70 | CRC OK
I (31947) j1850: 28 1B 10 02 17 28 F7 | CRC OK
I (32012) j1850: 28 1B 10 02 16 98 D7 | CRC OK
I (32028) j1850: A8 3B 10 03 00 00 | CRC OK
I (32028) j1850: load: raw=0x00 (A8 3B 10 param; not gear)
I (32078) j1850: 28 1B 10 02 17 04 EC | CRC OK
I (32099) j1850: 68 FF 40 03 D8 | CRC OK
I (32144) j1850: 28 1B 10 02 17 48 63 | CRC OK
I (32158) j1850: 68 FF 10 03 86 | CRC OK
I (32167) j1850: 68 88 10 03 44 | CRC OK
I (32175) j1850: C8 88 10 0E BA | CRC OK
I (32197) j1850: C8 89 60 03 9F | CRC OK
I (32204) j1850: E8 89 60 0E 54 | CRC OK
I (32212) j1850: 28 1B 10 02 16 E4 12 | CRC OK
I (32253) j1850: 68 FF 60 03 AD | CRC OK
I (32275) j1850: 28 1B 10 02 16 B4 CC | CRC OK
I (32332) j1850: A8 83 10 0A 00 28 AC | CRC OK
I (32340) j1850: 28 1B 10 02 16 FC 37 | CRC OK
I (32405) j1850: 29 FE 40 01 64 | CRC OK
I (32413) j1850: 28 1B 10 02 16 EC FA | CRC OK
I (32471) j1850: 28 1B 10 02 17 8C 22 | CRC OK
I (32520) j1850: A8 3B 10 03 00 00 | CRC OK
I (32520) j1850: load: raw=0x00 (A8 3B 10 param; not gear)
I (32537) j1850: 28 1B 10 02 16 B0 B8 | CRC OK
I (32561) j1850: 29 FE 60 01 11 | CRC OK
I (32577) j1850: 28 FF 10 01 07 07 | CRC OK
I (32603) j1850: 28 1B 10 02 16 9C A3 | CRC OK
I (32650) j1850: A8 49 10 10 57 31 | CRC OK
I (32650) j1850: temp: raw=0x57 (87) -> 47 C (raw-40, ride-1 confirmed)
I (32668) j1850: 28 1B 10 02 16 D4 58 | CRC OK
I (32734) j1850: 28 1B 10 02 17 38 3A | CRC OK
I (32784) j1850: stats: 245 frames, 0 bad CRC, 0 overruns, 13227 edges, 308 same-level
I (32799) j1850: 28 1B 10 02 17 90 73 | CRC OK
I (32864) j1850: 28 1B 10 02 17 10 55 | CRC OK
I (32930) j1850: 28 1B 10 02 16 50 0A | CRC OK
I (32995) j1850: 28 1B 10 02 15 E4 C6 | CRC OK
I (33011) j1850: A8 3B 10 03 00 00 | CRC OK
I (33011) j1850: load: raw=0x00 (A8 3B 10 param; not gear)
I (33061) j1850: 28 1B 10 02 16 04 A0 | CRC OK
I (33127) j1850: 28 1B 10 02 16 BC 24 | CRC OK
I (33158) j1850: 68 88 10 03 44 | CRC OK
I (33165) j1850: C8 88 10 0E BA | CRC OK
I (33171) j1850: C8 89 60 03 9F | CRC OK
I (33191) j1850: 28 1B 10 02 17 28 F7 | CRC OK
I (33196) j1850: E8 89 60 0E 54 | CRC OK
I (33258) j1850: 28 1B 10 02 17 40 8B | CRC OK
I (33323) j1850: 28 1B 10 02 17 60 0C | CRC OK
I (33389) j1850: 28 1B 10 02 17 08 70 | CRC OK
I (33438) j1850: 68 FF 40 03 D8 | CRC OK
I (33454) j1850: 28 1B 10 02 16 B8 50 | CRC OK
I (33503) j1850: A8 3B 10 03 00 00 | CRC OK
I (33503) j1850: load: raw=0x00 (A8 3B 10 param; not gear)
I (33520) j1850: 28 1B 10 02 16 3C 02 | CRC OK
I (33565) j1850: 68 FF 60 03 AD | CRC OK
I (33586) j1850: 28 1B 10 02 16 84 86 | CRC OK
I (33651) j1850: 28 1B 10 02 17 4C 17 | CRC OK
I (33716) j1850: 28 1B 10 02 17 48 63 | CRC OK
I (33782) j1850: 28 1B 10 02 17 34 A6 | CRC OK
I (33847) j1850: 28 1B 10 02 17 5C DA | CRC OK
I (33913) j1850: 28 1B 10 02 17 84 CA | CRC OK
I (33978) j1850: 28 1B 10 02 17 74 B5 | CRC OK
I (33994) j1850: A8 3B 10 03 00 00 | CRC OK
I (33994) j1850: load: raw=0x00 (A8 3B 10 param; not gear)
I (34011) j1850: A8 83 10 0A 00 3C 15 | CRC OK
I (34044) j1850: 28 1B 10 02 17 14 21 | CRC OK
I (34093) j1850: A8 49 10 10 58 8A | CRC OK
I (34093) j1850: temp: raw=0x58 (88) -> 48 C (raw-40, ride-1 confirmed)
I (34110) j1850: 28 1B 10 02 16 E8 8E | CRC OK
I (34157) j1850: 68 FF 10 03 86 | CRC OK
I (34165) j1850: 68 88 10 03 44 | CRC OK
I (34175) j1850: 28 1B 10 02 16 C4 95 | CRC OK
I (34182) j1850: C8 88 10 0E BA | CRC OK
I (34194) j1850: C8 89 60 03 9F | CRC OK
I (34200) j1850: E8 89 60 0E 54 | CRC OK
I (34241) j1850: 28 1B 10 02 17 70 C1 | CRC OK
I (34306) j1850: 28 1B 10 02 17 1C C9 | CRC OK
I (34372) j1850: 28 1B 10 02 16 D4 58 | CRC OK
I (34437) j1850: 28 1B 10 02 16 C4 95 | CRC OK
I (34486) j1850: A8 3B 10 03 00 00 | CRC OK
I (34486) j1850: load: raw=0x00 (A8 3B 10 param; not gear)
I (34503) j1850: 28 1B 10 02 16 4C 5B | CRC OK
I (34568) j1850: 28 1B 10 02 16 B8 50 | CRC OK
I (34634) j1850: 28 1B 10 02 16 BC 24 | CRC OK
I (34700) j1850: 28 1B 10 02 16 B8 50 | CRC OK
I (34715) j1850: 68 FF 40 03 D8 | CRC OK
I (34765) j1850: 28 1B 10 02 16 FC 37 | CRC OK
I (34831) j1850: 28 1B 10 02 16 E8 8E | CRC OK
I (34869) j1850: 68 FF 60 03 AD | CRC OK
I (34896) j1850: 28 1B 10 02 16 B4 CC | CRC OK
I (34962) j1850: 28 1B 10 02 16 B8 50 | CRC OK
I (34977) j1850: A8 3B 10 03 00 00 | CRC OK
I (34977) j1850: load: raw=0x00 (A8 3B 10 param; not gear)
I (35021) j1850: 29 FE 40 01 64 | CRC OK
I (35028) j1850: 28 1B 10 02 16 E4 12 | CRC OK
I (35034) j1850: 28 FF 10 01 07 07 | CRC OK
I (35093) j1850: 28 1B 10 02 17 68 E4 | CRC OK
I (35141) j1850: A8 49 10 10 57 31 | CRC OK
I (35141) j1850: temp: raw=0x57 (87) -> 47 C (raw-40, ride-1 confirmed)
I (35158) j1850: 28 1B 10 02 17 20 1F | CRC OK
I (35165) j1850: 68 88 10 03 44 | CRC OK
I (35175) j1850: 29 FE 60 01 11 | CRC OK
I (35180) j1850: C8 88 10 0E BA | CRC OK
I (35186) j1850: C8 89 60 03 9F | CRC OK
I (35210) j1850: E8 89 60 0E 54 | CRC OK
I (35224) j1850: 28 1B 10 02 16 C8 09 | CRC OK
I (35289) j1850: 28 1B 10 02 16 D8 C4 | CRC OK
I (35355) j1850: 28 1B 10 02 16 E4 12 | CRC OK
I (35420) j1850: 28 1B 10 02 16 F4 DF | CRC OK
I (35467) j1850: A8 3B 10 03 00 00 | CRC OK
I (35467) j1850: load: raw=0x00 (A8 3B 10 param; not gear)
I (35473) j1850: 68 FF 40 03 D8 | CRC OK
I (35486) j1850: 28 1B 10 02 16 7C 11 | CRC OK
I (35551) j1850: 28 1B 10 02 16 C4 95 | CRC OK
I (35582) j1850: 68 FF 60 03 AD | CRC OK
I (35617) j1850: 28 1B 10 02 16 38 76 | CRC OK
I (35683) j1850: 28 1B 10 02 16 80 F2 | CRC OK
I (35748) j1850: 28 1B 10 02 16 D4 58 | CRC OK
I (35773) j1850: A8 83 10 0A 00 50 1D | CRC OK
I (35814) j1850: 28 1B 10 02 16 1C 85 | CRC OK
I (35879) j1850: 28 1B 10 02 15 D0 F8 | CRC OK
I (35945) j1850: 28 1B 10 02 16 3C 02 | CRC OK
I (35960) j1850: A8 3B 10 03 00 00 | CRC OK
I (35960) j1850: load: raw=0x00 (A8 3B 10 param; not gear)
I (36010) j1850: 28 1B 10 02 16 78 65 | CRC OK
I (36076) j1850: 28 1B 10 02 16 64 34 | CRC OK
I (36141) j1850: 28 1B 10 02 17 18 BD | CRC OK
I (36156) j1850: 68 FF 10 03 86 | CRC OK
I (36164) j1850: 68 88 10 03 44 | CRC OK
I (36173) j1850: C8 88 10 0E BA | CRC OK
I (36189) j1850: C8 89 60 03 9F | CRC OK
I (36195) j1850: E8 89 60 0E 54 | CRC OK
I (36207) j1850: 28 1B 10 02 16 FC 37 | CRC OK
I (36272) j1850: 28 1B 10 02 16 90 3F | CRC OK
I (36338) j1850: 28 1B 10 02 16 88 1A | CRC OK
I (36403) j1850: 28 1B 10 02 16 00 D4 | CRC OK
I (36452) j1850: A8 3B 10 03 00 00 | CRC OK
I (36452) j1850: load: raw=0x00 (A8 3B 10 param; not gear)
I (36469) j1850: 28 1B 10 02 16 40 C7 | CRC OK
I (36535) j1850: 28 1B 10 02 16 44 B3 | CRC OK
I (36600) j1850: 28 1B 10 02 15 E8 5A | CRC OK
I (36666) j1850: 28 1B 10 02 15 D0 F8 | CRC OK
I (36731) j1850: 28 1B 10 02 16 24 27 | CRC OK
I (36797) j1850: 28 1B 10 02 16 74 F9 | CRC OK
I (36862) j1850: 28 1B 10 02 16 7C 11 | CRC OK
I (36928) j1850: 28 1B 10 02 15 EC 2E | CRC OK
I (36944) j1850: A8 3B 10 03 00 00 | CRC OK
I (36944) j1850: load: raw=0x00 (A8 3B 10 param; not gear)
I (36993) j1850: 28 1B 10 02 15 FC E3 | CRC OK
I (37059) j1850: 28 1B 10 02 16 08 3C | CRC OK
I (37125) j1850: 28 1B 10 02 16 30 9E | CRC OK
I (37156) j1850: 68 88 10 03 44 | CRC OK
I (37164) j1850: C8 88 10 0E BA | CRC OK
I (37177) j1850: C8 89 60 03 9F | CRC OK
I (37182) j1850: E8 89 60 0E 54 | CRC OK
I (37190) j1850: 28 1B 10 02 15 F4 0B | CRC OK
I (37256) j1850: 28 1B 10 02 16 34 EA | CRC OK
I (37321) j1850: 28 1B 10 02 16 20 53 | CRC OK
I (37331) j1850: 68 FF 40 03 D8 | CRC OK
I (37387) j1850: 28 1B 10 02 16 08 3C | CRC OK
I (37435) j1850: A8 3B 10 03 00 00 | CRC OK
I (37435) j1850: load: raw=0x00 (A8 3B 10 param; not gear)
I (37452) j1850: 28 1B 10 02 16 10 19 | CRC OK
I (37485) j1850: 68 FF 60 03 AD | CRC OK
I (37518) j1850: 28 1B 10 02 15 EC 2E | CRC OK
I (37583) j1850: 28 1B 10 02 15 CC A9 | CRC OK
I (37600) j1850: 68 FF 60 03 AD | CRC OK
I (37639) j1850: 29 FE 40 01 64 | CRC OK
I (37648) j1850: 28 FF 10 01 07 07 | CRC OK
I (37657) j1850: 28 1B 10 02 15 A8 49 | CRC OK
I (37690) j1850: A8 83 10 0A 00 64 23 | CRC OK
I (37714) j1850: 28 1B 10 02 15 AC 3D | CRC OK
I (37780) j1850: 28 1B 10 02 16 30 9E | CRC OK
I (37793) j1850: 29 FE 60 01 11 | CRC OK
I (37803) j1850: 28 FF 10 01 07 07 | CRC OK
I (37846) j1850: 28 1B 10 02 15 F4 0B | CRC OK
I (37911) j1850: 28 1B 10 02 15 A0 A1 | CRC OK
I (37976) j1850: 28 1B 10 02 16 38 76 | CRC OK
I (38042) j1850: 28 1B 10 02 16 6C DC | CRC OK
I (38108) j1850: 28 1B 10 02 15 E0 B2 | CRC OK
I (38155) j1850: 68 FF 10 03 86 | CRC OK
I (38163) j1850: 68 88 10 03 44 | CRC OK
I (38171) j1850: 28 1B 10 02 15 C4 41 | CRC OK
I (38175) j1850: C8 89 60 03 9F | CRC OK
I (38182) j1850: C8 88 10 0E BA | CRC OK
I (38198) j1850: E8 89 60 0E 54 | CRC OK
I (38239) j1850: 28 1B 10 02 16 44 B3 | CRC OK
I (38304) j1850: 28 1B 10 02 16 18 F1 | CRC OK
I (38369) j1850: 28 1B 10 02 15 DC 64 | CRC OK
I (38418) j1850: A8 3B 10 03 00 00 | CRC OK
I (38418) j1850: load: raw=0x00 (A8 3B 10 param; not gear)
I (38435) j1850: 28 1B 10 02 15 C8 DD | CRC OK
I (38501) j1850: 28 1B 10 02 15 94 9F | CRC OK
I (38566) j1850: 28 1B 10 02 15 9C 77 | CRC OK
I (38632) j1850: 28 1B 10 02 15 D8 10 | CRC OK
I (38697) j1850: 28 1B 10 02 16 0C 48 | CRC OK
I (38763) j1850: 28 1B 10 02 15 C4 41 | CRC OK
I (38828) j1850: 28 1B 10 02 15 D8 10 | CRC OK
I (38894) j1850: 28 1B 10 02 15 9C 77 | CRC OK
I (38910) j1850: A8 3B 10 03 00 00 | CRC OK
I (38910) j1850: load: raw=0x00 (A8 3B 10 param; not gear)
I (38959) j1850: 28 1B 10 02 15 7C C5 | CRC OK
I (39025) j1850: 28 1B 10 02 15 80 26 | CRC OK
I (39090) j1850: 28 1B 10 02 16 40 C7 | CRC OK
I (39156) j1850: 28 1B 10 02 16 6C DC | CRC OK
I (39163) j1850: 68 88 10 03 44 | CRC OK
I (39168) j1850: C8 89 60 03 9F | CRC OK
I (39175) j1850: C8 88 10 0E BA | CRC OK
I (39194) j1850: E8 89 60 0E 54 | CRC OK
I (39222) j1850: 28 1B 10 02 16 10 19 | CRC OK
I (39287) j1850: 28 1B 10 02 15 F0 7F | CRC OK
I (39353) j1850: 28 1B 10 02 15 F8 97 | CRC OK
I (39401) j1850: A8 3B 10 03 00 00 | CRC OK
I (39401) j1850: load: raw=0x00 (A8 3B 10 param; not gear)
I (39418) j1850: 28 1B 10 02 16 54 7E | CRC OK
I (39484) j1850: 28 1B 10 02 16 18 F1 | CRC OK
I (39528) j1850: 68 FF 40 03 D8 | CRC OK
I (39549) j1850: 28 1B 10 02 15 90 EB | CRC OK
I (39613) j1850: 28 1B 10 02 15 A4 D5 | CRC OK
I (39619) j1850: 68 FF 60 03 AD | CRC OK
I (39680) j1850: 28 1B 10 02 15 E0 B2 | CRC OK
I (39689) j1850: A8 83 10 0A 00 78 72 | CRC OK
I (39746) j1850: 28 1B 10 02 16 14 6D | CRC OK
I (39811) j1850: 28 1B 10 02 15 00 00 | CRC OK
I (39877) j1850: 28 1B 10 02 15 68 7C | CRC OK
I (39893) j1850: A8 3B 10 03 00 00 | CRC OK
I (39893) j1850: load: raw=0x00 (A8 3B 10 param; not gear)
I (39945) j1850: 68 FF 40 03 D8 | CRC OK
I (39953) j1850: 28 1B 10 02 16 14 6D | CRC OK
I (40008) j1850: 28 1B 10 02 15 D4 8C | CRC OK
I (40074) j1850: 28 1B 10 02 15 34 3E | CRC OK
I (40101) j1850: 68 FF 60 03 AD | CRC OK
I (40139) j1850: 28 1B 10 02 15 80 26 | CRC OK
I (40154) j1850: 68 FF 10 03 86 | CRC OK
I (40162) j1850: 68 88 10 03 44 | CRC OK
I (40169) j1850: C8 88 10 0E BA | CRC OK
I (40175) j1850: C8 89 60 03 9F | CRC OK
I (40189) j1850: E8 89 60 0E 54 | CRC OK
I (40205) j1850: 28 1B 10 02 15 CC A9 | CRC OK
I (40255) j1850: 29 FE 40 01 64 | CRC OK
I (40269) j1850: 28 FF 10 01 07 07 | CRC OK
I (40278) j1850: 28 1B 10 02 15 98 03 | CRC OK
I (40336) j1850: 28 1B 10 02 15 CC A9 | CRC OK
I (40384) j1850: A8 3B 10 03 00 00 | CRC OK
I (40384) j1850: load: raw=0x00 (A8 3B 10 param; not gear)
I (40401) j1850: 28 1B 10 02 15 C8 DD | CRC OK
I (40409) j1850: 29 FE 60 01 11 | CRC OK
I (40425) j1850: 28 FF 10 01 07 07 | CRC OK
I (40467) j1850: 28 1B 10 02 15 6C 08 | CRC OK
I (40532) j1850: 28 1B 10 02 15 F0 7F | CRC OK
I (40598) j1850: 28 1B 10 02 15 78 B1 | CRC OK
I (40663) j1850: 28 1B 10 02 15 C4 41 | CRC OK
I (40729) j1850: 28 1B 10 02 15 EC 2E | CRC OK
I (40777) j1850: A8 49 10 10 58 8A | CRC OK
I (40777) j1850: temp: raw=0x58 (88) -> 48 C (raw-40, ride-1 confirmed)
I (40794) j1850: 28 1B 10 02 15 60 94 | CRC OK
I (40860) j1850: 28 1B 10 02 15 B4 18 | CRC OK
I (40876) j1850: A8 3B 10 03 00 00 | CRC OK
I (40876) j1850: load: raw=0x00 (A8 3B 10 param; not gear)
I (40925) j1850: 28 1B 10 02 15 F0 7F | CRC OK
I (40991) j1850: 28 1B 10 02 15 C4 41 | CRC OK
I (41057) j1850: 28 1B 10 02 15 98 03 | CRC OK
I (41122) j1850: 28 1B 10 02 15 C4 41 | CRC OK
I (41153) j1850: 68 88 10 03 44 | CRC OK
I (41160) j1850: C8 88 10 0E BA | CRC OK
I (41166) j1850: C8 89 60 03 9F | CRC OK
I (41186) j1850: 28 1B 10 02 15 5C 42 | CRC OK
I (41192) j1850: E8 89 60 0E 54 | CRC OK
I (41253) j1850: 28 1B 10 02 15 80 26 | CRC OK
I (41319) j1850: 28 1B 10 02 16 30 9E | CRC OK
I (41367) j1850: A8 3B 10 03 00 00 | CRC OK
I (41367) j1850: load: raw=0x00 (A8 3B 10 param; not gear)
I (41384) j1850: 28 1B 10 02 16 24 27 | CRC OK
I (41450) j1850: 28 1B 10 02 15 E0 B2 | CRC OK
I (41515) j1850: 28 1B 10 02 15 C4 41 | CRC OK
I (41558) j1850: 68 FF 40 03 D8 | CRC OK
I (41581) j1850: 28 1B 10 02 15 5C 42 | CRC OK
I (41634) j1850: 68 FF 60 03 AD | CRC OK
I (41646) j1850: 28 1B 10 02 15 B4 18 | CRC OK
I (41712) j1850: 28 1B 10 02 15 BC F0 | CRC OK
I (41729) j1850: A8 83 10 0A 00 8C 79 | CRC OK
I (41778) j1850: 28 1B 10 02 15 B0 6C | CRC OK
I (41826) j1850: A8 49 10 10 57 31 | CRC OK
I (41826) j1850: temp: raw=0x57 (87) -> 47 C (raw-40, ride-1 confirmed)
I (41843) j1850: 28 1B 10 02 16 10 19 | CRC OK
I (41859) j1850: A8 3B 10 03 00 00 | CRC OK
I (41859) j1850: load: raw=0x00 (A8 3B 10 param; not gear)
I (41909) j1850: 28 1B 10 02 15 B0 6C | CRC OK
I (42040) j1850: 28 1B 10 02 14 BC BC | CRC OK
I (42105) j1850: 28 1B 10 02 15 3C D6 | CRC OK
I (42153) j1850: 68 FF 10 03 86 | CRC OK
I (42161) j1850: 68 88 10 03 44 | CRC OK
I (42171) j1850: 28 1B 10 02 15 B0 6C | CRC OK
I (42177) j1850: C8 88 10 0E BA | CRC OK
I (42183) j1850: C8 89 60 03 9F | CRC OK
I (42207) j1850: E8 89 60 0E 54 | CRC OK
I (42236) j1850: 28 1B 10 02 15 90 EB | CRC OK
I (42302) j1850: 28 1B 10 02 15 6C 08 | CRC OK
I (42350) j1850: A8 3B 10 03 00 00 | CRC OK
I (42350) j1850: load: raw=0x00 (A8 3B 10 param; not gear)
I (42367) j1850: 28 1B 10 02 15 50 DE | CRC OK
I (42433) j1850: 28 1B 10 02 15 10 CD | CRC OK
I (42498) j1850: 28 1B 10 02 15 84 52 | CRC OK
I (42569) j1850: 28 1B 10 02 15 E0 B2 | CRC OK
I (42630) j1850: 28 1B 10 02 15 B8 84 | CRC OK
I (42695) j1850: 28 1B 10 02 15 A8 49 | CRC OK
I (42717) j1850: 68 FF 60 03 AD | CRC OK
I (42761) j1850: 28 1B 10 02 16 0C 48 | CRC OK
I (42785) j1850: stats: 497 frames, 0 bad CRC, 0 overruns, 13609 edges, 3 same-level
I (42826) j1850: 28 1B 10 02 15 C4 41 | CRC OK
I (42842) j1850: A8 3B 10 03 00 00 | CRC OK
I (42842) j1850: load: raw=0x00 (A8 3B 10 param; not gear)
I (42871) j1850: 29 FE 40 01 64 | CRC OK
I (42883) j1850: 28 FF 10 01 07 07 | CRC OK
I (42892) j1850: 28 1B 10 02 15 C8 DD | CRC OK
I (42957) j1850: 28 1B 10 02 15 C8 DD | CRC OK
I (43023) j1850: 29 FE 60 01 11 | CRC OK
I (43031) j1850: 28 1B 10 02 15 D4 8C | CRC OK
I (43088) j1850: 28 1B 10 02 15 F4 0B | CRC OK
I (43154) j1850: 28 1B 10 02 16 68 A8 | CRC OK
I (43160) j1850: 68 88 10 03 44 | CRC OK
I (43169) j1850: C8 88 10 0E BA | CRC OK
I (43179) j1850: C8 89 60 03 9F | CRC OK
I (43219) j1850: 28 1B 10 02 16 70 8D | CRC OK
I (43285) j1850: 28 1B 10 02 15 38 A2 | CRC OK
I (43333) j1850: A8 3B 10 03 00 00 | CRC OK
I (43333) j1850: load: raw=0x00 (A8 3B 10 param; not gear)
I (43350) j1850: 28 1B 10 02 15 50 DE | CRC OK
I (43416) j1850: 28 1B 10 02 15 58 36 | CRC OK
I (43482) j1850: 28 1B 10 02 14 EC 62 | CRC OK
I (43547) j1850: 28 1B 10 02 15 8C BA | CRC OK
I (43588) j1850: 68 FF 40 03 D8 | CRC OK
I (43612) j1850: 28 1B 10 02 15 9C 77 | CRC OK
I (43650) j1850: 68 FF 60 03 AD | CRC OK
I (43678) j1850: 28 1B 10 02 15 14 B9 | CRC OK
I (43744) j1850: 28 1B 10 02 14 F0 33 | CRC OK
I (43809) j1850: 28 1B 10 02 15 88 CE | CRC OK
I (43825) j1850: A8 3B 10 03 00 00 | CRC OK
I (43825) j1850: load: raw=0x00 (A8 3B 10 param; not gear)
I (43859) j1850: A8 83 10 0A 00 A0 62 | CRC OK
I (43875) j1850: 28 1B 10 02 15 48 FB | CRC OK
I (43940) j1850: 28 1B 10 02 15 2C 1B | CRC OK
I (44006) j1850: 28 1B 10 02 15 94 9F | CRC OK
I (44137) j1850: 28 1B 10 02 14 F8 DB | CRC OK
I (44152) j1850: 68 FF 10 03 86 | CRC OK
I (44168) j1850: C8 88 10 0E BA | CRC OK
I (44176) j1850: C8 89 60 03 9F | CRC OK
I (44182) j1850: E8 89 60 0E 54 | CRC OK
I (44202) j1850: 28 1B 10 02 15 04 74 | CRC OK
I (44268) j1850: 28 1B 10 02 15 2C 1B | CRC OK
I (44317) j1850: A8 3B 10 03 00 00 | CRC OK
I (44317) j1850: load: raw=0x00 (A8 3B 10 param; not gear)
I (44334) j1850: 28 1B 10 02 15 A0 A1 | CRC OK
I (44399) j1850: 28 1B 10 02 15 7C C5 | CRC OK
I (44465) j1850: 28 1B 10 02 14 C0 79 | CRC OK
I (44530) j1850: 28 1B 10 02 14 88 82 | CRC OK
I (44596) j1850: 28 1B 10 02 14 F0 33 | CRC OK
I (44661) j1850: 28 1B 10 02 15 50 DE | CRC OK
I (44727) j1850: 28 1B 10 02 15 A4 D5 | CRC OK
I (44792) j1850: 28 1B 10 02 15 E4 C6 | CRC OK
I (44808) j1850: A8 3B 10 03 00 00 | CRC OK
I (44808) j1850: load: raw=0x00 (A8 3B 10 param; not gear)
I (44858) j1850: 28 1B 10 02 15 04 74 | CRC OK
I (44923) j1850: 28 1B 10 02 14 8C F6 | CRC OK
I (44989) j1850: 28 1B 10 02 14 5C 0E | CRC OK
I (45055) j1850: 28 1B 10 02 14 FC AF | CRC OK
I (45120) j1850: 28 1B 10 02 15 18 25 | CRC OK
I (45151) j1850: 68 88 10 03 44 | CRC OK
I (45160) j1850: C8 88 10 0E BA | CRC OK
I (45170) j1850: C8 89 60 03 9F | CRC OK
I (45177) j1850: 68 FF 40 03 D8 | CRC OK
I (45181) j1850: E8 89 60 0E 54 | CRC OK
I (45189) j1850: 28 1B 10 02 15 44 67 | CRC OK
I (45251) j1850: 28 1B 10 02 15 90 EB | CRC OK
I (45300) j1850: A8 3B 10 03 00 00 | CRC OK
I (45300) j1850: load: raw=0x00 (A8 3B 10 param; not gear)
I (45316) j1850: 28 1B 10 02 15 94 9F | CRC OK
I (45333) j1850: 68 FF 60 03 AD | CRC OK
I (45382) j1850: 28 1B 10 02 15 BC F0 | CRC OK
I (45447) j1850: 28 1B 10 02 15 70 59 | CRC OK
I (45487) j1850: 29 FE 40 01 64 | CRC OK
I (45496) j1850: 28 FF 10 01 07 07 | CRC OK
I (45513) j1850: 28 1B 10 02 16 38 76 | CRC OK
I (45579) j1850: 28 1B 10 02 16 0C 48 | CRC OK
I (45619) j1850: 68 FF 40 03 D8 | CRC OK
I (45639) j1850: 29 FE 60 01 11 | CRC OK
I (45647) j1850: 28 1B 10 02 15 80 26 | CRC OK
I (45660) j1850: 28 FF 10 01 07 07 | CRC OK
I (45669) j1850: 68 FF 60 03 AD | CRC OK
I (45710) j1850: 28 1B 10 02 15 80 26 | CRC OK
I (45775) j1850: 28 1B 10 02 15 30 4A | CRC OK
I (45791) j1850: A8 3B 10 03 00 00 | CRC OK
I (45791) j1850: load: raw=0x00 (A8 3B 10 param; not gear)
I (45841) j1850: 28 1B 10 02 16 08 3C | CRC OK
I (45906) j1850: 28 1B 10 02 15 FC E3 | CRC OK
I (45972) j1850: 28 1B 10 02 15 04 74 | CRC OK
I (46037) j1850: 28 1B 10 02 15 84 52 | CRC OK
I (46054) j1850: A8 83 10 0A 00 B4 DB | CRC OK
I (46103) j1850: 28 1B 10 02 15 5C 42 | CRC OK
I (46151) j1850: 68 FF 10 03 86 | CRC OK
I (46159) j1850: 68 88 10 03 44 | CRC OK
I (46165) j1850: C8 89 60 03 9F | CRC OK
I (46172) j1850: 28 1B 10 02 15 9C 77 | CRC OK
I (46184) j1850: C8 88 10 0E BA | CRC OK
I (46192) j1850: E8 89 60 0E 54 | CRC OK
I (46234) j1850: 28 1B 10 02 15 94 9F | CRC OK
I (46283) j1850: A8 3B 10 03 00 00 | CRC OK
I (46283) j1850: load: raw=0x00 (A8 3B 10 param; not gear)
I (46299) j1850: 28 1B 10 02 15 44 67 | CRC OK
I (46365) j1850: 28 1B 10 02 15 A8 49 | CRC OK
I (46431) j1850: 28 1B 10 02 16 34 EA | CRC OK
I (46496) j1850: 28 1B 10 02 16 1C 85 | CRC OK
I (46562) j1850: 28 1B 10 02 15 20 87 | CRC OK
I (46627) j1850: 28 1B 10 02 15 44 67 | CRC OK
I (46759) j1850: 28 1B 10 02 14 BC BC | CRC OK
I (46774) j1850: A8 3B 10 03 00 00 | CRC OK
I (46774) j1850: load: raw=0x00 (A8 3B 10 param; not gear)
I (46824) j1850: 28 1B 10 02 14 80 6A | CRC OK
I (46889) j1850: 28 1B 10 02 15 18 25 | CRC OK
I (46955) j1850: 28 1B 10 02 15 1C 51 | CRC OK
I (47020) j1850: 28 1B 10 02 15 18 25 | CRC OK
I (47086) j1850: 28 1B 10 02 15 94 9F | CRC OK
I (47152) j1850: 28 1B 10 02 15 4C 8F | CRC OK
I (47158) j1850: 68 88 10 03 44 | CRC OK
I (47167) j1850: C8 88 10 0E BA | CRC OK
I (47188) j1850: C8 89 60 03 9F | CRC OK
I (47193) j1850: E8 89 60 0E 54 | CRC OK
I (47217) j1850: 28 1B 10 02 15 68 7C | CRC OK
I (47266) j1850: A8 3B 10 03 00 00 | CRC OK
I (47266) j1850: load: raw=0x00 (A8 3B 10 param; not gear)
I (47282) j1850: 28 1B 10 02 15 70 59 | CRC OK
I (47348) j1850: 28 1B 10 02 15 48 FB | CRC OK
I (47414) j1850: 28 1B 10 02 15 38 A2 | CRC OK
I (47479) j1850: 28 1B 10 02 14 A8 05 | CRC OK
I (47545) j1850: 28 1B 10 02 14 4C C3 | CRC OK
I (47610) j1850: 28 1B 10 02 14 C4 0D | CRC OK
I (47648) j1850: 68 FF 40 03 D8 | CRC OK
I (47676) j1850: 28 1B 10 02 14 B8 C8 | CRC OK
I (47685) j1850: 68 FF 60 03 AD | CRC OK
I (47742) j1850: 28 1B 10 02 14 BC BC | CRC OK
I (47757) j1850: A8 3B 10 03 00 00 | CRC OK
I (47757) j1850: load: raw=0x00 (A8 3B 10 param; not gear)
I (47795) j1850: 68 FF 40 03 D8 | CRC OK
I (47807) j1850: 28 1B 10 02 14 F8 DB | CRC OK
I (47872) j1850: 28 1B 10 02 15 3C D6 | CRC OK
I (47938) j1850: 28 1B 10 02 15 D8 10 | CRC OK
I (47949) j1850: 68 FF 60 03 AD | CRC OK
I (48004) j1850: 28 1B 10 02 15 E4 C6 | CRC OK
I (48069) j1850: 28 1B 10 02 15 7C C5 | CRC OK
I (48103) j1850: 29 FE 40 01 64 | CRC OK
I (48117) j1850: 28 FF 10 01 07 07 | CRC OK
I (48134) j1850: 28 1B 10 02 15 44 67 | CRC OK
I (48150) j1850: 68 FF 10 03 86 | CRC OK
I (48158) j1850: 68 88 10 03 44 | CRC OK
I (48166) j1850: C8 88 10 0E BA | CRC OK
I (48184) j1850: C8 89 60 03 9F | CRC OK
I (48199) j1850: 28 1B 10 02 16 1C 85 | CRC OK
I (48205) j1850: E8 89 60 0E 54 | CRC OK
I (48249) j1850: A8 3B 10 03 00 00 | CRC OK
I (48249) j1850: load: raw=0x00 (A8 3B 10 param; not gear)
I (48263) j1850: A8 83 10 0A 00 C8 1E | CRC OK
I (48274) j1850: 28 1B 10 02 16 48 2F | CRC OK
I (48331) j1850: 28 1B 10 02 15 84 52 | CRC OK
I (48397) j1850: 28 1B 10 02 15 98 03 | CRC OK
I (48462) j1850: 28 1B 10 02 16 44 B3 | CRC OK
I (48528) j1850: 28 1B 10 02 16 20 53 | CRC OK
I (48593) j1850: 28 1B 10 02 15 F4 0B | CRC OK
I (48659) j1850: 28 1B 10 02 16 04 A0 | CRC OK
I (48724) j1850: 28 1B 10 02 15 40 13 | CRC OK
I (48740) j1850: A8 3B 10 03 00 00 | CRC OK
I (48740) j1850: load: raw=0x00 (A8 3B 10 param; not gear)
I (48790) j1850: 28 1B 10 02 15 10 CD | CRC OK
I (48856) j1850: 28 1B 10 02 15 3C D6 | CRC OK
I (48921) j1850: 28 1B 10 02 15 A0 A1 | CRC OK
I (49052) j1850: 28 1B 10 02 15 EC 2E | CRC OK
I (49118) j1850: 28 1B 10 02 16 38 76 | CRC OK
I (49149) j1850: 68 88 10 03 44 | CRC OK
I (49158) j1850: C8 88 10 0E BA | CRC OK
I (49179) j1850: C8 89 60 03 9F | CRC OK
I (49185) j1850: 28 1B 10 02 16 64 34 | CRC OK
I (49191) j1850: E8 89 60 0E 54 | CRC OK
I (49232) j1850: A8 3B 10 03 00 00 | CRC OK
I (49232) j1850: load: raw=0x00 (A8 3B 10 param; not gear)
I (49249) j1850: 28 1B 10 02 16 14 6D | CRC OK
I (49315) j1850: 28 1B 10 02 15 A0 A1 | CRC OK
I (49380) j1850: 28 1B 10 02 15 24 F3 | CRC OK
I (49445) j1850: 28 1B 10 02 15 84 52 | CRC OK
I (49511) j1850: 28 1B 10 02 15 84 52 | CRC OK
I (49577) j1850: 28 1B 10 02 15 48 FB | CRC OK
I (49642) j1850: 28 1B 10 02 15 0C 9C | CRC OK
I (49679) j1850: 68 FF 40 03 D8 | CRC OK
I (49700) j1850: 68 FF 60 03 AD | CRC OK
I (49708) j1850: 28 1B 10 02 14 70 15 | CRC OK
I (49724) j1850: A8 3B 10 03 00 00 | CRC OK
I (49724) j1850: load: raw=0x00 (A8 3B 10 param; not gear)
I (49773) j1850: 28 1B 10 02 14 5C 0E | CRC OK
I (49838) j1850: 28 1B 10 02 15 1C 51 | CRC OK
I (49904) j1850: 28 1B 10 02 15 B8 84 | CRC OK
I (49970) j1850: 28 1B 10 02 15 F8 97 | CRC OK
I (50101) j1850: 28 1B 10 02 15 DC 64 | CRC OK
I (50148) j1850: 68 FF 10 03 86 | CRC OK
I (50157) j1850: 68 88 10 03 44 | CRC OK
I (50166) j1850: 28 1B 10 02 15 BC F0 | CRC OK
I (50172) j1850: C8 88 10 0E BA | CRC OK
I (50178) j1850: C8 89 60 03 9F | CRC OK
I (50200) j1850: E8 89 60 0E 54 | CRC OK
I (50215) j1850: A8 3B 10 03 00 00 | CRC OK
I (50215) j1850: load: raw=0x00 (A8 3B 10 param; not gear)
I (50232) j1850: 28 1B 10 02 15 50 DE | CRC OK
I (50363) j1850: 28 1B 10 02 15 48 FB | CRC OK
I (50411) j1850: 68 FF 40 03 D8 | CRC OK
I (50428) j1850: 28 1B 10 02 15 18 25 | CRC OK
I (50486) j1850: A8 83 10 0A 00 DC A7 | CRC OK
I (50494) j1850: 28 1B 10 02 15 14 B9 | CRC OK
I (50559) j1850: 28 1B 10 02 15 34 3E | CRC OK
I (50565) j1850: 68 FF 60 03 AD | CRC OK
I (50625) j1850: 28 1B 10 02 15 3C D6 | CRC OK
I (50691) j1850: 28 1B 10 02 15 88 CE | CRC OK
I (50706) j1850: A8 3B 10 03 00 00 | CRC OK
I (50706) j1850: load: raw=0x00 (A8 3B 10 param; not gear)
I (50719) j1850: 29 FE 40 01 64 | CRC OK
I (50731) j1850: 28 FF 10 01 07 07 | CRC OK
I (50756) j1850: 28 1B 10 02 15 B0 6C | CRC OK
I (50822) j1850: 28 1B 10 02 14 54 E6 | CRC OK
I (50873) j1850: 29 FE 60 01 11 | CRC OK
I (50886) j1850: 28 FF 10 01 07 07 | CRC OK
I (50896) j1850: 28 1B 10 02 14 AC 71 | CRC OK
I (50953) j1850: 28 1B 10 02 14 D4 C0 | CRC OK
I (51018) j1850: 28 1B 10 02 14 84 1E | CRC OK
I (51084) j1850: 28 1B 10 02 15 F0 7F | CRC OK
I (51149) j1850: 28 1B 10 02 15 D8 10 | CRC OK
I (51156) j1850: 68 88 10 03 44 | CRC OK
I (51165) j1850: C8 88 10 0E BA | CRC OK
I (51173) j1850: C8 89 60 03 9F | CRC OK
I (51179) j1850: E8 89 60 0E 54 | CRC OK
I (51198) j1850: A8 3B 10 03 00 00 | CRC OK
I (51198) j1850: load: raw=0x00 (A8 3B 10 param; not gear)
I (51215) j1850: 28 1B 10 02 15 40 13 | CRC OK
I (51281) j1850: 28 1B 10 02 16 20 53 | CRC OK
I (51346) j1850: 28 1B 10 02 15 04 74 | CRC OK
I (51412) j1850: 28 1B 10 02 14 E0 FE | CRC OK
I (51477) j1850: 28 1B 10 02 15 28 6F | CRC OK
I (51543) j1850: 28 1B 10 02 14 F8 DB | CRC OK
I (51608) j1850: 28 1B 10 02 14 E0 FE | CRC OK
I (51674) j1850: 28 1B 10 02 14 9C 3B | CRC OK
I (51690) j1850: A8 3B 10 03 00 00 | CRC OK
I (51690) j1850: load: raw=0x00 (A8 3B 10 param; not gear)
I (51708) j1850: 68 FF 40 03 D8 | CRC OK
I (51725) j1850: 68 FF 60 03 AD | CRC OK
I (51739) j1850: 28 1B 10 02 14 00 4C | CRC OK
I (51805) j1850: 28 1B 10 02 15 AC 3D | CRC OK
I (51870) j1850: 28 1B 10 02 16 24 27 | CRC OK
I (51936) j1850: 28 1B 10 02 16 74 F9 | CRC OK
I (52002) j1850: 28 1B 10 02 16 B8 50 | CRC OK
I (52067) j1850: 28 1B 10 02 15 F4 0B | CRC OK
I (52133) j1850: 28 1B 10 02 15 A8 49 | CRC OK
I (52147) j1850: 68 FF 10 03 86 | CRC OK
I (52156) j1850: 68 88 10 03 44 | CRC OK
I (52162) j1850: C8 88 10 0E BA | CRC OK
I (52168) j1850: C8 89 60 03 9F | CRC OK
I (52181) j1850: A8 3B 10 03 00 00 | CRC OK
I (52181) j1850: load: raw=0x00 (A8 3B 10 param; not gear)
I (52191) j1850: E8 89 60 0E 54 | CRC OK
I (52199) j1850: 28 1B 10 02 16 08 3C | CRC OK
I (52264) j1850: 28 1B 10 02 16 34 EA | CRC OK
I (52329) j1850: 28 1B 10 02 16 30 9E | CRC OK
I (52461) j1850: 28 1B 10 02 16 28 BB | CRC OK
I (52526) j1850: 28 1B 10 02 15 B4 18 | CRC OK
I (52591) j1850: 28 1B 10 02 15 3C D6 | CRC OK
I (52657) j1850: 28 1B 10 02 16 28 BB | CRC OK
I (52673) j1850: A8 3B 10 03 00 00 | CRC OK
I (52673) j1850: load: raw=0x00 (A8 3B 10 param; not gear)
I (52706) j1850: A8 83 10 0A 00 F0 BC | CRC OK
I (52722) j1850: 28 1B 10 02 16 24 27 | CRC OK
I (52785) j1850: stats: 741 frames, 0 bad CRC, 0 overruns, 13466 edges, 8 same-level
I (52788) j1850: 28 1B 10 02 16 58 E2 | CRC OK
I (52836) j1850: A8 49 10 10 58 8A | CRC OK
I (52836) j1850: temp: raw=0x58 (88) -> 48 C (raw-40, ride-1 confirmed)
I (52853) j1850: 28 1B 10 02 16 10 19 | CRC OK
I (52919) j1850: 28 1B 10 02 15 1C 51 | CRC OK
I (52985) j1850: 28 1B 10 02 15 80 26 | CRC OK
I (53027) j1850: 68 FF 40 03 D8 | CRC OK
I (53050) j1850: 28 1B 10 02 15 E0 B2 | CRC OK
I (53115) j1850: 28 1B 10 02 15 C4 41 | CRC OK
I (53147) j1850: 68 88 10 03 44 | CRC OK
I (53155) j1850: C8 88 10 0E BA | CRC OK
I (53163) j1850: A8 3B 10 03 00 00 | CRC OK
I (53163) j1850: load: raw=0x00 (A8 3B 10 param; not gear)
I (53168) j1850: C8 89 60 03 9F | CRC OK
I (53179) j1850: 68 FF 60 03 AD | CRC OK
I (53187) j1850: 28 1B 10 02 15 8C BA | CRC OK
I (53247) j1850: 28 1B 10 02 15 50 DE | CRC OK
I (53312) j1850: 28 1B 10 02 15 64 E0 | CRC OK
I (53335) j1850: 29 FE 40 01 64 | CRC OK
I (53344) j1850: 28 FF 10 01 07 07 | CRC OK
I (53378) j1850: 28 1B 10 02 15 2C 1B | CRC OK
I (53443) j1850: 28 1B 10 02 16 18 F1 | CRC OK
I (53489) j1850: 29 FE 60 01 11 | CRC OK
I (53500) j1850: 28 FF 10 01 07 07 | CRC OK
I (53509) j1850: 28 1B 10 02 15 48 FB | CRC OK
I (53574) j1850: 28 1B 10 02 15 20 87 | CRC OK
I (53640) j1850: 28 1B 10 02 15 28 6F | CRC OK
I (53656) j1850: A8 3B 10 03 00 00 | CRC OK
I (53656) j1850: load: raw=0x00 (A8 3B 10 param; not gear)
I (53705) j1850: 28 1B 10 02 15 70 59 | CRC OK
I (53734) j1850: 68 FF 60 03 AD | CRC OK
I (53740) j1850: 68 FF 40 03 D8 | CRC OK
I (53771) j1850: 28 1B 10 02 15 C0 35 | CRC OK
I (53836) j1850: 28 1B 10 02 15 34 3E | CRC OK
I (53885) j1850: A8 49 10 10 57 31 | CRC OK
I (53885) j1850: temp: raw=0x57 (87) -> 47 C (raw-40, ride-1 confirmed)
I (53902) j1850: 28 1B 10 02 15 88 CE | CRC OK
I (53968) j1850: 28 1B 10 02 15 B8 84 | CRC OK
I (54033) j1850: 28 1B 10 02 15 4C 8F | CRC OK
I (54099) j1850: 28 1B 10 02 15 E4 C6 | CRC OK
I (54146) j1850: 68 FF 10 03 86 | CRC OK
I (54154) j1850: 68 88 10 03 44 | CRC OK
I (54164) j1850: 28 1B 10 02 15 F4 0B | CRC OK
I (54171) j1850: C8 88 10 0E BA | CRC OK
I (54180) j1850: A8 3B 10 03 00 00 | CRC OK
I (54180) j1850: load: raw=0x00 (A8 3B 10 param; not gear)
I (54187) j1850: C8 89 60 03 9F | CRC OK
I (54193) j1850: E8 89 60 0E 54 | CRC OK
I (54230) j1850: 28 1B 10 02 16 40 C7 | CRC OK
I (54295) j1850: 28 1B 10 02 15 D4 8C | CRC OK
I (54361) j1850: 28 1B 10 02 15 54 AA | CRC OK
I (54426) j1850: 28 1B 10 02 15 DC 64 | CRC OK
I (54492) j1850: 28 1B 10 02 16 7C 11 | CRC OK
I (54557) j1850: 28 1B 10 02 15 D0 F8 | CRC OK
I (54623) j1850: 28 1B 10 02 15 9C 77 | CRC OK
I (54639) j1850: A8 3B 10 03 00 00 | CRC OK
I (54639) j1850: load: raw=0x00 (A8 3B 10 param; not gear)
I (54688) j1850: 28 1B 10 02 15 F8 97 | CRC OK
I (54754) j1850: 28 1B 10 02 16 24 27 | CRC OK
I (54885) j1850: 28 1B 10 02 15 24 F3 | CRC OK
I (54926) j1850: A8 83 10 0A 01 04 FB | CRC OK
I (54950) j1850: 28 1B 10 02 15 5C 42 | CRC OK
I (55016) j1850: 28 1B 10 02 15 84 52 | CRC OK
I (55065) j1850: A8 49 10 10 58 8A | CRC OK
I (55065) j1850: temp: raw=0x58 (88) -> 48 C (raw-40, ride-1 confirmed)
I (55082) j1850: 28 1B 10 02 15 40 13 | CRC OK
I (55130) j1850: A8 3B 10 03 00 00 | CRC OK
I (55130) j1850: load: raw=0x00 (A8 3B 10 param; not gear)
I (55147) j1850: 28 1B 10 02 15 94 9F | CRC OK
I (55154) j1850: 68 88 10 03 44 | CRC OK
I (55162) j1850: C8 88 10 0E BA | CRC OK
I (55185) j1850: C8 89 60 03 9F | CRC OK
I (55191) j1850: E8 89 60 0E 54 | CRC OK
I (55213) j1850: 28 1B 10 02 15 A0 A1 | CRC OK
I (55278) j1850: 28 1B 10 02 16 14 6D | CRC OK
I (55409) j1850: 28 1B 10 02 15 10 CD | CRC OK
I (55475) j1850: 28 1B 10 02 14 FC AF | CRC OK
I (55540) j1850: 28 1B 10 02 15 58 36 | CRC OK
I (55622) j1850: A8 3B 10 03 00 00 | CRC OK
I (55622) j1850: load: raw=0x00 (A8 3B 10 param; not gear)
I (55643) j1850: 68 FF 40 03 D8 | CRC OK
I (55672) j1850: 28 1B 10 02 16 48 2F | CRC OK
I (55737) j1850: 28 1B 10 02 16 80 F2 | CRC OK
I (55754) j1850: 68 FF 60 03 AD | CRC OK
I (55768) j1850: 68 FF 40 03 D8 | CRC OK
I (55795) j1850: 68 FF 60 03 AD | CRC OK
I (55803) j1850: 28 1B 10 02 16 18 F1 | CRC OK
I (55868) j1850: 28 1B 10 02 15 84 52 | CRC OK
I (55934) j1850: 28 1B 10 02 15 3C D6 | CRC OK
I (55951) j1850: 29 FE 40 01 64 | CRC OK
I (55966) j1850: 28 FF 10 01 07 07 | CRC OK
I (55999) j1850: 28 1B 10 02 15 40 13 | CRC OK
I (56065) j1850: 28 1B 10 02 15 B8 84 | CRC OK
I (56105) j1850: 29 FE 60 01 11 | CRC OK
I (56113) j1850: A8 3B 10 03 00 00 | CRC OK
I (56113) j1850: load: raw=0x00 (A8 3B 10 param; not gear)
I (56121) j1850: 28 FF 10 01 07 07 | CRC OK
I (56130) j1850: 28 1B 10 02 15 BC F0 | CRC OK
I (56145) j1850: 68 FF 10 03 86 | CRC OK
I (56153) j1850: 68 88 10 03 44 | CRC OK
I (56162) j1850: C8 88 10 0E BA | CRC OK
I (56177) j1850: C8 89 60 03 9F | CRC OK
I (56183) j1850: E8 89 60 0E 54 | CRC OK
I (56196) j1850: 28 1B 10 02 15 74 2D | CRC OK
I (56262) j1850: 28 1B 10 02 14 B8 C8 | CRC OK
I (56327) j1850: 28 1B 10 02 14 78 FD | CRC OK
I (56393) j1850: 28 1B 10 02 13 A0 14 | CRC OK
I (56458) j1850: 28 1B 10 02 14 00 4C | CRC OK
I (56524) j1850: 28 1B 10 02 14 CC E5 | CRC OK
I (56589) j1850: 28 1B 10 02 15 58 36 | CRC OK
I (56605) j1850: A8 3B 10 03 00 00 | CRC OK
I (56605) j1850: load: raw=0x00 (A8 3B 10 param; not gear)
I (56654) j1850: 28 1B 10 02 15 50 DE | CRC OK
I (56720) j1850: 28 1B 10 02 15 E0 B2 | CRC OK
I (56786) j1850: 28 1B 10 02 15 9C 77 | CRC OK
I (56851) j1850: 28 1B 10 02 15 64 E0 | CRC OK
I (56917) j1850: 28 1B 10 02 15 4C 8F | CRC OK
I (56982) j1850: 28 1B 10 02 15 98 03 | CRC OK
I (57048) j1850: 28 1B 10 02 15 D0 F8 | CRC OK
I (57096) j1850: A8 3B 10 03 00 00 | CRC OK
I (57096) j1850: load: raw=0x00 (A8 3B 10 param; not gear)
I (57113) j1850: 28 1B 10 02 15 CC A9 | CRC OK
I (57145) j1850: 68 88 10 03 44 | CRC OK
I (57153) j1850: C8 88 10 0E BA | CRC OK
I (57172) j1850: C8 89 60 03 9F | CRC OK
I (57179) j1850: 28 1B 10 02 15 88 CE | CRC OK
I (57185) j1850: E8 89 60 0E 54 | CRC OK
I (57204) j1850: A8 83 10 0A 01 18 AA | CRC OK
I (57244) j1850: 28 1B 10 02 14 60 D8 | CRC OK
I (57310) j1850: 28 1B 10 02 14 D4 C0 | CRC OK
I (57375) j1850: 28 1B 10 02 15 3C D6 | CRC OK
I (57441) j1850: 28 1B 10 02 15 7C C5 | CRC OK
I (57507) j1850: 28 1B 10 02 16 34 EA | CRC OK
I (57572) j1850: 28 1B 10 02 16 60 40 | CRC OK
I (57588) j1850: A8 3B 10 03 00 00 | CRC OK
I (57588) j1850: load: raw=0x00 (A8 3B 10 param; not gear)
I (57638) j1850: 28 1B 10 02 16 B0 B8 | CRC OK
I (57703) j1850: 28 1B 10 02 16 18 F1 | CRC OK
I (57767) j1850: 28 1B 10 02 15 D4 8C | CRC OK
I (57773) j1850: 68 FF 60 03 AD | CRC OK
I (57798) j1850: 68 FF 40 03 D8 | CRC OK
I (57834) j1850: 28 1B 10 02 15 F8 97 | CRC OK
I (57900) j1850: 28 1B 10 02 16 38 76 | CRC OK
I (57965) j1850: 28 1B 10 02 15 28 6F | CRC OK
I (58031) j1850: 28 1B 10 02 15 3C D6 | CRC OK
I (58079) j1850: A8 3B 10 03 00 00 | CRC OK
I (58079) j1850: load: raw=0x00 (A8 3B 10 param; not gear)
I (58096) j1850: 28 1B 10 02 15 DC 64 | CRC OK
I (58144) j1850: 68 FF 10 03 86 | CRC OK
I (58152) j1850: 68 88 10 03 44 | CRC OK
I (58162) j1850: 28 1B 10 02 15 40 13 | CRC OK
I (58167) j1850: C8 88 10 0E BA | CRC OK
I (58173) j1850: C8 89 60 03 9F | CRC OK
I (58194) j1850: E8 89 60 0E 54 | CRC OK
I (58228) j1850: 28 1B 10 02 15 5C 42 | CRC OK
I (58259) j1850: 68 FF 40 03 D8 | CRC OK
I (58293) j1850: 28 1B 10 02 15 68 7C | CRC OK
I (58359) j1850: 28 1B 10 02 15 48 FB | CRC OK
I (58413) j1850: 68 FF 60 03 AD | CRC OK
I (58424) j1850: 28 1B 10 02 15 80 26 | CRC OK
I (58490) j1850: 28 1B 10 02 14 28 23 | CRC OK
I (58555) j1850: 28 1B 10 02 14 08 A4 | CRC OK
I (58565) j1850: 29 FE 40 01 64 | CRC OK
I (58572) j1850: A8 3B 10 03 00 00 | CRC OK
I (58572) j1850: load: raw=0x00 (A8 3B 10 param; not gear)
I (58579) j1850: 28 FF 10 01 07 07 | CRC OK
I (58621) j1850: 28 1B 10 02 15 10 CD | CRC OK
I (58686) j1850: 28 1B 10 02 15 80 26 | CRC OK
I (58721) j1850: 29 FE 60 01 11 | CRC OK
I (58735) j1850: 28 FF 10 01 07 07 | CRC OK
I (58752) j1850: 28 1B 10 02 15 E8 5A | CRC OK
I (58817) j1850: 28 1B 10 02 16 10 19 | CRC OK
I (58883) j1850: 28 1B 10 02 15 FC E3 | CRC OK
I (58948) j1850: 28 1B 10 02 16 00 D4 | CRC OK
I (59014) j1850: 28 1B 10 02 14 D8 5C | CRC OK
I (59063) j1850: A8 3B 10 03 00 00 | CRC OK
I (59063) j1850: load: raw=0x00 (A8 3B 10 param; not gear)
I (59079) j1850: 28 1B 10 02 14 78 FD | CRC OK
I (59145) j1850: 28 1B 10 02 14 F8 DB | CRC OK
I (59152) j1850: 68 88 10 03 44 | CRC OK
I (59170) j1850: C8 89 60 03 9F | CRC OK
I (59176) j1850: E8 89 60 0E 54 | CRC OK
I (59211) j1850: 28 1B 10 02 15 48 FB | CRC OK
I (59259) j1850: A8 49 10 10 59 97 | CRC OK
I (59259) j1850: temp: raw=0x59 (89) -> 49 C (raw-40, ride-1 confirmed)
I (59276) j1850: 28 1B 10 02 15 64 E0 | CRC OK
I (59342) j1850: 28 1B 10 02 15 60 94 | CRC OK
I (59407) j1850: 28 1B 10 02 15 24 F3 | CRC OK
I (59424) j1850: A8 83 10 0A 01 2C 94 | CRC OK
I (59473) j1850: 28 1B 10 02 15 68 7C | CRC OK
I (59538) j1850: 28 1B 10 02 15 48 FB | CRC OK
I (59554) j1850: A8 3B 10 03 00 00 | CRC OK
I (59554) j1850: load: raw=0x00 (A8 3B 10 param; not gear)
I (59604) j1850: 28 1B 10 02 14 00 4C | CRC OK
I (59669) j1850: 28 1B 10 02 14 78 FD | CRC OK
I (59735) j1850: 28 1B 10 02 16 0C 48 | CRC OK
I (59787) j1850: 68 FF 60 03 AD | CRC OK
I (59801) j1850: 28 1B 10 02 16 34 EA | CRC OK
I (59828) j1850: 68 FF 40 03 D8 | CRC OK
I (59866) j1850: 28 1B 10 02 15 6C 08 | CRC OK
I (59931) j1850: 28 1B 10 02 15 60 94 | CRC OK
I (59997) j1850: 28 1B 10 02 15 F8 97 | CRC OK
I (60046) j1850: A8 3B 10 03 00 00 | CRC OK
I (60046) j1850: load: raw=0x00 (A8 3B 10 param; not gear)
I (60063) j1850: 28 1B 10 02 16 30 9E | CRC OK
I (60128) j1850: 28 1B 10 02 16 A0 75 | CRC OK
I (60143) j1850: 68 FF 10 03 86 | CRC OK
I (60151) j1850: 68 88 10 03 44 | CRC OK
I (60158) j1850: C8 88 10 0E BA | CRC OK
I (60164) j1850: C8 89 60 03 9F | CRC OK
I (60186) j1850: E8 89 60 0E 54 | CRC OK
I (60194) j1850: 28 1B 10 02 15 CC A9 | CRC OK
I (60259) j1850: 28 1B 10 02 14 DC 28 | CRC OK
I (60308) j1850: A8 49 10 10 58 8A | CRC OK
I (60308) j1850: temp: raw=0x58 (88) -> 48 C (raw-40, ride-1 confirmed)
I (60325) j1850: 28 1B 10 02 14 C4 0D | CRC OK
I (60390) j1850: 28 1B 10 02 14 E4 8A | CRC OK
I (60456) j1850: 28 1B 10 02 15 48 FB | CRC OK
I (60521) j1850: 28 1B 10 02 15 1C 51 | CRC OK
I (60537) j1850: A8 3B 10 03 00 00 | CRC OK
I (60537) j1850: load: raw=0x00 (A8 3B 10 param; not gear)
I (60587) j1850: 28 1B 10 02 15 38 A2 | CRC OK
I (60652) j1850: 28 1B 10 02 14 F0 33 | CRC OK
I (60718) j1850: 28 1B 10 02 14 F8 DB | CRC OK
I (60849) j1850: 28 1B 10 02 14 CC E5 | CRC OK
I (60875) j1850: 68 FF 40 03 D8 | CRC OK
I (60915) j1850: 28 1B 10 02 14 EC 62 | CRC OK
I (60980) j1850: 28 1B 10 02 14 78 FD | CRC OK
I (61027) j1850: 68 FF 60 03 AD | CRC OK
I (61034) j1850: A8 3B 10 03 00 00 | CRC OK
I (61034) j1850: load: raw=0x00 (A8 3B 10 param; not gear)
I (61046) j1850: 28 1B 10 02 14 8C F6 | CRC OK
I (61111) j1850: 28 1B 10 02 14 F4 47 | CRC OK
I (61142) j1850: 68 88 10 03 44 | CRC OK
I (61151) j1850: C8 88 10 0E BA | CRC OK
I (61158) j1850: C8 89 60 03 9F | CRC OK
I (61164) j1850: E8 89 60 0E 54 | CRC OK
I (61177) j1850: 28 1B 10 02 14 E0 FE | CRC OK
I (61183) j1850: 29 FE 40 01 64 | CRC OK
I (61192) j1850: 28 FF 10 01 07 07 | CRC OK
I (61242) j1850: 28 1B 10 02 14 84 1E | CRC OK
I (61308) j1850: 28 1B 10 02 14 CC E5 | CRC OK
I (61337) j1850: 29 FE 60 01 11 | CRC OK
I (61348) j1850: 28 FF 10 01 07 07 | CRC OK
I (61374) j1850: 28 1B 10 02 15 8C BA | CRC OK
I (61439) j1850: 28 1B 10 02 15 68 7C | CRC OK
I (61504) j1850: 28 1B 10 02 15 C0 35 | CRC OK
I (61520) j1850: A8 3B 10 03 00 00 | CRC OK
I (61520) j1850: load: raw=0x00 (A8 3B 10 param; not gear)
I (61570) j1850: 28 1B 10 02 15 B0 6C | CRC OK
I (61636) j1850: 28 1B 10 02 15 2C 1B | CRC OK
I (61685) j1850: A8 83 10 0A 01 40 9C | CRC OK
I (61701) j1850: 28 1B 10 02 14 9C 3B | CRC OK
I (61767) j1850: 28 1B 10 02 14 CC E5 | CRC OK
I (61806) j1850: 68 FF 60 03 AD | CRC OK
I (61832) j1850: 28 1B 10 02 14 54 E6 | CRC OK
I (61898) j1850: 28 1B 10 02 14 38 EE | CRC OK
I (61963) j1850: 28 1B 10 02 15 3C D6 | CRC OK
I (62012) j1850: A8 3B 10 03 00 00 | CRC OK
I (62012) j1850: load: raw=0x00 (A8 3B 10 param; not gear)
I (62094) j1850: 28 1B 10 02 16 04 A0 | CRC OK
I (62142) j1850: 68 FF 10 03 86 | CRC OK
I (62150) j1850: 68 88 10 03 44 | CRC OK
I (62160) j1850: 28 1B 10 02 16 70 8D | CRC OK
I (62167) j1850: C8 88 10 0E BA | CRC OK
I (62180) j1850: C8 89 60 03 9F | CRC OK
I (62186) j1850: E8 89 60 0E 54 | CRC OK
I (62225) j1850: 28 1B 10 02 16 7C 11 | CRC OK
I (62291) j1850: 28 1B 10 02 16 3C 02 | CRC OK
I (62356) j1850: 28 1B 10 02 16 5C 96 | CRC OK
I (62422) j1850: 28 1B 10 02 16 14 6D | CRC OK
I (62488) j1850: 28 1B 10 02 15 08 E8 | CRC OK
I (62503) j1850: A8 3B 10 03 00 00 | CRC OK
I (62503) j1850: load: raw=0x00 (A8 3B 10 param; not gear)
I (62553) j1850: 28 1B 10 02 00 00 D5 | CRC OK
I (62618) j1850: 28 1B 10 02 00 00 D5 | CRC OK
I (62651) j1850: 28 FF 10 01 06 1A | CRC OK
I (62716) j1850: 28 FF 10 01 06 1A | CRC OK
I (62786) j1850: stats: 994 frames, 0 bad CRC, 0 overruns, 13703 edges, 8 same-level
I (62864) j1850: 48 92 40 2A 00 00 1E | CRC OK
I (62874) j1850: 68 FF 40 03 D8 | CRC OK
I (62884) j1850: 48 DA 40 39 00 70 | CRC OK
I (62894) j1850: 29 FE 40 01 64 | CRC OK
I (62901) j1850: 68 93 60 2A 00 00 16 | CRC OK
I (62907) j1850: 28 FF 10 01 06 1A | CRC OK
I (62913) j1850: 48 3B 40 02 29 | CRC OK
I (62924) j1850: 48 3B 40 A0 B2 | CRC OK
I (63097) j1850: 48 DA 40 39 00 70 | CRC OK
I (63423) j1850: 69 93 60 2A 18 | CRC OK
I (63434) j1850: 48 92 40 2A 00 00 1E | CRC OK
I (63450) j1850: 68 93 60 2A 00 00 16 | CRC OK
I (63491) j1850: 68 FF 40 03 D8 | CRC OK
I (63645) j1850: 68 FF 60 03 AD | CRC OK
I (63799) j1850: 29 FE 40 01 64 | CRC OK
I (63814) j1850: 28 FF 10 01 06 1A | CRC OK
I (63822) j1850: 68 FF 60 03 AD | CRC OK
I (63953) j1850: 29 FE 60 01 11 | CRC OK
I (63970) j1850: 28 FF 10 01 06 1A | CRC OK
I (64771) j1850: 68 FF 40 03 D8 | CRC OK
I (65533) j1850: 48 DA 40 39 00 70 | CRC OK
I (65837) j1850: 29 FE 60 01 11 | CRC OK
I (65843) j1850: 68 FF 60 03 AD | CRC OK
I (65850) j1850: 28 FF 10 01 06 1A | CRC OK
I (66107) j1850: 68 FF 40 03 D8 | CRC OK
I (66261) j1850: 68 FF 60 03 AD | CRC OK
I (66415) j1850: 29 FE 40 01 64 | CRC OK
I (66431) j1850: 28 FF 10 01 06 1A | CRC OK
I (66569) j1850: 29 FE 60 01 11 | CRC OK
I (66579) j1850: 28 FF 10 01 06 1A | CRC OK
I (66801) j1850: 68 FF 40 03 D8 | CRC OK
I (67854) j1850: 29 FE 60 01 11 | CRC OK
I (67860) j1850: 68 FF 60 03 AD | CRC OK
I (67969) j1850: 48 DA 40 39 00 70 | CRC OK
I (68627) j1850: 29 FE 40 01 64 | CRC OK
I (68723) j1850: 68 FF 40 03 D8 | CRC OK
I (68831) j1850: 68 FF 40 03 D8 | CRC OK
I (68877) j1850: 68 FF 60 03 AD | CRC OK
I (69031) j1850: 29 FE 40 01 64 | CRC OK
I (69185) j1850: 29 FE 60 01 11 | CRC OK
I (69878) j1850: 68 FF 60 03 AD | CRC OK
