I (372524) j1850tx: replay: frame 569 SEND FAILED [TX FAULT]
I (372674) j1850tx: replay: frame 570 SEND FAILED [TX FAULT]
I (372824) j1850: stats: 1111 frames, 1 bad CRC, 0 overruns, 0 edges, 0 same-level
I (372824) j1850tx: replay: frame 571 SEND FAILED [TX FAULT]
I (372975) j1850tx: replay: frame 572 SEND FAILED [TX FAULT]
I (375125) j1850tx: replay: frame 573 SEND FAILED [TX FAULT]
I (375275) j1850tx: replay: frame 574 SEND FAILED [TX FAULT]
I (375425) j1850tx: replay: frame 575 SEND FAILED [TX FAULT]
I (375575) j1850tx: replay: frame 576 SEND FAILED [TX FAULT]
I (377725) j1850tx: replay: frame 577 SEND FAILED [TX FAULT]
I (377875) j1850tx: replay: frame 578 SEND FAILED [TX FAULT]
I (378025) j1850tx: replay: frame 579 SEND FAILED [TX FAULT]
I (378175) j1850tx: replay: frame 580 SEND FAILED [TX FAULT]
I (380325) j1850tx: replay: frame 581 SEND FAILED [TX FAULT]
I (380475) j1850tx: replay: frame 582 SEND FAILED [TX FAULT]
I (380625) j1850tx: replay: frame 583 SEND FAILED [TX FAULT]
I (380775) j1850tx: replay: frame 584 SEND FAILED [TX FAULT]
I (381272) j1850: 68 FF 40 02 C5 | CRC OK
I (381376) j1850: 48 92 40 AA FF FF 5B | CRC OK
I (381387) j1850: 48 92 40 AA FF FF 5B | CRC OK
I (381395) j1850: 68 FF 40 03 D8 | CRC OK
I (381404) j1850: 68 93 60 AA FF FF 53 | CRC OK
I (381411) j1850: 48 DA 40 39 00 70 | CRC OK
I (381417) j1850: 29 FE 40 01 64 | CRC OK
I (381426) j1850: 48 3B 40 02 29 | CRC OK
I (381436) j1850: 48 3B 40 A0 B2 | CRC OK
I (381628) j1850: 48 DA 40 39 00 70 | CRC OK
I (381676) j1850: 29 FE 60 01 11 | CRC OK
I (381849) j1850: 29 FE 60 01 11 | CRC OK
I (381855) j1850: 68 FF 60 03 AD | CRC OK
I (382503) j1850: 8C FE 10 60 1F | CRC OK
I (382569) j1850: 28 FF 10 01 07 07 | CRC OK
I (382635) j1850: 28 FF 10 01 07 07 | CRC OK
I (382765) j1850: 68 FF 10 03 86 | CRC OK
I (382773) j1850: A8 69 10 86 00 00 D7 | CRC OK
I (382779) j1850: 08 62 40 20 01 96 | CRC OK
I (382785) j1850: 28 1B 10 02 00 00 D5 | CRC OK
I (382792) j1850: 48 92 40 AA FF FF 5B | CRC OK
I (382798) j1850: 28 1B 10 02 00 00 D5 | CRC OK
I (382802) j1850: 68 FF 40 03 D8 | CRC OK
I (382810) j1850: 48 29 10 02 00 00 56 | CRC OK
I (382810) j1850: speed: raw=0 -> 0 mph (counts/188, km/h-native; DIV provisional, GPS to lock)
I (382816) j1850: 48 DA 40 39 00 70 | CRC OK
I (382821) j1850: 68 88 10 83 62 | CRC OK
I (382824) j1850: stats: 1137 frames, 1 bad CRC, 0 overruns, 1293 edges, 0 same-level
I (382826) j1850: 48 3B 40 02 29 | CRC OK
I (382832) j1850: 68 93 60 AA FF FF 53 | CRC OK
I (382836) j1850: 48 3B 40 A0 B2 | CRC OK
I (382842) j1850: C8 88 10 0E BA | CRC OK
I (382848) j1850: C8 89 60 83 B9 | CRC OK
I (382856) j1850: A8 3B 10 03 00 00 | CRC OK
I (382856) j1850: load: raw=0x00 (A8 3B 10 param; not gear)
I (382865) j1850: 28 1B 10 02 00 00 D5 | CRC OK
I (382871) j1850: A8 49 10 10 48 47 | CRC OK
I (382871) j1850: temp: raw=0x48 (72) -> 32 C (raw-40, ride-1 confirmed)
I (382875) j1850: E8 89 60 0E 54 | CRC OK
I (382882) j1850: A8 83 10 8A 00 00 03 | CRC OK
I (382889) j1850: 28 93 10 02 00 8C | CRC OK
I (382897) j1850: 08 63 10 20 01 73 | CRC OK
I (382905) j1850: 68 88 10 0B AC | CRC OK
I (382913) j1850: 68 63 10 26 00 85 | CRC OK
I (382921) j1850: 68 62 10 01 E1 | CRC OK
I (382925) j1850tx: replay: frame 585 SEND FAILED [TX FAULT]
I (382931) j1850: 28 1B 10 02 00 00 D5 | CRC OK
I (382937) j1850: 68 62 10 21 66 | CRC OK
I (382962) j1850: 09 63 10 20 B7 | CRC OK
I (382977) j1850: 08 62 40 20 01 96 | CRC OK
I (382984) j1850: A8 3B 10 03 00 00 | CRC OK
I (382984) j1850: load: raw=0x00 (A8 3B 10 param; not gear)
I (382996) j1850: 28 1B 10 02 00 00 D5 | CRC OK
I (383004) j1850: 08 63 10 20 01 73 | CRC OK
I (383029) j1850: 48 DA 40 39 00 70 | CRC OK
I (383062) j1850: 28 1B 10 02 00 00 D5 | CRC OK
I (383075) j1850tx: replay: frame 586 SEND FAILED [TX FAULT]
I (383127) j1850: 28 1B 10 02 00 00 D5 | CRC OK
I (383193) j1850: 28 1B 10 02 00 00 D5 | CRC OK
I (383225) j1850tx: replay: frame 587 SEND FAILED [TX FAULT]
I (383258) j1850: 28 1B 10 02 00 00 D5 | CRC OK
I (383324) j1850: 28 1B 10 02 00 00 D5 | CRC OK
I (383344) j1850: 69 93 60 2A 18 | CRC OK
I (383350) j1850: 68 FF 60 03 AD | CRC OK
I (383357) j1850: 48 92 40 AA FF FF 5B | CRC OK
I (383372) j1850: 68 93 60 AA FF FF 53 | CRC OK
I (383375) j1850tx: replay: frame 588 SEND FAILED [TX FAULT]
I (383389) j1850: 28 1B 10 02 00 00 D5 | CRC OK
I (383455) j1850: 28 1B 10 02 00 00 D5 | CRC OK
I (383471) j1850: A8 3B 10 03 00 00 | CRC OK
I (383471) j1850: load: raw=0x00 (A8 3B 10 param; not gear)
I (383503) j1850: 68 FF 10 03 86 | CRC OK
I (383511) j1850: 68 88 10 83 62 | CRC OK
I (383519) j1850: 28 1B 10 02 00 00 D5 | CRC OK
I (383523) j1850: C8 89 60 83 B9 | CRC OK
I (383530) j1850: C8 88 10 0E BA | CRC OK
I (383545) j1850: E8 89 60 0E 54 | CRC OK
I (383586) j1850: 28 1B 10 02 00 00 D5 | CRC OK
I (383652) j1850: 28 1B 10 02 00 00 D5 | CRC OK
I (383717) j1850: 28 1B 10 02 00 00 D5 | CRC OK
I (383783) j1850: 28 1B 10 02 00 00 D5 | CRC OK
I (383848) j1850: 28 1B 10 02 00 00 D5 | CRC OK
I (383914) j1850: 28 1B 10 02 00 00 D5 | CRC OK
I (383962) j1850: A8 3B 10 03 00 00 | CRC OK
I (383962) j1850: load: raw=0x00 (A8 3B 10 param; not gear)
I (383979) j1850: 28 1B 10 02 00 00 D5 | CRC OK
I (384045) j1850: 28 1B 10 02 00 00 D5 | CRC OK
I (384110) j1850: 28 1B 10 02 00 00 D5 | CRC OK
I (384176) j1850: 28 1B 10 02 00 00 D5 | CRC OK
I (384241) j1850: 28 1B 10 02 00 00 D5 | CRC OK
I (384307) j1850: 28 1B 10 02 00 00 D5 | CRC OK
I (384372) j1850: 28 1B 10 02 00 00 D5 | CRC OK
I (384438) j1850: 28 1B 10 02 00 00 D5 | CRC OK
I (384454) j1850: A8 3B 10 03 00 00 | CRC OK
I (384454) j1850: load: raw=0x00 (A8 3B 10 param; not gear)
I (384504) j1850: 28 1B 10 02 00 00 D5 | CRC OK
I (384510) j1850: 68 88 10 83 62 | CRC OK
I (384517) j1850: C8 88 10 0E BA | CRC OK
I (384523) j1850: C8 89 60 83 B9 | CRC OK
I (384540) j1850: E8 89 60 0E 54 | CRC OK
I (384569) j1850: 28 1B 10 02 00 00 D5 | CRC OK
I (384635) j1850: 28 1B 10 02 00 00 D5 | CRC OK
I (384683) j1850: 68 FF 40 03 D8 | CRC OK
I (384700) j1850: 28 1B 10 02 00 00 D5 | CRC OK
I (384766) j1850: 28 1B 10 02 00 00 D5 | CRC OK
I (384831) j1850: 28 1B 10 02 00 00 D5 | CRC OK
I (384839) j1850: 68 FF 60 03 AD | CRC OK
I (384897) j1850: 28 1B 10 02 00 00 D5 | CRC OK
I (384945) j1850: A8 3B 10 03 00 00 | CRC OK
I (384945) j1850: load: raw=0x00 (A8 3B 10 param; not gear)
I (384962) j1850: 28 1B 10 02 00 00 D5 | CRC OK
I (385028) j1850: 28 1B 10 02 00 00 D5 | CRC OK
I (385093) j1850: 28 1B 10 02 00 00 D5 | CRC OK
I (385159) j1850: 28 1B 10 02 00 00 D5 | CRC OK
I (385192) j1850: 48 92 40 2A 00 00 1E | CRC OK
I (385215) j1850: 68 93 60 2A 00 00 16 | CRC OK
I (385224) j1850: 28 1B 10 02 00 00 D5 | CRC OK
I (385290) j1850: 28 1B 10 02 00 00 D5 | CRC OK
I (385355) j1850: 28 1B 10 02 00 00 D5 | CRC OK
I (385421) j1850: 28 1B 10 02 00 00 D5 | CRC OK
I (385437) j1850: A8 3B 10 03 00 00 | CRC OK
I (385437) j1850: load: raw=0x00 (A8 3B 10 param; not gear)
I (385465) j1850: 48 DA 40 39 00 70 | CRC OK
I (385487) j1850: 28 1B 10 02 00 00 D5 | CRC OK
I (385501) j1850: 68 FF 10 03 86 | CRC OK
I (385510) j1850: 68 88 10 83 62 | CRC OK
I (385518) j1850: C8 88 10 0E BA | CRC OK
I (385525) j1850tx: replay: frame 589 SEND FAILED [TX FAULT]
I (385537) j1850: C8 89 60 83 B9 | CRC OK
I (385543) j1850: E8 89 60 0E 54 | CRC OK
I (385552) j1850: 28 1B 10 02 00 00 D5 | CRC OK
I (385618) j1850: 28 1B 10 02 00 00 D5 | CRC OK
I (385675) j1850tx: replay: frame 590 SEND FAILED [TX FAULT]
I (385683) j1850: 28 1B 10 02 00 00 D5 | CRC OK
I (385749) j1850: 28 1B 10 02 00 00 D5 | CRC OK
I (385814) j1850: 28 1B 10 02 00 00 D5 | CRC OK
I (385825) j1850tx: replay: frame 591 SEND FAILED [TX FAULT]
I (385880) j1850: 28 1B 10 02 00 00 D5 | CRC OK
I (385928) j1850: A8 3B 10 03 00 00 | CRC OK
I (385928) j1850: load: raw=0x00 (A8 3B 10 param; not gear)
I (385945) j1850: 28 1B 10 02 00 00 D5 | CRC OK
I (385975) j1850tx: replay: frame 592 SEND FAILED [TX FAULT]
I (386011) j1850: 28 1B 10 02 00 00 D5 | CRC OK
I (386076) j1850: 28 1B 10 02 00 00 D5 | CRC OK
I (386142) j1850: 28 1B 10 02 00 00 D5 | CRC OK
I (386207) j1850: 28 1B 10 02 00 00 D5 | CRC OK
I (386273) j1850: 28 1B 10 02 00 00 D5 | CRC OK
I (386371) j1850: 28 FF 10 01 06 1A | CRC OK
I (386436) j1850: 28 FF 10 01 06 1A | CRC OK
I (386583) j1850: 48 92 40 2A 00 00 1E | CRC OK
I (386592) j1850: 68 FF 40 03 D8 | CRC OK
I (386603) j1850: 48 DA 40 39 00 70 | CRC OK
I (386609) j1850: 68 93 60 2A 00 00 16 | CRC OK
I (386615) j1850: 29 FE 40 01 64 | CRC OK
I (386623) j1850: 48 3B 40 02 29 | CRC OK
I (386631) j1850: 28 FF 10 01 06 1A | CRC OK
I (386637) j1850: 48 3B 40 A0 B2 | CRC OK
I (386816) j1850: 48 DA 40 39 00 70 | CRC OK
I (386855) j1850: 29 FE 60 01 11 | CRC OK
I (386870) j1850: 28 FF 10 01 06 1A | CRC OK
I (387130) j1850: 68 FF 60 03 AD | CRC OK
I (388125) j1850tx: replay: frame 593 SEND FAILED [TX FAULT]
I (388275) j1850tx: replay: frame 594 SEND FAILED [TX FAULT]
I (388373) j1850: 28 FF 10 01 07 07 | CRC OK
I (388425) j1850tx: replay: frame 595 SEND FAILED [TX FAULT]
I (388439) j1850: 28 FF 10 01 07 07 | CRC OK
I (388569) j1850: 68 FF 10 03 86 | CRC OK
I (388575) j1850tx: replay: frame 596 SEND FAILED [TX FAULT]
I (388578) j1850: A8 69 10 06 00 00 17 | CRC OK
I (388583) j1850: 08 62 40 20 01 96 | CRC OK
I (388589) j1850: 28 1B 10 02 00 00 D5 | CRC OK
I (388596) j1850: 48 92 40 2A 00 00 1E | CRC OK
I (388602) j1850: 28 1B 10 02 00 00 D5 | CRC OK
I (388606) j1850: 68 FF 40 03 D8 | CRC OK
I (388613) j1850: 48 29 10 02 00 00 56 | CRC OK
I (388613) j1850: speed: raw=0 -> 0 mph (counts/188, km/h-native; DIV provisional, GPS to lock)
I (388618) j1850: 48 DA 40 39 00 70 | CRC OK
I (388623) j1850: 48 3B 40 02 29 | CRC OK
I (388627) j1850: 68 88 10 03 44 | CRC OK
I (388632) j1850: 48 3B 40 A0 B2 | CRC OK
I (388637) j1850: C8 88 10 0E BA | CRC OK
I (388644) j1850: A8 3B 10 03 00 00 | CRC OK
I (388644) j1850: load: raw=0x00 (A8 3B 10 param; not gear)
I (388650) j1850: A8 49 10 10 48 47 | CRC OK
I (388650) j1850: temp: raw=0x48 (72) -> 32 C (raw-40, ride-1 confirmed)
I (388655) j1850: C8 89 60 03 9F | CRC OK
I (388661) j1850: A8 83 10 0A 00 00 C3 | CRC OK
I (388665) j1850: E8 89 60 0E 54 | CRC OK
I (388672) j1850: 28 1B 10 02 00 00 D5 | CRC OK
I (388678) j1850: 68 93 60 2A 00 00 16 | CRC OK
I (388685) j1850: 28 93 10 02 00 8C | CRC OK
I (388693) j1850: 08 63 10 20 01 73 | CRC OK
I (388701) j1850: 68 88 10 0B AC | CRC OK
I (388709) j1850: 68 63 10 26 00 85 | CRC OK
I (388717) j1850: 68 62 10 01 E1 | CRC OK
I (388725) j1850: 68 62 10 21 66 | CRC OK
I (388735) j1850: 28 1B 10 02 00 00 D5 | CRC OK
I (388741) j1850: 09 63 10 20 B7 | CRC OK
I (388754) j1850: 08 62 40 20 01 96 | CRC OK
I (388767) j1850: 08 63 10 20 01 73 | CRC OK
I (388800) j1850: 28 1B 10 02 00 00 D5 | CRC OK
I (388830) j1850: 09 63 10 20 B7 | CRC OK
I (388837) j1850: 48 DA 40 39 00 70 | CRC OK
I (388846) j1850: 08 62 40 20 01 96 | CRC OK
I (388857) j1850: 08 63 10 20 01 73 | CRC OK
I (388866) j1850: 28 1B 10 02 00 00 D5 | CRC OK
I (388914) j1850: A8 3B 10 03 00 00 | CRC OK
I (388914) j1850: load: raw=0x00 (A8 3B 10 param; not gear)
I (388931) j1850: 28 1B 10 02 00 00 D5 | CRC OK
I (388997) j1850: 28 1B 10 02 00 00 D5 | CRC OK
I (389062) j1850: 28 1B 10 02 00 00 D5 | CRC OK
I (389128) j1850: 28 1B 10 02 00 00 D5 | CRC OK
I (389171) j1850: 69 28 60 02 1F | CRC OK
I (389177) j1850: 69 93 60 2A 18 | CRC OK
I (389184) j1850: 48 29 10 02 00 00 56 | CRC OK
I (389184) j1850: speed: raw=0 -> 0 mph (counts/188, km/h-native; DIV provisional, GPS to lock)
I (389188) j1850: 68 FF 60 03 AD | CRC OK
I (389194) j1850: 28 1B 10 02 00 00 D5 | CRC OK
I (389202) j1850: 48 92 40 2A 00 00 1E | CRC OK
I (389225) j1850: 68 93 60 2A 00 00 16 | CRC OK
I (389259) j1850: 28 1B 10 02 00 00 D5 | CRC OK
I (389325) j1850: 28 1B 10 02 00 00 D5 | CRC OK
I (389390) j1850: 28 1B 10 02 00 00 D5 | CRC OK
I (389406) j1850: A8 3B 10 03 00 00 | CRC OK
I (389406) j1850: load: raw=0x00 (A8 3B 10 param; not gear)
I (389456) j1850: 28 1B 10 02 00 00 D5 | CRC OK
I (389521) j1850: 28 1B 10 02 00 00 D5 | CRC OK
I (389536) j1850: 68 88 10 03 44 | CRC OK
I (389543) j1850: C8 88 10 0E BA | CRC OK
I (389549) j1850: C8 89 60 03 9F | CRC OK
I (389571) j1850: E8 89 60 0E 54 | CRC OK
I (389587) j1850: 28 1B 10 02 00 00 D5 | CRC OK
I (389652) j1850: 28 1B 10 02 00 00 D5 | CRC OK
I (389718) j1850: 28 1B 10 02 00 00 D5 | CRC OK
I (389783) j1850: 28 1B 10 02 00 00 D5 | CRC OK
I (389849) j1850: 28 1B 10 02 00 00 D5 | CRC OK
I (389898) j1850: A8 3B 10 03 00 00 | CRC OK
I (389898) j1850: load: raw=0x00 (A8 3B 10 param; not gear)
I (389914) j1850: 28 1B 10 02 00 00 D5 | CRC OK
I (389980) j1850: 28 1B 10 02 00 00 D5 | CRC OK
I (390046) j1850: 28 1B 10 02 00 00 D5 | CRC OK
I (390111) j1850: 28 1B 10 02 00 00 D5 | CRC OK
I (390177) j1850: 28 1B 10 02 00 00 D5 | CRC OK
I (390242) j1850: 28 1B 10 02 00 00 D5 | CRC OK
I (390308) j1850: 28 1B 10 02 00 00 D5 | CRC OK
I (390373) j1850: 28 1B 10 02 00 00 D5 | CRC OK
I (390389) j1850: A8 3B 10 03 00 00 | CRC OK
I (390389) j1850: load: raw=0x00 (A8 3B 10 param; not gear)
I (390439) j1850: 28 1B 10 02 00 00 D5 | CRC OK
I (390489) j1850: 68 FF 40 03 D8 | CRC OK
I (390504) j1850: 28 1B 10 02 00 00 D5 | CRC OK
I (390536) j1850: 68 FF 10 03 86 | CRC OK
I (390544) j1850: 68 88 10 03 44 | CRC OK
I (390552) j1850: C8 88 10 0E BA | CRC OK
I (390566) j1850: C8 89 60 03 9F | CRC OK
I (390572) j1850: 28 1B 10 02 00 00 D5 | CRC OK
I (390578) j1850: E8 89 60 0E 54 | CRC OK
I (390635) j1850: 28 1B 10 02 00 00 D5 | CRC OK
I (390666) j1850: 68 FF 60 03 AD | CRC OK
I (390701) j1850: 28 1B 10 02 00 00 D5 | CRC OK
I (390725) j1850tx: replay: frame 597 SEND FAILED [TX FAULT]
I (390766) j1850: 28 1B 10 02 00 00 D5 | CRC OK
I (390832) j1850: 28 1B 10 02 00 00 D5 | CRC OK
I (390875) j1850tx: replay: frame 598 SEND FAILED [TX FAULT]
I (390881) j1850: A8 3B 10 03 00 00 | CRC OK
I (390881) j1850: load: raw=0x00 (A8 3B 10 param; not gear)
I (390898) j1850: 28 1B 10 02 00 00 D5 | CRC OK
I (390963) j1850: 28 1B 10 02 00 00 D5 | CRC OK
I (391025) j1850tx: replay: frame 599 SEND FAILED [TX FAULT]
I (391029) j1850: 28 1B 10 02 00 00 D5 | CRC OK
I (391094) j1850: 28 1B 10 02 00 00 D5 | CRC OK
I (391160) j1850: 28 1B 10 02 00 00 D5 | CRC OK
I (391175) j1850tx: replay: frame 600 SEND FAILED [TX FAULT]
I (391225) j1850: 28 1B 10 02 00 00 D5 | CRC OK
I (391271) j1850: 48 DA 40 39 00 70 | CRC OK
I (391291) j1850: 28 1B 10 02 00 00 D5 | CRC OK
I (391356) j1850: 28 1B 10 02 00 00 D5 | CRC OK
I (391372) j1850: A8 3B 10 03 00 00 | CRC OK
I (391372) j1850: load: raw=0x00 (A8 3B 10 param; not gear)
I (391422) j1850: 28 1B 10 02 00 00 D5 | CRC OK
I (391487) j1850: 28 1B 10 02 00 00 D5 | CRC OK
I (391535) j1850: 68 88 10 03 44 | CRC OK
I (391544) j1850: C8 88 10 0E BA | CRC OK
I (391553) j1850: 28 1B 10 02 00 00 D5 | CRC OK
I (391564) j1850: C8 89 60 03 9F | CRC OK
I (391570) j1850: E8 89 60 0E 54 | CRC OK
I (391618) j1850: 28 1B 10 02 00 00 D5 | CRC OK
I (391684) j1850: 28 1B 10 02 00 00 D5 | CRC OK
I (391750) j1850: 28 1B 10 02 00 00 D5 | CRC OK
I (391815) j1850: 28 1B 10 02 00 00 D5 | CRC OK
I (391864) j1850: A8 3B 10 03 00 00 | CRC OK
I (391864) j1850: load: raw=0x00 (A8 3B 10 param; not gear)
I (391881) j1850: 28 1B 10 02 00 00 D5 | CRC OK
I (391946) j1850: 28 1B 10 02 00 00 D5 | CRC OK
I (392012) j1850: 28 1B 10 02 00 00 D5 | CRC OK
I (392077) j1850: 28 1B 10 02 00 00 D5 | CRC OK
I (392143) j1850: 28 1B 10 02 00 00 D5 | CRC OK
I (392208) j1850: 28 1B 10 02 00 00 D5 | CRC OK
I (392274) j1850: 28 1B 10 02 00 00 D5 | CRC OK
I (392339) j1850: 28 1B 10 02 00 00 D5 | CRC OK
I (392355) j1850: A8 3B 10 03 00 00 | CRC OK
I (392355) j1850: load: raw=0x00 (A8 3B 10 param; not gear)
I (392405) j1850: 28 1B 10 02 00 00 D5 | CRC OK
I (392470) j1850: 28 1B 10 02 00 00 D5 | CRC OK
I (392519) j1850: 68 FF 40 03 D8 | CRC OK
I (392535) j1850: 68 FF 10 03 86 | CRC OK
I (392544) j1850: 28 1B 10 02 00 00 D5 | CRC OK
I (392551) j1850: 68 88 10 03 44 | CRC OK
I (392558) j1850: C8 88 10 0E BA | CRC OK
I (392564) j1850: C8 89 60 03 9F | CRC OK
I (392584) j1850: E8 89 60 0E 54 | CRC OK
I (392602) j1850: 28 1B 10 02 00 00 D5 | CRC OK
I (392667) j1850: 28 1B 10 02 00 00 D5 | CRC OK
I (392684) j1850: 68 FF 60 03 AD | CRC OK
I (392733) j1850: 28 1B 10 02 00 00 D5 | CRC OK
I (392798) j1850: 28 1B 10 02 00 00 D5 | CRC OK
I (392826) j1850: stats: 1388 frames, 1 bad CRC, 0 overruns, 13013 edges, 0 same-level
I (392847) j1850: A8 3B 10 03 00 00 | CRC OK
I (392847) j1850: load: raw=0x00 (A8 3B 10 param; not gear)
I (392864) j1850: 28 1B 10 02 00 00 D5 | CRC OK
I (392929) j1850: 28 1B 10 02 00 00 D5 | CRC OK
I (392995) j1850: 28 1B 10 02 00 00 D5 | CRC OK
I (393060) j1850: 28 1B 10 02 00 00 D5 | CRC OK
I (393126) j1850: 28 1B 10 02 00 00 D5 | CRC OK
I (393191) j1850: 28 1B 10 02 00 00 D5 | CRC OK
I (393257) j1850: 28 1B 10 02 00 00 D5 | CRC OK
I (393322) j1850: 28 1B 10 02 00 00 D5 | CRC OK
I (393325) j1850tx: replay: frame 601 SEND FAILED [TX FAULT]
I (393338) j1850: A8 3B 10 03 00 00 | CRC OK
I (393338) j1850: load: raw=0x00 (A8 3B 10 param; not gear)
I (393388) j1850: 28 1B 10 02 00 00 D5 | CRC OK
I (393454) j1850: 28 1B 10 02 00 00 D5 | CRC OK
I (393475) j1850tx: replay: frame 602 SEND FAILED [TX FAULT]
I (393519) j1850: 28 1B 10 02 00 00 D5 | CRC OK
I (393534) j1850: 68 88 10 03 44 | CRC OK
I (393542) j1850: C8 88 10 0E BA | CRC OK
I (393564) j1850: C8 89 60 03 9F | CRC OK
I (393570) j1850: E8 89 60 0E 54 | CRC OK
I (393585) j1850: 28 1B 10 02 00 00 D5 | CRC OK
I (393625) j1850tx: replay: frame 603 SEND FAILED [TX FAULT]
I (393650) j1850: 28 1B 10 02 00 00 D5 | CRC OK
I (393707) j1850: 48 DA 40 39 00 70 | CRC OK
I (393716) j1850: 28 1B 10 02 00 00 D5 | CRC OK
I (393775) j1850tx: replay: frame 604 SEND FAILED [TX FAULT]
I (393781) j1850: 28 1B 10 02 00 00 D5 | CRC OK
I (393830) j1850: A8 3B 10 03 00 00 | CRC OK
I (393830) j1850: load: raw=0x00 (A8 3B 10 param; not gear)
I (393847) j1850: 28 1B 10 02 00 00 D5 | CRC OK
I (393912) j1850: 28 1B 10 02 00 00 D5 | CRC OK
I (393978) j1850: 28 1B 10 02 00 00 D5 | CRC OK
I (394043) j1850: 28 1B 10 02 00 00 D5 | CRC OK
I (394109) j1850: 28 1B 10 02 00 00 D5 | CRC OK
I (394174) j1850: 28 1B 10 02 00 00 D5 | CRC OK
I (394240) j1850: 28 1B 10 02 00 00 D5 | CRC OK
I (394305) j1850: 28 1B 10 02 00 00 D5 | CRC OK
I (394321) j1850: A8 3B 10 03 00 00 | CRC OK
I (394321) j1850: load: raw=0x00 (A8 3B 10 param; not gear)
I (394371) j1850: 28 1B 10 02 00 00 D5 | CRC OK
I (394469) j1850: 28 FF 10 01 06 1A | CRC OK
I (394534) j1850: 28 FF 10 01 06 1A | CRC OK
I (394683) j1850: 48 92 40 2A 00 00 1E | CRC OK
I (394692) j1850: 68 FF 40 03 D8 | CRC OK
I (394703) j1850: 48 DA 40 39 00 70 | CRC OK
I (394712) j1850: 29 FE 40 01 64 | CRC OK
I (394721) j1850: 28 FF 10 01 06 1A | CRC OK
I (394725) j1850: 29 FE 60 01 11 | CRC OK
I (394731) j1850: 48 3B 40 02 29 | CRC OK
I (394737) j1850: 68 93 60 2A 00 00 16 | CRC OK
I (394743) j1850: 28 FF 10 01 06 1A | CRC OK
I (394749) j1850: 48 3B 40 A0 B2 | CRC OK
I (394915) j1850: 48 DA 40 39 00 70 | CRC OK
I (395248) j1850: 69 93 60 2A 18 | CRC OK
I (395260) j1850: 48 92 40 2A 00 00 1E | CRC OK
I (395266) j1850: 68 FF 60 03 AD | CRC OK
I (395275) j1850: 68 93 60 2A 00 00 16 | CRC OK
I (395925) j1850tx: replay: frame 605 SEND FAILED [TX FAULT]
I (396075) j1850tx: replay: frame 606 SEND FAILED [TX FAULT]
I (396225) j1850tx: replay: frame 607 SEND FAILED [TX FAULT]
I (396375) j1850tx: replay: frame 608 SEND FAILED [TX FAULT]
I (396589) j1850: 68 FF 40 03 D8 | CRC OK
I (396717) j1850: 29 FE 60 01 11 | CRC OK
I (396725) j1850: 68 FF 60 03 AD | CRC OK
I (396734) j1850: 28 FF 10 01 06 1A | CRC OK
I (397351) j1850: 48 DA 40 39 00 70 | CRC OK
I (398525) j1850tx: replay: frame 609 SEND FAILED [TX FAULT]
I (398619) j1850: 68 FF 40 03 D8 | CRC OK
I (398675) j1850tx: replay: frame 610 SEND FAILED [TX FAULT]
I (398733) j1850: 29 FE 60 01 11 | CRC OK
I (398739) j1850: 68 FF 60 03 AD | CRC OK
I (398825) j1850tx: replay: frame 611 SEND FAILED [TX FAULT]
I (398975) j1850tx: replay: frame 612 SEND FAILED [TX FAULT]
I (399027) j1850: 28 FF 10 01 07 07 | CRC OK
I (399093) j1850: 28 FF 10 01 07 07 | CRC OK
I (399223) j1850: 68 FF 10 03 86 | CRC OK
I (399233) j1850: A8 69 10 06 00 00 17 | CRC OK
I (399239) j1850: 08 62 40 20 01 96 | CRC OK
I (399245) j1850: 28 1B 10 02 00 00 D5 | CRC OK
I (399251) j1850: 48 92 40 2A 00 00 1E | CRC OK
I (399257) j1850: 28 1B 10 02 00 00 D5 | CRC OK
I (399263) j1850: 68 93 60 2A 00 00 16 | CRC OK
I (399269) j1850: 48 29 10 02 00 00 56 | CRC OK
I (399269) j1850: speed: raw=0 -> 0 mph (counts/188, km/h-native; DIV provisional, GPS to lock)
I (399275) j1850: 68 FF 40 03 D8 | CRC OK
I (399279) j1850: 68 88 10 03 44 | CRC OK
I (399284) j1850: 48 DA 40 39 00 70 | CRC OK
I (399289) j1850: C8 88 10 0E BA | CRC OK
I (399294) j1850: 48 3B 40 02 29 | CRC OK
I (399299) j1850: A8 3B 10 03 00 00 | CRC OK
I (399299) j1850: load: raw=0x00 (A8 3B 10 param; not gear)
I (399304) j1850: 48 3B 40 A0 B2 | CRC OK
I (399309) j1850: A8 49 10 10 48 47 | CRC OK
I (399309) j1850: temp: raw=0x48 (72) -> 32 C (raw-40, ride-1 confirmed)
I (399314) j1850: C8 89 60 03 9F | CRC OK
I (399319) j1850: E8 89 60 0E 54 | CRC OK
I (399326) j1850: 28 1B 10 02 00 00 D5 | CRC OK
I (399340) j1850: A8 83 10 0A 00 00 C3 | CRC OK
I (399347) j1850: 28 93 10 02 00 8C | CRC OK
I (399355) j1850: 08 63 10 20 01 73 | CRC OK
I (399363) j1850: 68 88 10 0B AC | CRC OK
I (399372) j1850: A8 3B 10 03 00 00 | CRC OK
I (399372) j1850: load: raw=0x00 (A8 3B 10 param; not gear)
I (399380) j1850: 68 63 10 26 00 85 | CRC OK
I (399389) j1850: 28 1B 10 02 00 00 D5 | CRC OK
I (399395) j1850: 68 62 10 01 E1 | CRC OK
I (399404) j1850: 68 62 10 21 66 | CRC OK
I (399412) j1850: 09 63 10 20 B7 | CRC OK
I (399422) j1850: 08 62 40 20 01 96 | CRC OK
I (399437) j1850: 08 63 10 20 01 73 | CRC OK
I (399454) j1850: 28 1B 10 02 00 00 D5 | CRC OK
I (399486) j1850: 09 63 10 20 B7 | CRC OK
I (399494) j1850: 08 62 40 20 01 96 | CRC OK
I (399504) j1850: 48 DA 40 39 00 70 | CRC OK
I (399511) j1850: 08 63 10 20 01 73 | CRC OK
I (399520) j1850: 28 1B 10 02 00 00 D5 | CRC OK
I (399585) j1850: 28 1B 10 02 00 00 D5 | CRC OK
I (399651) j1850: 28 1B 10 02 00 00 D5 | CRC OK
I (399716) j1850: 28 1B 10 02 00 00 D5 | CRC OK
I (399780) j1850: 28 1B 10 02 00 00 D5 | CRC OK
I (399786) j1850: 68 FF 60 03 AD | CRC OK
I (399848) j1850: 28 1B 10 02 00 00 D5 | CRC OK
I (399863) j1850: A8 3B 10 03 00 00 | CRC OK
I (399863) j1850: load: raw=0x00 (A8 3B 10 param; not gear)
I (399913) j1850: 28 1B 10 02 00 00 D5 | CRC OK
I (399979) j1850: 28 1B 10 02 00 00 D5 | CRC OK
I (400044) j1850: 28 1B 10 02 00 00 D5 | CRC OK
I (400110) j1850: 28 1B 10 02 00 00 D5 | CRC OK
I (400157) j1850: 68 88 10 03 44 | CRC OK
I (400166) j1850: C8 88 10 0E BA | CRC OK
I (400175) j1850: 28 1B 10 02 00 00 D5 | CRC OK
I (400180) j1850: C8 89 60 03 9F | CRC OK
I (400186) j1850: E8 89 60 0E 54 | CRC OK
I (400241) j1850: 28 1B 10 02 00 00 D5 | CRC OK
I (400306) j1850: 28 1B 10 02 00 00 D5 | CRC OK
I (400355) j1850: A8 3B 10 03 00 00 | CRC OK
I (400355) j1850: load: raw=0x00 (A8 3B 10 param; not gear)
I (400372) j1850: 28 1B 10 02 00 00 D5 | CRC OK
I (400437) j1850: 28 1B 10 02 00 00 D5 | CRC OK
I (400503) j1850: 28 1B 10 02 00 00 D5 | CRC OK
I (400568) j1850: 28 1B 10 02 00 00 D5 | CRC OK
I (400634) j1850: 28 1B 10 02 00 00 D5 | CRC OK
I (400700) j1850: 28 1B 10 02 00 00 D5 | CRC OK
I (400765) j1850: 28 1B 10 02 00 00 D5 | CRC OK
I (400831) j1850: 28 1B 10 02 00 00 D5 | CRC OK
I (400846) j1850: A8 3B 10 03 00 00 | CRC OK
I (400846) j1850: load: raw=0x00 (A8 3B 10 param; not gear)
I (400896) j1850: 28 1B 10 02 00 00 D5 | CRC OK
I (400962) j1850: 28 1B 10 02 00 00 D5 | CRC OK
I (401027) j1850: 28 1B 10 02 00 00 D5 | CRC OK
I (401093) j1850: 28 1B 10 02 00 00 D5 | CRC OK
I (401125) j1850tx: replay: frame 613 SEND FAILED [TX FAULT]
I (401147) j1850: 68 FF 40 03 D8 | CRC OK
I (401157) j1850: 68 FF 10 03 86 | CRC OK
I (401166) j1850: 28 1B 10 02 00 00 D5 | CRC OK
I (401173) j1850: 68 88 10 03 44 | CRC OK
I (401182) j1850: C8 88 10 0E BA | CRC OK
I (401201) j1850: C8 89 60 03 9F | CRC OK
I (401207) j1850: E8 89 60 0E 54 | CRC OK
I (401224) j1850: 28 1B 10 02 00 00 D5 | CRC OK
I (401274) j1850: 68 FF 60 03 AD | CRC OK
I (401275) j1850tx: replay: frame 614 SEND FAILED [TX FAULT]
I (401289) j1850: 28 1B 10 02 00 00 D5 | CRC OK
I (401338) j1850: A8 3B 10 03 00 00 | CRC OK
I (401338) j1850: load: raw=0x00 (A8 3B 10 param; not gear)
I (401355) j1850: 28 1B 10 02 00 00 D5 | CRC OK
I (401420) j1850: 28 1B 10 02 00 00 D5 | CRC OK
I (401425) j1850tx: replay: frame 615 SEND FAILED [TX FAULT]
I (401486) j1850: 28 1B 10 02 00 00 D5 | CRC OK
I (401552) j1850: 28 1B 10 02 00 00 D5 | CRC OK
I (401575) j1850tx: replay: frame 616 SEND FAILED [TX FAULT]
I (401617) j1850: 28 1B 10 02 00 00 D5 | CRC OK
I (401683) j1850: 28 1B 10 02 00 00 D5 | CRC OK
I (401748) j1850: 28 1B 10 02 00 00 D5 | CRC OK
I (401814) j1850: 28 1B 10 02 00 00 D5 | CRC OK
I (401830) j1850: A8 3B 10 03 00 00 | CRC OK
I (401830) j1850: load: raw=0x00 (A8 3B 10 param; not gear)
I (401879) j1850: 28 1B 10 02 00 00 D5 | CRC OK
I (401937) j1850: 48 DA 40 39 00 70 | CRC OK
I (401945) j1850: 28 1B 10 02 00 00 D5 | CRC OK
I (402010) j1850: 28 1B 10 02 00 00 D5 | CRC OK
I (402076) j1850: 28 1B 10 02 00 00 D5 | CRC OK
I (402141) j1850: 28 1B 10 02 00 00 D5 | CRC OK
I (402156) j1850: 68 88 10 03 44 | CRC OK
I (402165) j1850: C8 88 10 0E BA | CRC OK
I (402173) j1850: C8 89 60 03 9F | CRC OK
I (402183) j1850: E8 89 60 0E 54 | CRC OK
